Archive member included to satisfy reference by file (symbol)

C:/msys64/opt/wonderful/thirdparty/blocksds/core/libs/libnds/lib\libnds9.a(cp15.s.o)
                              C:/msys64/opt/wonderful/thirdparty/blocksds/core/sys/crts/ds_arm9_crt0.o (CP15_FlushICache)
C:/msys64/opt/wonderful/thirdparty/blocksds/core/libs/libnds/lib\libnds9.a(mpu_setup.s.o)
                              C:/msys64/opt/wonderful/thirdparty/blocksds/core/sys/crts/ds_arm9_crt0.o (__libnds_mpu_setup)
C:/msys64/opt/wonderful/thirdparty/blocksds/core/libs/libnds/lib\libnds9.a(memcpy.s.o)
                              build/DStimer/source/gui.c.o (memcpy)
C:/msys64/opt/wonderful/thirdparty/blocksds/core/libs/libnds/lib\libnds9.a(memset.s.o)
                              build/DStimer/source/gui.c.o (memset)
C:/msys64/opt/wonderful/thirdparty/blocksds/core/libs/libnds/lib\libnds9.a(console.c.o)
                              build/DStimer/source/main.c.o (consoleDemoInit)
C:/msys64/opt/wonderful/thirdparty/blocksds/core/libs/libnds/lib\libnds9.a(crt0_argv.c.o)
                              C:/msys64/opt/wonderful/thirdparty/blocksds/core/sys/crts/ds_arm9_crt0.o (build_argv)
C:/msys64/opt/wonderful/thirdparty/blocksds/core/libs/libnds/lib\libnds9.a(iob.c.o)
                              C:/msys64/opt/wonderful/thirdparty/blocksds/core/libs/libnds/lib\libnds9.a(console.c.o) (stderr)
C:/msys64/opt/wonderful/thirdparty/blocksds/core/libs/libnds/lib\libnds9.a(cache.c.o)
                              C:/msys64/opt/wonderful/thirdparty/blocksds/core/libs/libnds/lib\libnds9.a(console.c.o) (CP15_CleanAndFlushDCacheRange)
C:/msys64/opt/wonderful/thirdparty/blocksds/core/libs/libnds/lib\libnds9.a(initSystem.c.o)
                              C:/msys64/opt/wonderful/thirdparty/blocksds/core/sys/crts/ds_arm9_crt0.o (__debugger_unit)
C:/msys64/opt/wonderful/thirdparty/blocksds/core/libs/libnds/lib\libnds9.a(keys.c.o)
                              build/DStimer/source/main.c.o (scanKeys)
C:/msys64/opt/wonderful/thirdparty/blocksds/core/libs/libnds/lib\libnds9.a(securearea.c.o)
                              C:/msys64/opt/wonderful/thirdparty/blocksds/core/sys/crts/ds_arm9_crt0.o (__secure_area__)
C:/msys64/opt/wonderful/thirdparty/blocksds/core/libs/libnds/lib\libnds9.a(system.c.o)
                              C:/msys64/opt/wonderful/thirdparty/blocksds/core/libs/libnds/lib\libnds9.a(initSystem.c.o) (systemValueHandler)
C:/msys64/opt/wonderful/thirdparty/blocksds/core/libs/libnds/lib\libnds9.a(background.c.o)
                              C:/msys64/opt/wonderful/thirdparty/blocksds/core/libs/libnds/lib\libnds9.a(console.c.o) (bgState)
C:/msys64/opt/wonderful/thirdparty/blocksds/core/libs/libnds/lib\libnds9.a(gl2d.c.o)
                              build/DStimer/source/main.c.o (glScreen2D)
C:/msys64/opt/wonderful/thirdparty/blocksds/core/libs/libnds/lib\libnds9.a(sprite.c.o)
                              build/DStimer/source/main.c.o (oamMain)
C:/msys64/opt/wonderful/thirdparty/blocksds/core/libs/libnds/lib\libnds9.a(sprite_alloc.c.o)
                              C:/msys64/opt/wonderful/thirdparty/blocksds/core/libs/libnds/lib\libnds9.a(sprite.c.o) (oamAllocReset)
C:/msys64/opt/wonderful/thirdparty/blocksds/core/libs/libnds/lib\libnds9.a(video.c.o)
                              C:/msys64/opt/wonderful/thirdparty/blocksds/core/libs/libnds/lib\libnds9.a(console.c.o) (setBrightness)
C:/msys64/opt/wonderful/thirdparty/blocksds/core/libs/libnds/lib\libnds9.a(videoGL.c.o)
                              C:/msys64/opt/wonderful/thirdparty/blocksds/core/libs/libnds/lib\libnds9.a(gl2d.c.o) (glOrthof32)
C:/msys64/opt/wonderful/thirdparty/blocksds/core/libs/libnds/lib\libnds9.a(threads.c.o)
                              C:/msys64/opt/wonderful/thirdparty/blocksds/core/libs/libnds/lib\libnds9.a(iob.c.o) (cothread_yield_irq)
C:/msys64/opt/wonderful/thirdparty/blocksds/core/libs/libnds/lib\libnds9.a(debugprint.c.o)
                              C:/msys64/opt/wonderful/thirdparty/blocksds/core/libs/libnds/lib\libnds9.a(console.c.o) (nocash_putc_buffered)
C:/msys64/opt/wonderful/thirdparty/blocksds/core/libs/libnds/lib\libnds9.a(exceptions.c.o)
                              C:/msys64/opt/wonderful/thirdparty/blocksds/core/libs/libnds/lib\libnds9.a(threads.c.o) (libndsCrash)
C:/msys64/opt/wonderful/thirdparty/blocksds/core/libs/libnds/lib\libnds9.a(fifosystem.c.o)
                              C:/msys64/opt/wonderful/thirdparty/blocksds/core/libs/libnds/lib\libnds9.a(system.c.o) (fifoSendValue32)
C:/msys64/opt/wonderful/thirdparty/blocksds/core/libs/libnds/lib\libnds9.a(interrupts.c.o)
                              C:/msys64/opt/wonderful/thirdparty/blocksds/core/libs/libnds/lib\libnds9.a(fifosystem.c.o) (irqSet)
C:/msys64/opt/wonderful/thirdparty/blocksds/core/libs/libnds/lib\libnds9.a(exit.c.o)
                              C:/msys64/opt/wonderful/thirdparty/blocksds/core/sys/crts/ds_arm9_crt0.o (__libnds_exit)
[...]
Memory Configuration

Name             Origin             Length             Attributes
ewram            0x02000000         0x00380000
dtcm             0x02ff0000         0x00004000
itcm             0x01000000         0x00008000
*default*        0x00000000         0xffffffff

Linker script and memory map

                0x00000000                        PROVIDE (__dtcm_data_size = 0x0)
                0x00000001                        ASSERT (((__dtcm_data_size & 0x3) == 0x0), __dtcm_data_size must be a multiple of 4)
                0x00004000                        PROVIDE (__dldi_size = 0x4000)
                0x00000040                        PROVIDE (__dtcm_reserved_size = 0x40)
                0x00000001                        ASSERT (((__dtcm_reserved_size & 0x3) == 0x0), __dtcm_reserved_size must be a multiple of 4)
                0x00000100                        PROVIDE (__svc_stack_size = 0x100)
                0x00000001                        ASSERT (((__svc_stack_size & 0x3) == 0x0), __svc_stack_size must be a multiple of 4)
                0x00000100                        PROVIDE (__irq_stack_size = 0x100)
                0x00000001                        ASSERT (((__irq_stack_size & 0x3) == 0x0), __irq_stack_size must be a multiple of 4)
                0x00000000                        PROVIDE (__usr_stack_size = 0x0)
                0x00000001                        ASSERT (((__usr_stack_size & 0x3) == 0x0), __usr_stack_size must be a multiple of 4)
                0x02380000                        __ewram_end = (ORIGIN (ewram) + LENGTH (ewram))
                0x02380000                        __eheap_end = (ORIGIN (ewram) + LENGTH (ewram))
                0x02ff0000                        __dtcm_start = ORIGIN (dtcm)
                0x02ff4000                        __dtcm_top = (ORIGIN (dtcm) + LENGTH (dtcm))
                0x02ff3ff8                        __irq_flags = (__dtcm_top - 0x8)
                0x02ff3ffc                        __irq_vector = (__dtcm_top - 0x4)
                0x02ff3fc0                        __sp_svc = (__dtcm_top - __dtcm_reserved_size)
                0x02ff3ec0                        __sp_irq = (__sp_svc - __svc_stack_size)
                0x02ff3dc0                        __sp_usr = ((__sp_irq - __irq_stack_size) - __dtcm_data_size)
                0x02ff0000                        __dtcm_data_start = (__dtcm_data_size > 0x0)?__sp_usr:ORIGIN (dtcm)
                0x02ff3dc0                        __dtcm_data_top = (__dtcm_data_size > 0x0)?(__sp_irq - __irq_stack_size):(__sp_usr - __usr_stack_size)
                0x0000000e                        __dldi_log2_size = (LOG2CEIL ((__dldi_size + 0x1)) - 0x1)

.secure         0x02000000      0x800
 *(.secure)
 .secure        0x02000000      0x800 C:/msys64/opt/wonderful/thirdparty/blocksds/core/libs/libnds/lib\libnds9.a(securearea.c.o)
                0x02000000                __secure_area__

.crt0           0x02000800      0x2f0
                0x02000800                        __text_start = .
 *(.crt0)
 .crt0          0x02000800      0x2f0 C:/msys64/opt/wonderful/thirdparty/blocksds/core/sys/crts/ds_arm9_crt0.o
                0x02000800                _start
                0x02000af0                        . = ALIGN (0x4)

.dldi           0x02000b00     0x4000
                0x02000b00                        __dldi_start = .
 *(.dldi)
 .dldi          0x02000b00       0x88 C:/msys64/opt/wonderful/thirdparty/blocksds/core/libs/libnds/lib\libnds9.a(dldi_stub.s.o)
                0x02000b00                _io_dldi_stub
                0x02000b88                        . = ALIGN (0x4)
                0x02000b88                        __dldi_data_end = .
                0x02004b00                        __dldi_end = (__dldi_data_end > __dldi_start)?(__dldi_start + __dldi_size):__dldi_start
                0x02004b00                        . = __dldi_end
 *fill*         0x02000b88     0x3f78 00
                0x02004b00                        . = ALIGN (0x4)

.plt
 *(.plt)

.init           0x02004b00        0x8
 *(SORT_NONE(.init))
 .init          0x02004b00        0x8 C:/msys64/opt/wonderful/toolchain/gcc-arm-none-eabi/lib/gcc/arm-none-eabi/15.2.1/thumb/arm946e-s/crtn.o

.text           0x02004b08     0xe278
 *(EXCLUDE_FILE(*.twl* *.itcm*) .text)
 .text          0x02004b08       0x10 C:/msys64/opt/wonderful/toolchain/gcc-arm-none-eabi/lib/gcc/arm-none-eabi/15.2.1/../../../../arm-none-eabi/lib/thumb/arm946e-s\libc.a(strcpy.S.o)
                0x02004b08                strcpy
 .text          0x02004b18        0xe C:/msys64/opt/wonderful/toolchain/gcc-arm-none-eabi/lib/gcc/arm-none-eabi/15.2.1/../../../../arm-none-eabi/lib/thumb/arm946e-s\libc.a(strlen.S.o)
                0x02004b18                strlen
 *fill*         0x02004b26        0x2 ff
 .text          0x02004b28       0x14 C:/msys64/opt/wonderful/toolchain/gcc-arm-none-eabi/lib/gcc/arm-none-eabi/15.2.1/thumb/arm946e-s\libgcc.a(_thumb1_case_uqi.o)
                0x02004b28                __gnu_thumb1_case_uqi
 .text          0x02004b3c       0x14 C:/msys64/opt/wonderful/toolchain/gcc-arm-none-eabi/lib/gcc/arm-none-eabi/15.2.1/thumb/arm946e-s\libgcc.a(_thumb1_case_uhi.o)
                0x02004b3c                __gnu_thumb1_case_uhi
 .text          0x02004b50      0x214 C:/msys64/opt/wonderful/toolchain/gcc-arm-none-eabi/lib/gcc/arm-none-eabi/15.2.1/thumb/arm946e-s\libgcc.a(_udivsi3.o)
                0x02004b50                __aeabi_uidiv
                0x02004b50                __udivsi3
                0x02004d44                __aeabi_uidivmod
 .text          0x02004d64      0x248 C:/msys64/opt/wonderful/toolchain/gcc-arm-none-eabi/lib/gcc/arm-none-eabi/15.2.1/thumb/arm946e-s\libgcc.a(_divsi3.o)
                0x02004d64                __divsi3
                0x02004d64                __aeabi_idiv
                0x02004f8c                __aeabi_idivmod
 .text          0x02004fac        0x4 C:/msys64/opt/wonderful/toolchain/gcc-arm-none-eabi/lib/gcc/arm-none-eabi/15.2.1/thumb/arm946e-s\libgcc.a(_dvmd_tls.o)
                0x02004fac                __aeabi_idiv0
                0x02004fac                __aeabi_ldiv0
 .text          0x02004fb0       0x18 C:/msys64/opt/wonderful/toolchain/gcc-arm-none-eabi/lib/gcc/arm-none-eabi/15.2.1/thumb/arm946e-s\libgcc.a(_lshrdi3.o)
                0x02004fb0                __lshrdi3
                0x02004fb0                __aeabi_llsr
 .text          0x02004fc8       0x1c C:/msys64/opt/wonderful/toolchain/gcc-arm-none-eabi/lib/gcc/arm-none-eabi/15.2.1/thumb/arm946e-s\libgcc.a(_ashrdi3.o)
                0x02004fc8                __aeabi_lasr
                0x02004fc8                __ashrdi3
 .text          0x02004fe4       0x18 C:/msys64/opt/wonderful/toolchain/gcc-arm-none-eabi/lib/gcc/arm-none-eabi/15.2.1/thumb/arm946e-s\libgcc.a(_ashldi3.o)
                0x02004fe4                __aeabi_llsl
                0x02004fe4                __ashldi3
 .text          0x02004ffc      0x3c0 C:/msys64/opt/wonderful/toolchain/gcc-arm-none-eabi/lib/gcc/arm-none-eabi/15.2.1/thumb/arm946e-s\libgcc.a(_arm_addsubdf3.o)
                0x02004ffc                __aeabi_drsub
                0x02005004                __aeabi_dsub
                0x02005004                __subdf3
                0x02005008                __aeabi_dadd
                0x02005008                __adddf3
                0x020052b4                __floatunsidf
                0x020052b4                __aeabi_ui2d
                0x020052d8                __floatsidf
                0x020052d8                __aeabi_i2d
                0x02005300                __aeabi_f2d
                0x02005300                __extendsfdf2
                0x02005348                __floatundidf
                0x02005348                __aeabi_ul2d
                0x0200535c                __floatdidf
                0x0200535c                __aeabi_l2d
 .text          0x020053bc       0xa0 C:/msys64/opt/wonderful/toolchain/gcc-arm-none-eabi/lib/gcc/arm-none-eabi/15.2.1/thumb/arm946e-s\libgcc.a(_arm_truncdfsf2.o)
                0x020053bc                __truncdfsf2
                0x020053bc                __aeabi_d2f
 .text          0x0200545c        0x8 C:/msys64/opt/wonderful/toolchain/gcc-arm-none-eabi/lib/gcc/arm-none-eabi/15.2.1/thumb/arm946e-s\libgcc.a(_clzsi2.o)
                0x0200545c                __clzsi2
 .text          0x02005464       0x14 C:/msys64/opt/wonderful/toolchain/gcc-arm-none-eabi/lib/gcc/arm-none-eabi/15.2.1/thumb/arm946e-s\libgcc.a(_clzdi2.o)
                0x02005464                __clzdi2
 .text          0x02005478       0xd4 C:/msys64/opt/wonderful/toolchain/gcc-arm-none-eabi/lib/gcc/arm-none-eabi/15.2.1/thumb/arm946e-s\libgcc.a(_aeabi_ldivmod.o)
                0x02005478                __aeabi_ldivmod
 .text          0x0200554c       0x3c C:/msys64/opt/wonderful/toolchain/gcc-arm-none-eabi/lib/gcc/arm-none-eabi/15.2.1/thumb/arm946e-s\libgcc.a(_aeabi_uldivmod.o)
                0x0200554c                __aeabi_uldivmod
 .text          0x02005588      0x190 C:/msys64/opt/wonderful/toolchain/gcc-arm-none-eabi/lib/gcc/arm-none-eabi/15.2.1/thumb/arm946e-s\libgcc.a(_udivmoddi4.o)
                0x02005588                __udivmoddi4
 .text          0x02005718       0x14 C:/msys64/opt/wonderful/toolchain/gcc-arm-none-eabi/lib/gcc/arm-none-eabi/15.2.1/thumb/arm946e-s\libgcc.a(muldi3.o)
                0x02005718                __muldi3
                0x02005718                __aeabi_lmul
 *(EXCLUDE_FILE(*.twl* *.itcm*) .stub)
 *(EXCLUDE_FILE(*.twl* *.itcm*) .text.*)
 .text.getSolveCount
                0x0200572c       0x40 build/DStimer/source/file_saving.c.o
                0x0200572c                getSolveCount
 .text.incrementCount
                0x0200576c       0x60 build/DStimer/source/file_saving.c.o
                0x0200576c                incrementCount
 .text.removeLastSolve
                0x020057cc       0x70 build/DStimer/source/file_saving.c.o
                0x020057cc                removeLastSolve
 .text.addSolve
                0x0200583c       0x84 build/DStimer/source/file_saving.c.o
                0x0200583c                addSolve
 .text.doFilesExist
                0x020058c0       0x54 build/DStimer/source/file_saving.c.o
                0x020058c0                doFilesExist
 .text.displaySolves
                0x02005914      0x104 build/DStimer/source/gui.c.o
                0x02005914                displaySolves
 .text.a05      0x02005a18       0xd8 build/DStimer/source/gui.c.o
                0x02005a18                a05
 .text.drawSquare
                0x02005af0      0x1c4 build/DStimer/source/gui.c.o
                0x02005af0                drawSquare
 .text.timer_handler
                0x02005cb4       0x10 build/DStimer/source/main.c.o
                0x02005cb4                timer_handler
 .text.hold_handler
                0x02005cc4       0x10 build/DStimer/source/main.c.o
                0x02005cc4                hold_handler
 .text.startup.main
                0x02005cd4      0x36c build/DStimer/source/main.c.o
                0x02005cd4                main
 .text.rotateFace
                0x02006040       0x48 build/DStimer/source/moving.c.o
                0x02006040                rotateFace
 .text.umove    0x02006088       0x54 build/DStimer/source/moving.c.o
                0x02006088                umove
 .text.uwmove   0x020060dc       0xb4 build/DStimer/source/moving.c.o
                0x020060dc                uwmove
 .text.uprimemove
                0x02006190       0x10 build/DStimer/source/moving.c.o
                0x02006190                uprimemove
 .text.rmove    0x020061a0       0xa8 build/DStimer/source/moving.c.o
                0x020061a0                rmove
 .text.rwmove   0x02006248       0xa8 build/DStimer/source/moving.c.o
                0x02006248                rwmove
 .text.rprimemove
                0x020062f0       0x10 build/DStimer/source/moving.c.o
                0x020062f0                rprimemove
 .text.dmove    0x02006300       0x78 build/DStimer/source/moving.c.o
                0x02006300                dmove
 .text.dprimemove
                0x02006378       0x10 build/DStimer/source/moving.c.o
                0x02006378                dprimemove
 .text.dwmove   0x02006388       0x78 build/DStimer/source/moving.c.o
                0x02006388                dwmove
 .text.fmove    0x02006400       0xb4 build/DStimer/source/moving.c.o
                0x02006400                fmove
 .text.fwmove   0x020064b4       0xb4 build/DStimer/source/moving.c.o
                0x020064b4                fwmove
 .text.fprimemove
                0x02006568       0x10 build/DStimer/source/moving.c.o
                0x02006568                fprimemove
 .text.bmove    0x02006578       0xac build/DStimer/source/moving.c.o
                0x02006578                bmove
 .text.bwmove   0x02006624       0xb4 build/DStimer/source/moving.c.o
                0x02006624                bwmove
 .text.bprimemove
                0x020066d8       0x10 build/DStimer/source/moving.c.o
                0x020066d8                bprimemove
 .text.lmove    0x020066e8       0xa4 build/DStimer/source/moving.c.o
                0x020066e8                lmove
 .text.lwmove   0x0200678c       0xa0 build/DStimer/source/moving.c.o
                0x0200678c                lwmove
 .text.lprimemove
                0x0200682c       0x10 build/DStimer/source/moving.c.o
                0x0200682c                lprimemove
 .text.generateScramble
                0x0200683c      0x2c4 build/DStimer/source/scrambler.c.o
                0x0200683c                generateScramble
 .text.DoScramble
                0x02006b00      0x45c build/DStimer/source/scrambler.c.o
                0x02006b00                DoScramble
 .text.CP15_FlushICache
                0x02006f5c        0xc C:/msys64/opt/wonderful/thirdparty/blocksds/core/libs/libnds/lib\libnds9.a(cp15.s.o)
                0x02006f5c                CP15_FlushICache
 .text.CP15_FlushDCache
                0x02006f68        0xc C:/msys64/opt/wonderful/thirdparty/blocksds/core/libs/libnds/lib\libnds9.a(cp15.s.o)
                0x02006f68                CP15_FlushDCache
 .text.CP15_CleanAndFlushDCache
                0x02006f74       0x34 C:/msys64/opt/wonderful/thirdparty/blocksds/core/libs/libnds/lib\libnds9.a(cp15.s.o)
                0x02006f74                CP15_CleanAndFlushDCache
 .text.__libnds_mpu_setup
                0x02006fa8      0x1c4 C:/msys64/opt/wonderful/thirdparty/blocksds/core/libs/libnds/lib\libnds9.a(mpu_setup.s.o)
                0x02006fa8                __libnds_mpu_setup
 .text.CP15_MPUDisable
                0x0200716c       0x3c C:/msys64/opt/wonderful/thirdparty/blocksds/core/libs/libnds/lib\libnds9.a(mpu_setup.s.o)
                0x0200716c                CP15_MPUDisable
 .text.memUncached
                0x020071a8       0x20 C:/msys64/opt/wonderful/thirdparty/blocksds/core/libs/libnds/lib\libnds9.a(mpu_setup.s.o)
                0x020071a8                memUncached
 .text.__aeabi_memcpy
                0x020071c8       0xc8 C:/msys64/opt/wonderful/thirdparty/blocksds/core/libs/libnds/lib\libnds9.a(memcpy.s.o)
                0x020071c8                __aeabi_memcpy
                0x02007200                __aeabi_memcpy4
                0x02007200                __aeabi_memcpy8
                0x0200726c                __ndsabi_memcpy2
 .text.__ndsabi_memcpy1
                0x02007290       0x14 C:/msys64/opt/wonderful/thirdparty/blocksds/core/libs/libnds/lib\libnds9.a(memcpy.s.o)
                0x02007290                __ndsabi_memcpy1
 .text.memcpy   0x020072a4       0x10 C:/msys64/opt/wonderful/thirdparty/blocksds/core/libs/libnds/lib\libnds9.a(memcpy.s.o)
                0x020072a4                memcpy
 .text.__aeabi_memset
                0x020072b4       0x9c C:/msys64/opt/wonderful/thirdparty/blocksds/core/libs/libnds/lib\libnds9.a(memset.s.o)
                0x020072b4                __aeabi_memset
                0x020072d8                __aeabi_memset8
                0x020072d8                __aeabi_memset4
                0x020072e4                __ndsabi_wordset4
                0x020072e8                __ndsabi_lwordset4
 .text.__ndsabi_memset1
                0x02007350       0x10 C:/msys64/opt/wonderful/thirdparty/blocksds/core/libs/libnds/lib\libnds9.a(memset.s.o)
                0x02007350                __ndsabi_memset1
 .text.memset   0x02007360       0x1c C:/msys64/opt/wonderful/thirdparty/blocksds/core/libs/libnds/lib\libnds9.a(memset.s.o)
                0x02007360                memset
 .text.newRow   0x0200737c       0x88 C:/msys64/opt/wonderful/thirdparty/blocksds/core/libs/libnds/lib\libnds9.a(console.c.o)
 .text.consolePrintChar.part.0
                0x02007404      0x100 C:/msys64/opt/wonderful/thirdparty/blocksds/core/libs/libnds/lib\libnds9.a(console.c.o)
 .text.consolePrintChar
                0x02007504       0x2c C:/msys64/opt/wonderful/thirdparty/blocksds/core/libs/libnds/lib\libnds9.a(console.c.o)
                0x02007504                consolePrintChar
 .text.con_write
                0x02007530      0x330 C:/msys64/opt/wonderful/thirdparty/blocksds/core/libs/libnds/lib\libnds9.a(console.c.o)
 .text.consoleLoadFont
                0x02007860      0x24c C:/msys64/opt/wonderful/thirdparty/blocksds/core/libs/libnds/lib\libnds9.a(console.c.o)
                0x02007860                consoleLoadFont
 .text.consoleInitEx
                0x02007aac      0x19c C:/msys64/opt/wonderful/thirdparty/blocksds/core/libs/libnds/lib\libnds9.a(console.c.o)
                0x02007aac                consoleInitEx
 .text.consoleDemoInit
                0x02007c48       0x48 C:/msys64/opt/wonderful/thirdparty/blocksds/core/libs/libnds/lib\libnds9.a(console.c.o)
                0x02007c48                consoleDemoInit
 .text.consoleClear
                0x02007c90       0x48 C:/msys64/opt/wonderful/thirdparty/blocksds/core/libs/libnds/lib\libnds9.a(console.c.o)
                0x02007c90                consoleClear
 .text.consoleSetCursor
                0x02007cd8       0x24 C:/msys64/opt/wonderful/thirdparty/blocksds/core/libs/libnds/lib\libnds9.a(console.c.o)
                0x02007cd8                consoleSetCursor
 .text.consoleSetColor
                0x02007cfc       0x18 C:/msys64/opt/wonderful/thirdparty/blocksds/core/libs/libnds/lib\libnds9.a(console.c.o)
                0x02007cfc                consoleSetColor
 .text.consoleArm7Flush
                0x02007d14       0x90 C:/msys64/opt/wonderful/thirdparty/blocksds/core/libs/libnds/lib\libnds9.a(console.c.o)
                0x02007d14                consoleArm7Flush
 .text.build_argv
                0x02007da4       0x58 C:/msys64/opt/wonderful/thirdparty/blocksds/core/libs/libnds/lib\libnds9.a(crt0_argv.c.o)
                0x02007da4                build_argv
 .text.putc_buffered
                0x02007dfc       0x94 C:/msys64/opt/wonderful/thirdparty/blocksds/core/libs/libnds/lib\libnds9.a(iob.c.o)
 .text.stderr_putc_buffered
                0x02007e90       0x20 C:/msys64/opt/wonderful/thirdparty/blocksds/core/libs/libnds/lib\libnds9.a(iob.c.o)
 .text.stdin_getc_keyboard
                0x02007eb0       0xf0 C:/msys64/opt/wonderful/thirdparty/blocksds/core/libs/libnds/lib\libnds9.a(iob.c.o)
 .text.stdout_putc_buffered
                0x02007fa0       0x40 C:/msys64/opt/wonderful/thirdparty/blocksds/core/libs/libnds/lib\libnds9.a(iob.c.o)
 .text.initSystem
                0x02007fe0      0x128 C:/msys64/opt/wonderful/thirdparty/blocksds/core/libs/libnds/lib\libnds9.a(initSystem.c.o)
                0x02007fe0                initSystem
 .text.scanKeys
                0x02008108       0xcc C:/msys64/opt/wonderful/thirdparty/blocksds/core/libs/libnds/lib\libnds9.a(keys.c.o)
                0x02008108                scanKeys
 .text.keysHeld
                0x020081d4        0xc C:/msys64/opt/wonderful/thirdparty/blocksds/core/libs/libnds/lib\libnds9.a(keys.c.o)
                0x020081d4                keysHeld
 .text.keysDown
                0x020081e0        0xc C:/msys64/opt/wonderful/thirdparty/blocksds/core/libs/libnds/lib\libnds9.a(keys.c.o)
                0x020081e0                keysDown
 .text.touchRead
                0x020081ec       0x24 C:/msys64/opt/wonderful/thirdparty/blocksds/core/libs/libnds/lib\libnds9.a(keys.c.o)
                0x020081ec                touchRead
 .text.setTransferInputData
                0x02008210       0x1c C:/msys64/opt/wonderful/thirdparty/blocksds/core/libs/libnds/lib\libnds9.a(keys.c.o)
                0x02008210                setTransferInputData
 .text.systemValueHandler
                0x0200822c       0xc4 C:/msys64/opt/wonderful/thirdparty/blocksds/core/libs/libnds/lib\libnds9.a(system.c.o)
                0x0200822c                systemValueHandler
 .text.systemMsgHandler
                0x020082f0       0x2c C:/msys64/opt/wonderful/thirdparty/blocksds/core/libs/libnds/lib\libnds9.a(system.c.o)
                0x020082f0                systemMsgHandler
 .text.powerOn  0x0200831c       0x2c C:/msys64/opt/wonderful/thirdparty/blocksds/core/libs/libnds/lib\libnds9.a(system.c.o)
                0x0200831c                powerOn
 .text.memBufferIsInMainRam
                0x02008348       0x1c C:/msys64/opt/wonderful/thirdparty/blocksds/core/libs/libnds/lib\libnds9.a(system.c.o)
                0x02008348                memBufferIsInMainRam
 .text.checkIfText
                0x02008364       0x6c C:/msys64/opt/wonderful/thirdparty/blocksds/core/libs/libnds/lib\libnds9.a(background.c.o)
                0x02008364                checkIfText
 .text.bgUpdate
                0x020083d0       0xe8 C:/msys64/opt/wonderful/thirdparty/blocksds/core/libs/libnds/lib\libnds9.a(background.c.o)
                0x020083d0                bgUpdate
 .text.bgInit_call
                0x020084b8       0xa8 C:/msys64/opt/wonderful/thirdparty/blocksds/core/libs/libnds/lib\libnds9.a(background.c.o)
                0x020084b8                bgInit_call
 .text.bgInitSub_call
                0x02008560       0xb0 C:/msys64/opt/wonderful/thirdparty/blocksds/core/libs/libnds/lib\libnds9.a(background.c.o)
                0x02008560                bgInitSub_call
 .text.glScreen2D
                0x02008610       0xe4 C:/msys64/opt/wonderful/thirdparty/blocksds/core/libs/libnds/lib\libnds9.a(gl2d.c.o)
                0x02008610                glScreen2D
 .text.glBegin2D
                0x020086f4       0xb4 C:/msys64/opt/wonderful/thirdparty/blocksds/core/libs/libnds/lib\libnds9.a(gl2d.c.o)
                0x020086f4                glBegin2D
 .text.glEnd2D  0x020087a8       0x1c C:/msys64/opt/wonderful/thirdparty/blocksds/core/libs/libnds/lib\libnds9.a(gl2d.c.o)
                0x020087a8                glEnd2D
 .text.glBoxFilled
                0x020087c4       0x9c C:/msys64/opt/wonderful/thirdparty/blocksds/core/libs/libnds/lib\libnds9.a(gl2d.c.o)
                0x020087c4                glBoxFilled
 .text.oamUpdate
                0x02008860       0x50 C:/msys64/opt/wonderful/thirdparty/blocksds/core/libs/libnds/lib\libnds9.a(sprite.c.o)
                0x02008860                oamUpdate
 .text.setBrightness
                0x020088b0       0x40 C:/msys64/opt/wonderful/thirdparty/blocksds/core/libs/libnds/lib\libnds9.a(video.c.o)
                0x020088b0                setBrightness
 .text.vramDefault
                0x020088f0       0xe4 C:/msys64/opt/wonderful/thirdparty/blocksds/core/libs/libnds/lib\libnds9.a(video.c.o)
                0x020088f0                vramDefault
 .text.glOrthof32
                0x020089d4      0x204 C:/msys64/opt/wonderful/thirdparty/blocksds/core/libs/libnds/lib\libnds9.a(videoGL.c.o)
                0x020089d4                glOrthof32
 .text.gluLookAtf32
                0x02008bd8      0x150 C:/msys64/opt/wonderful/thirdparty/blocksds/core/libs/libnds/lib\libnds9.a(videoGL.c.o)
                0x02008bd8                gluLookAtf32
 .text.glFrustumf32
                0x02008d28      0x20c C:/msys64/opt/wonderful/thirdparty/blocksds/core/libs/libnds/lib\libnds9.a(videoGL.c.o)
                0x02008d28                glFrustumf32
 .text.gluPerspectivef32
                0x02008f34       0x68 C:/msys64/opt/wonderful/thirdparty/blocksds/core/libs/libnds/lib\libnds9.a(videoGL.c.o)
                0x02008f34                gluPerspectivef32
 .text.glResetMatrixStack
                0x02008f9c       0x68 C:/msys64/opt/wonderful/thirdparty/blocksds/core/libs/libnds/lib\libnds9.a(videoGL.c.o)
                0x02008f9c                glResetMatrixStack
 .text.glMaterialf
                0x02009004       0x7c C:/msys64/opt/wonderful/thirdparty/blocksds/core/libs/libnds/lib\libnds9.a(videoGL.c.o)
                0x02009004                glMaterialf
 .text.vramBlock_init
                0x02009080       0x84 C:/msys64/opt/wonderful/thirdparty/blocksds/core/libs/libnds/lib\libnds9.a(videoGL.c.o)
                0x02009080                vramBlock_init
 .text.glInit   0x02009104      0x270 C:/msys64/opt/wonderful/thirdparty/blocksds/core/libs/libnds/lib\libnds9.a(videoGL.c.o)
                0x02009104                glInit
 .text.glBindTexture
                0x02009374       0x64 C:/msys64/opt/wonderful/thirdparty/blocksds/core/libs/libnds/lib\libnds9.a(videoGL.c.o)
                0x02009374                glBindTexture
 .text.glClearColor
                0x020093d8       0x38 C:/msys64/opt/wonderful/thirdparty/blocksds/core/libs/libnds/lib\libnds9.a(videoGL.c.o)
                0x020093d8                glClearColor
 .text.glClearPolyID
                0x02009410       0x28 C:/msys64/opt/wonderful/thirdparty/blocksds/core/libs/libnds/lib\libnds9.a(videoGL.c.o)
                0x02009410                glClearPolyID
 .text.cothread_delete_internal
                0x02009438       0xa0 C:/msys64/opt/wonderful/thirdparty/blocksds/core/libs/libnds/lib\libnds9.a(threads.c.o)
 .text.cothread_main
                0x020094d8       0x1c C:/msys64/opt/wonderful/thirdparty/blocksds/core/libs/libnds/lib\libnds9.a(threads.c.o)
                0x020094d8                cothread_main
 .text.cothread_yield
                0x020094f4       0x20 C:/msys64/opt/wonderful/thirdparty/blocksds/core/libs/libnds/lib\libnds9.a(threads.c.o)
                0x020094f4                cothread_yield
 .text.cothread_yield_irq
                0x02009514       0xa8 C:/msys64/opt/wonderful/thirdparty/blocksds/core/libs/libnds/lib\libnds9.a(threads.c.o)
                0x02009514                cothread_yield_irq
 .text.cothread_start
                0x020095bc      0x114 C:/msys64/opt/wonderful/thirdparty/blocksds/core/libs/libnds/lib\libnds9.a(threads.c.o)
                0x020095bc                cothread_start
 .text.setExceptionHandler
                0x020096d0       0x18 C:/msys64/opt/wonderful/thirdparty/blocksds/core/libs/libnds/lib\libnds9.a(exceptions.c.o)
                0x020096d0                setExceptionHandler
 .text.libndsCrash
                0x020096e8        0xc C:/msys64/opt/wonderful/thirdparty/blocksds/core/libs/libnds/lib\libnds9.a(exceptions.c.o)
                0x020096e8                libndsCrash
 .text.fifo_buffer_wait_block
                0x020096f4       0x74 C:/msys64/opt/wonderful/thirdparty/blocksds/core/libs/libnds/lib\libnds9.a(fifosystem.c.o)
 .text.fifoFillTxFifoFromBuffer
                0x02009768       0xa0 C:/msys64/opt/wonderful/thirdparty/blocksds/core/libs/libnds/lib\libnds9.a(fifosystem.c.o)
 .text.fifoInternalSendInterrupt
                0x02009808        0x8 C:/msys64/opt/wonderful/thirdparty/blocksds/core/libs/libnds/lib\libnds9.a(fifosystem.c.o)
 .text.fifoInternalSend
                0x02009810       0xd8 C:/msys64/opt/wonderful/thirdparty/blocksds/core/libs/libnds/lib\libnds9.a(fifosystem.c.o)
 .text.fifoSendValue32
                0x020098e8       0x3c C:/msys64/opt/wonderful/thirdparty/blocksds/core/libs/libnds/lib\libnds9.a(fifosystem.c.o)
                0x020098e8                fifoSendValue32
 .text.fifoSendDatamsg
                0x02009924       0x84 C:/msys64/opt/wonderful/thirdparty/blocksds/core/libs/libnds/lib\libnds9.a(fifosystem.c.o)
                0x02009924                fifoSendDatamsg
 .text.fifoGetDatamsg
                0x020099a8       0xe0 C:/msys64/opt/wonderful/thirdparty/blocksds/core/libs/libnds/lib\libnds9.a(fifosystem.c.o)
                0x020099a8                fifoGetDatamsg
 .text.fifoReadRxFifoAndProcessBuffer
                0x02009a88      0x344 C:/msys64/opt/wonderful/thirdparty/blocksds/core/libs/libnds/lib\libnds9.a(fifosystem.c.o)
 .text.fifoGetValue32
                0x02009dcc       0x7c C:/msys64/opt/wonderful/thirdparty/blocksds/core/libs/libnds/lib\libnds9.a(fifosystem.c.o)
                0x02009dcc                fifoGetValue32
 .text.fifoInternalRecvInterrupt
                0x02009e48        0x8 C:/msys64/opt/wonderful/thirdparty/blocksds/core/libs/libnds/lib\libnds9.a(fifosystem.c.o)
 .text.fifoSetValue32Handler
                0x02009e50       0x80 C:/msys64/opt/wonderful/thirdparty/blocksds/core/libs/libnds/lib\libnds9.a(fifosystem.c.o)
                0x02009e50                fifoSetValue32Handler
 .text.fifoSetDatamsgHandler
                0x02009ed0       0xa8 C:/msys64/opt/wonderful/thirdparty/blocksds/core/libs/libnds/lib\libnds9.a(fifosystem.c.o)
                0x02009ed0                fifoSetDatamsgHandler
 .text.fifoCheckValue32
                0x02009f78       0x34 C:/msys64/opt/wonderful/thirdparty/blocksds/core/libs/libnds/lib\libnds9.a(fifosystem.c.o)
                0x02009f78                fifoCheckValue32
 .text.fifoInit
                0x02009fac      0x138 C:/msys64/opt/wonderful/thirdparty/blocksds/core/libs/libnds/lib\libnds9.a(fifosystem.c.o)
                0x02009fac                fifoInit
 .text.fifoMutexAcquire
                0x0200a0e4       0x34 C:/msys64/opt/wonderful/thirdparty/blocksds/core/libs/libnds/lib\libnds9.a(fifosystem.c.o)
                0x0200a0e4                fifoMutexAcquire
 .text.fifoMutexRelease
                0x0200a118       0x20 C:/msys64/opt/wonderful/thirdparty/blocksds/core/libs/libnds/lib\libnds9.a(fifosystem.c.o)
                0x0200a118                fifoMutexRelease
 .text.irqSet   0x0200a138       0x90 C:/msys64/opt/wonderful/thirdparty/blocksds/core/libs/libnds/lib\libnds9.a(interrupts.c.o)
                0x0200a138                irqSet
 .text.irqInit  0x0200a1c8       0x44 C:/msys64/opt/wonderful/thirdparty/blocksds/core/libs/libnds/lib\libnds9.a(interrupts.c.o)
                0x0200a1c8                irqInit
 .text.irqEnable
                0x0200a20c       0x64 C:/msys64/opt/wonderful/thirdparty/blocksds/core/libs/libnds/lib\libnds9.a(interrupts.c.o)
                0x0200a20c                irqEnable
 .text.systemErrorExit
                0x0200a270        0x4 C:/msys64/opt/wonderful/thirdparty/blocksds/core/libs/libnds/lib\libnds9.a(exit.c.o)
                0x0200a270                systemErrorExit
 .text.__libnds_exit
                0x0200a274        0x8 C:/msys64/opt/wonderful/thirdparty/blocksds/core/libs/libnds/lib\libnds9.a(exit.c.o)
                0x0200a274                __libnds_exit
 .text._exit    0x0200a27c       0xb8 C:/msys64/opt/wonderful/thirdparty/blocksds/core/libs/libnds/lib\libnds9.a(exit.c.o)
                0x0200a27c                _exit
 .text.reduceHeapSize
                0x0200a334       0x2c C:/msys64/opt/wonderful/thirdparty/blocksds/core/libs/libnds/lib\libnds9.a(heapfuncs.c.o)
                0x0200a334                reduceHeapSize
 .text.__retarget_lock_init_recursive
                0x0200a360       0x44 C:/msys64/opt/wonderful/thirdparty/blocksds/core/libs/libnds/lib\libnds9.a(locks.c.o)
                0x0200a360                __retarget_lock_init_recursive
 .text.__retarget_lock_acquire_recursive
                0x0200a3a4       0x70 C:/msys64/opt/wonderful/thirdparty/blocksds/core/libs/libnds/lib\libnds9.a(locks.c.o)
                0x0200a3a4                __retarget_lock_acquire_recursive
 .text.__retarget_lock_release_recursive
                0x0200a414       0x58 C:/msys64/opt/wonderful/thirdparty/blocksds/core/libs/libnds/lib\libnds9.a(locks.c.o)
                0x0200a414                __retarget_lock_release_recursive
 .text.__retarget_lock_init
                0x0200a46c        0x8 C:/msys64/opt/wonderful/thirdparty/blocksds/core/libs/libnds/lib\libnds9.a(locks.c.o)
                0x0200a46c                __retarget_lock_init
 .text.__retarget_lock_close
                0x0200a474       0x30 C:/msys64/opt/wonderful/thirdparty/blocksds/core/libs/libnds/lib\libnds9.a(locks.c.o)
                0x0200a474                __retarget_lock_close
 .text.__retarget_lock_acquire
                0x0200a4a4        0x8 C:/msys64/opt/wonderful/thirdparty/blocksds/core/libs/libnds/lib\libnds9.a(locks.c.o)
                0x0200a4a4                __retarget_lock_acquire
 .text.__retarget_lock_release
                0x0200a4ac        0x8 C:/msys64/opt/wonderful/thirdparty/blocksds/core/libs/libnds/lib\libnds9.a(locks.c.o)
                0x0200a4ac                __retarget_lock_release
 .text.sbrk     0x0200a4b4       0x44 C:/msys64/opt/wonderful/thirdparty/blocksds/core/libs/libnds/lib\libnds9.a(sbrk.c.o)
                0x0200a4b4                sbrk
 .text.__ndsabi_coro_make_noctx
                0x0200a4f8       0x28 C:/msys64/opt/wonderful/thirdparty/blocksds/core/libs/libnds/lib\libnds9.a(coroutine.c.o)
                0x0200a4f8                __ndsabi_coro_make_noctx
 .text.timerStart
                0x0200a520       0x48 C:/msys64/opt/wonderful/thirdparty/blocksds/core/libs/libnds/lib\libnds9.a(timers.c.o)
                0x0200a520                timerStart
 .text.timerStop
                0x0200a568       0x3c C:/msys64/opt/wonderful/thirdparty/blocksds/core/libs/libnds/lib\libnds9.a(timers.c.o)
                0x0200a568                timerStop
 .text.cpuStartTiming
                0x0200a5a4       0x48 C:/msys64/opt/wonderful/thirdparty/blocksds/core/libs/libnds/lib\libnds9.a(timers.c.o)
                0x0200a5a4                cpuStartTiming
 .text.cpuGetTiming
                0x0200a5ec       0x34 C:/msys64/opt/wonderful/thirdparty/blocksds/core/libs/libnds/lib\libnds9.a(timers.c.o)
                0x0200a5ec                cpuGetTiming
 .text.__aeabi_read_tp
                0x0200a620        0xc C:/msys64/opt/wonderful/thirdparty/blocksds/core/libs/libnds/lib\libnds9.a(aeabi_read_tp.s.o)
                0x0200a620                __aeabi_read_tp
 .text.dmaSetParams
                0x0200a62c       0x1c C:/msys64/opt/wonderful/thirdparty/blocksds/core/libs/libnds/lib\libnds9.a(dma.s.o)
                0x0200a62c                dmaSetParams
 .text.enterException
                0x0200a648       0xd4 C:/msys64/opt/wonderful/thirdparty/blocksds/core/libs/libnds/lib\libnds9.a(exceptionHandler.s.o)
                0x0200a648                enterException
                0x0200a6bc                exceptionC
                0x0200a6c0                exceptionStack
                0x0200a6c4                exceptionRegisters
 .text.__ndsabi_coro_resume
                0x0200a71c       0x18 C:/msys64/opt/wonderful/thirdparty/blocksds/core/libs/libnds/lib\libnds9.a(coroutine.s.o)
                0x0200a71c                __ndsabi_coro_resume
 .text.__ndsabi_coro_yield
                0x0200a734       0x1c C:/msys64/opt/wonderful/thirdparty/blocksds/core/libs/libnds/lib\libnds9.a(coroutine.s.o)
                0x0200a734                __ndsabi_coro_yield
 .text.__ndsabi_coro_pop_noctx
                0x0200a750       0x34 C:/msys64/opt/wonderful/thirdparty/blocksds/core/libs/libnds/lib\libnds9.a(coroutine.s.o)
                0x0200a750                __ndsabi_coro_pop_noctx
 .text.DynamicArrayInit
                0x0200a784       0x18 C:/msys64/opt/wonderful/thirdparty/blocksds/core/libs/libnds/lib\libnds9.a(dynamicArray.c.o)
                0x0200a784                DynamicArrayInit
 .text.DynamicArrayDelete
                0x0200a79c       0x14 C:/msys64/opt/wonderful/thirdparty/blocksds/core/libs/libnds/lib\libnds9.a(dynamicArray.c.o)
                0x0200a79c                DynamicArrayDelete
 .text.DynamicArrayGet
                0x0200a7b0       0x18 C:/msys64/opt/wonderful/thirdparty/blocksds/core/libs/libnds/lib\libnds9.a(dynamicArray.c.o)
                0x0200a7b0                DynamicArrayGet
 .text.DynamicArraySet
                0x0200a7c8       0x48 C:/msys64/opt/wonderful/thirdparty/blocksds/core/libs/libnds/lib\libnds9.a(dynamicArray.c.o)
                0x0200a7c8                DynamicArraySet
 .text.keyboardShiftState.part.0
                0x0200a810       0x78 C:/msys64/opt/wonderful/thirdparty/blocksds/core/libs/libnds/lib\libnds9.a(keyboard.c.o)
 .text.swapKeyGfx.part.0
                0x0200a888      0x134 C:/msys64/opt/wonderful/thirdparty/blocksds/core/libs/libnds/lib\libnds9.a(keyboard.c.o)
 .text.keyboardGetKey
                0x0200a9bc       0x64 C:/msys64/opt/wonderful/thirdparty/blocksds/core/libs/libnds/lib\libnds9.a(keyboard.c.o)
                0x0200a9bc                keyboardGetKey
 .text.keyboardUpdate
                0x0200aa20      0x11c C:/msys64/opt/wonderful/thirdparty/blocksds/core/libs/libnds/lib\libnds9.a(keyboard.c.o)
                0x0200aa20                keyboardUpdate
 .text.keyboardShow
                0x0200ab3c      0x140 C:/msys64/opt/wonderful/thirdparty/blocksds/core/libs/libnds/lib\libnds9.a(keyboard.c.o)
                0x0200ab3c                keyboardShow
 .text.keyboardHide
                0x0200ac7c       0x90 C:/msys64/opt/wonderful/thirdparty/blocksds/core/libs/libnds/lib\libnds9.a(keyboard.c.o)
                0x0200ac7c                keyboardHide
 .text.normalizef32
                0x0200ad0c      0x17c C:/msys64/opt/wonderful/thirdparty/blocksds/core/libs/libnds/lib\libnds9.a(math.c.o)
                0x0200ad0c                normalizef32
 .text.crossf32
                0x0200ae88       0x64 C:/msys64/opt/wonderful/thirdparty/blocksds/core/libs/libnds/lib\libnds9.a(math.c.o)
                0x0200ae88                crossf32
 .text.__sassert
                0x0200aeec       0x90 C:/msys64/opt/wonderful/thirdparty/blocksds/core/libs/libnds/lib\libnds9.a(sassert.c.o)
                0x0200aeec                __sassert
 .text.releaseCrashHandler
                0x0200af7c       0x7c C:/msys64/opt/wonderful/thirdparty/blocksds/core/libs/libnds/lib\libnds9.a(exceptions.c.o)
 .text.exceptionStatePrint
                0x0200aff8       0xf4 C:/msys64/opt/wonderful/thirdparty/blocksds/core/libs/libnds/lib\libnds9.a(exceptions.c.o)
                0x0200aff8                exceptionStatePrint
 .text.releaseExceptionHandler
                0x0200b0ec       0x10 C:/msys64/opt/wonderful/thirdparty/blocksds/core/libs/libnds/lib\libnds9.a(exceptions.c.o)
                0x0200b0ec                releaseExceptionHandler
 .text.sinLutLookup
                0x0200b0fc       0x4c C:/msys64/opt/wonderful/thirdparty/blocksds/core/libs/libnds/lib\libnds9.a(trig.c.o)
                0x0200b0fc                sinLutLookup
 .text.sinLerp  0x0200b148       0x38 C:/msys64/opt/wonderful/thirdparty/blocksds/core/libs/libnds/lib\libnds9.a(trig.c.o)
                0x0200b148                sinLerp
 .text.cosLerp  0x0200b180       0x44 C:/msys64/opt/wonderful/thirdparty/blocksds/core/libs/libnds/lib\libnds9.a(trig.c.o)
                0x0200b180                cosLerp
 .text.tanLerp  0x0200b1c4       0xac C:/msys64/opt/wonderful/thirdparty/blocksds/core/libs/libnds/lib\libnds9.a(trig.c.o)
                0x0200b1c4                tanLerp
 .text.getCPSR  0x0200b270        0x8 C:/msys64/opt/wonderful/thirdparty/blocksds/core/libs/libnds/lib\libnds9.a(cpu.s.o)
                0x0200b270                getCPSR
 .text.calloc   0x0200b278       0xb4 C:/msys64/opt/wonderful/toolchain/gcc-arm-none-eabi/lib/gcc/arm-none-eabi/15.2.1/../../../../arm-none-eabi/lib/thumb/arm946e-s\libc.a(malloc-calloc.c.o)
                0x0200b278                calloc
 .text.malloc_trim
                0x0200b32c       0x9c C:/msys64/opt/wonderful/toolchain/gcc-arm-none-eabi/lib/gcc/arm-none-eabi/15.2.1/../../../../arm-none-eabi/lib/thumb/arm946e-s\libc.a(malloc-free.c.o)
                0x0200b32c                malloc_trim
 .text.free     0x0200b3c8      0x164 C:/msys64/opt/wonderful/toolchain/gcc-arm-none-eabi/lib/gcc/arm-none-eabi/15.2.1/../../../../arm-none-eabi/lib/thumb/arm946e-s\libc.a(malloc-free.c.o)
                0x0200b3c8                free
                0x0200b3c8                __malloc_free
 .text.malloc   0x0200b52c      0x434 C:/msys64/opt/wonderful/toolchain/gcc-arm-none-eabi/lib/gcc/arm-none-eabi/15.2.1/../../../../arm-none-eabi/lib/thumb/arm946e-s\libc.a(malloc-malloc.c.o)
                0x0200b52c                malloc
 .text.realloc  0x0200b960      0x32c C:/msys64/opt/wonderful/toolchain/gcc-arm-none-eabi/lib/gcc/arm-none-eabi/15.2.1/../../../../arm-none-eabi/lib/thumb/arm946e-s\libc.a(malloc-realloc.c.o)
                0x0200b960                realloc
 .text.__libc_init_array
                0x0200bc8c       0x1c C:/msys64/opt/wonderful/toolchain/gcc-arm-none-eabi/lib/gcc/arm-none-eabi/15.2.1/../../../../arm-none-eabi/lib/thumb/arm946e-s\libc.a(libc_misc_init.c.o)
                0x0200bc8c                __libc_init_array
 .text.rand     0x0200bca8        0xc C:/msys64/opt/wonderful/toolchain/gcc-arm-none-eabi/lib/gcc/arm-none-eabi/15.2.1/../../../../arm-none-eabi/lib/thumb/arm946e-s\libc.a(libc_stdlib_rand.c.o)
                0x0200bca8                rand
 .text.random   0x0200bcb4       0x34 C:/msys64/opt/wonderful/toolchain/gcc-arm-none-eabi/lib/gcc/arm-none-eabi/15.2.1/../../../../arm-none-eabi/lib/thumb/arm946e-s\libc.a(libc_stdlib_random.c.o)
                0x0200bcb4                random
 .text.srand    0x0200bce8        0x8 C:/msys64/opt/wonderful/toolchain/gcc-arm-none-eabi/lib/gcc/arm-none-eabi/15.2.1/../../../../arm-none-eabi/lib/thumb/arm946e-s\libc.a(libc_stdlib_srand.c.o)
                0x0200bce8                srand
 .text.srandom  0x0200bcf0       0x18 C:/msys64/opt/wonderful/toolchain/gcc-arm-none-eabi/lib/gcc/arm-none-eabi/15.2.1/../../../../arm-none-eabi/lib/thumb/arm946e-s\libc.a(libc_stdlib_srandom.c.o)
                0x0200bcf0                srandom
 .text.exit     0x0200bd08        0xe C:/msys64/opt/wonderful/toolchain/gcc-arm-none-eabi/lib/gcc/arm-none-eabi/15.2.1/../../../../arm-none-eabi/lib/thumb/arm946e-s\libc.a(libc_stdlib_pico-exit.c.o)
                0x0200bd08                exit
 .text.time     0x0200bd16       0x28 C:/msys64/opt/wonderful/toolchain/gcc-arm-none-eabi/lib/gcc/arm-none-eabi/15.2.1/../../../../arm-none-eabi/lib/thumb/arm946e-s\libc.a(libc_time_time.c.o)
                0x0200bd16                time
 .text.fclose   0x0200bd3e       0x18 C:/msys64/opt/wonderful/toolchain/gcc-arm-none-eabi/lib/gcc/arm-none-eabi/15.2.1/../../../../arm-none-eabi/lib/thumb/arm946e-s\libc.a(libc_tinystdio_fclose.c.o)
                0x0200bd3e                fclose
 .text.fflush   0x0200bd56       0x10 C:/msys64/opt/wonderful/toolchain/gcc-arm-none-eabi/lib/gcc/arm-none-eabi/15.2.1/../../../../arm-none-eabi/lib/thumb/arm946e-s\libc.a(libc_tinystdio_fflush.c.o)
                0x0200bd56                fflush
 .text.fopen    0x0200bd66       0x2e C:/msys64/opt/wonderful/toolchain/gcc-arm-none-eabi/lib/gcc/arm-none-eabi/15.2.1/../../../../arm-none-eabi/lib/thumb/arm946e-s\libc.a(libc_tinystdio_fopen.c.o)
                0x0200bd66                fopen
 .text.fprintf  0x0200bd94       0x16 C:/msys64/opt/wonderful/toolchain/gcc-arm-none-eabi/lib/gcc/arm-none-eabi/15.2.1/../../../../arm-none-eabi/lib/thumb/arm946e-s\libc.a(libc_tinystdio_fprintf.c.o)
                0x0200bd94                fprintf
 .text.fscanf   0x0200bdaa       0x16 C:/msys64/opt/wonderful/toolchain/gcc-arm-none-eabi/lib/gcc/arm-none-eabi/15.2.1/../../../../arm-none-eabi/lib/thumb/arm946e-s\libc.a(libc_tinystdio_fscanf.c.o)
                0x0200bdaa                fscanf
 .text.fseek    0x0200bdc0       0x40 C:/msys64/opt/wonderful/toolchain/gcc-arm-none-eabi/lib/gcc/arm-none-eabi/15.2.1/../../../../arm-none-eabi/lib/thumb/arm946e-s\libc.a(libc_tinystdio_fseek.c.o)
                0x0200bdc0                fseek
 .text.fwrite   0x0200be00      0x16e C:/msys64/opt/wonderful/toolchain/gcc-arm-none-eabi/lib/gcc/arm-none-eabi/15.2.1/../../../../arm-none-eabi/lib/thumb/arm946e-s\libc.a(libc_tinystdio_fwrite.c.o)
                0x0200be00                fwrite
 *fill*         0x0200bf6e        0x2 ff
 .text.printf   0x0200bf70       0x20 C:/msys64/opt/wonderful/toolchain/gcc-arm-none-eabi/lib/gcc/arm-none-eabi/15.2.1/../../../../arm-none-eabi/lib/thumb/arm946e-s\libc.a(libc_tinystdio_printf.c.o)
                0x0200bf70                printf
 .text.putchar  0x0200bf90       0x10 C:/msys64/opt/wonderful/toolchain/gcc-arm-none-eabi/lib/gcc/arm-none-eabi/15.2.1/../../../../arm-none-eabi/lib/thumb/arm946e-s\libc.a(libc_tinystdio_putchar.c.o)
                0x0200bf90                putchar_unlocked
                0x0200bf90                putchar
 .text.puts     0x0200bfa0       0x44 C:/msys64/opt/wonderful/toolchain/gcc-arm-none-eabi/lib/gcc/arm-none-eabi/15.2.1/../../../../arm-none-eabi/lib/thumb/arm946e-s\libc.a(libc_tinystdio_puts.c.o)
                0x0200bfa0                puts
 .text.rewind   0x0200bfe4       0x16 C:/msys64/opt/wonderful/toolchain/gcc-arm-none-eabi/lib/gcc/arm-none-eabi/15.2.1/../../../../arm-none-eabi/lib/thumb/arm946e-s\libc.a(libc_tinystdio_rewind.c.o)
                0x0200bfe4                rewind
 .text.setvbuf  0x0200bffa       0x18 C:/msys64/opt/wonderful/toolchain/gcc-arm-none-eabi/lib/gcc/arm-none-eabi/15.2.1/../../../../arm-none-eabi/lib/thumb/arm946e-s\libc.a(libc_tinystdio_setvbuf.c.o)
                0x0200bffa                setvbuf
 *fill*         0x0200c012        0x2 ff
 .text.__stdio_flags
                0x0200c014       0x58 C:/msys64/opt/wonderful/toolchain/gcc-arm-none-eabi/lib/gcc/arm-none-eabi/15.2.1/../../../../arm-none-eabi/lib/thumb/arm946e-s\libc.a(libc_tinystdio_sflags.c.o)
                0x0200c014                __stdio_flags
 .text.__ultoa_invert
                0x0200c06c       0x52 C:/msys64/opt/wonderful/toolchain/gcc-arm-none-eabi/lib/gcc/arm-none-eabi/15.2.1/../../../../arm-none-eabi/lib/thumb/arm946e-s\libc.a(libc_tinystdio_vfprintf.c.o)
 *fill*         0x0200c0be        0x2 ff
 .text.skip_to_arg
                0x0200c0c0      0x13c C:/msys64/opt/wonderful/toolchain/gcc-arm-none-eabi/lib/gcc/arm-none-eabi/15.2.1/../../../../arm-none-eabi/lib/thumb/arm946e-s\libc.a(libc_tinystdio_vfprintf.c.o)
 .text.vfprintf
                0x0200c1fc      0x9c4 C:/msys64/opt/wonderful/toolchain/gcc-arm-none-eabi/lib/gcc/arm-none-eabi/15.2.1/../../../../arm-none-eabi/lib/thumb/arm946e-s\libc.a(libc_tinystdio_vfprintf.c.o)
                0x0200c1fc                vfprintf
                0x0200c1fc                __d_vfprintf
 .text.scanf_getc
                0x0200cbc0       0x14 C:/msys64/opt/wonderful/toolchain/gcc-arm-none-eabi/lib/gcc/arm-none-eabi/15.2.1/../../../../arm-none-eabi/lib/thumb/arm946e-s\libc.a(libc_tinystdio_vfscanf.c.o)
 .text.scanf_ungetc
                0x0200cbd4       0x12 C:/msys64/opt/wonderful/toolchain/gcc-arm-none-eabi/lib/gcc/arm-none-eabi/15.2.1/../../../../arm-none-eabi/lib/thumb/arm946e-s\libc.a(libc_tinystdio_vfscanf.c.o)
 .text.skip_spaces
                0x0200cbe6       0x2a C:/msys64/opt/wonderful/toolchain/gcc-arm-none-eabi/lib/gcc/arm-none-eabi/15.2.1/../../../../arm-none-eabi/lib/thumb/arm946e-s\libc.a(libc_tinystdio_vfscanf.c.o)
 .text.putval   0x0200cc10       0x2a C:/msys64/opt/wonderful/toolchain/gcc-arm-none-eabi/lib/gcc/arm-none-eabi/15.2.1/../../../../arm-none-eabi/lib/thumb/arm946e-s\libc.a(libc_tinystdio_vfscanf.c.o)
 *fill*         0x0200cc3a        0x2 ff
 .text.vfscanf  0x0200cc3c      0x990 C:/msys64/opt/wonderful/toolchain/gcc-arm-none-eabi/lib/gcc/arm-none-eabi/15.2.1/../../../../arm-none-eabi/lib/thumb/arm946e-s\libc.a(libc_tinystdio_vfscanf.c.o)
                0x0200cc3c                vfscanf
                0x0200cc3c                __d_vfscanf
 .text.vprintf  0x0200d5cc       0x14 C:/msys64/opt/wonderful/toolchain/gcc-arm-none-eabi/lib/gcc/arm-none-eabi/15.2.1/../../../../arm-none-eabi/lib/thumb/arm946e-s\libc.a(libc_tinystdio_vprintf.c.o)
                0x0200d5cc                vprintf
 .text.mulShift64
                0x0200d5e0       0x62 C:/msys64/opt/wonderful/toolchain/gcc-arm-none-eabi/lib/gcc/arm-none-eabi/15.2.1/../../../../arm-none-eabi/lib/thumb/arm946e-s\libc.a(libc_tinystdio_atod_ryu.c.o)
 *fill*         0x0200d642        0x2 ff
 .text.__atod_engine
                0x0200d644      0x158 C:/msys64/opt/wonderful/toolchain/gcc-arm-none-eabi/lib/gcc/arm-none-eabi/15.2.1/../../../../arm-none-eabi/lib/thumb/arm946e-s\libc.a(libc_tinystdio_atod_ryu.c.o)
                0x0200d644                __atod_engine
 .text.__atof_engine
                0x0200d79c      0x120 C:/msys64/opt/wonderful/toolchain/gcc-arm-none-eabi/lib/gcc/arm-none-eabi/15.2.1/../../../../arm-none-eabi/lib/thumb/arm946e-s\libc.a(libc_tinystdio_atof_ryu.c.o)
                0x0200d79c                __atof_engine
 .text.mulShiftAll64
                0x0200d8bc      0x202 C:/msys64/opt/wonderful/toolchain/gcc-arm-none-eabi/lib/gcc/arm-none-eabi/15.2.1/../../../../arm-none-eabi/lib/thumb/arm946e-s\libc.a(libc_tinystdio_dtoa_ryu.c.o)
 *fill*         0x0200dabe        0x2 ff
 .text.div10    0x0200dac0       0x28 C:/msys64/opt/wonderful/toolchain/gcc-arm-none-eabi/lib/gcc/arm-none-eabi/15.2.1/../../../../arm-none-eabi/lib/thumb/arm946e-s\libc.a(libc_tinystdio_dtoa_ryu.c.o)
 .text.__dtoa_engine
                0x0200dae8      0x4b8 C:/msys64/opt/wonderful/toolchain/gcc-arm-none-eabi/lib/gcc/arm-none-eabi/15.2.1/../../../../arm-none-eabi/lib/thumb/arm946e-s\libc.a(libc_tinystdio_dtoa_ryu.c.o)
                0x0200dae8                __dtoa_engine
 .text.mulShift32
                0x0200dfa0       0x44 C:/msys64/opt/wonderful/toolchain/gcc-arm-none-eabi/lib/gcc/arm-none-eabi/15.2.1/../../../../arm-none-eabi/lib/thumb/arm946e-s\libc.a(libc_tinystdio_ryu_divpow2.c.o)
 .text.__mulPow5InvDivPow2
                0x0200dfe4       0x28 C:/msys64/opt/wonderful/toolchain/gcc-arm-none-eabi/lib/gcc/arm-none-eabi/15.2.1/../../../../arm-none-eabi/lib/thumb/arm946e-s\libc.a(libc_tinystdio_ryu_divpow2.c.o)
                0x0200dfe4                __mulPow5InvDivPow2
 .text.__mulPow5divPow2
                0x0200e00c       0x20 C:/msys64/opt/wonderful/toolchain/gcc-arm-none-eabi/lib/gcc/arm-none-eabi/15.2.1/../../../../arm-none-eabi/lib/thumb/arm946e-s\libc.a(libc_tinystdio_ryu_divpow2.c.o)
                0x0200e00c                __mulPow5divPow2
 .text.__log10Pow2
                0x0200e02c        0xc C:/msys64/opt/wonderful/toolchain/gcc-arm-none-eabi/lib/gcc/arm-none-eabi/15.2.1/../../../../arm-none-eabi/lib/thumb/arm946e-s\libc.a(libc_tinystdio_ryu_log10.c.o)
                0x0200e02c                __log10Pow2
 .text.__log10Pow5
                0x0200e038        0xc C:/msys64/opt/wonderful/toolchain/gcc-arm-none-eabi/lib/gcc/arm-none-eabi/15.2.1/../../../../arm-none-eabi/lib/thumb/arm946e-s\libc.a(libc_tinystdio_ryu_log10.c.o)
                0x0200e038                __log10Pow5
 .text.__log2pow5
                0x0200e044        0xc C:/msys64/opt/wonderful/toolchain/gcc-arm-none-eabi/lib/gcc/arm-none-eabi/15.2.1/../../../../arm-none-eabi/lib/thumb/arm946e-s\libc.a(libc_tinystdio_ryu_log2pow5.c.o)
                0x0200e044                __log2pow5
 .text.__ceil_log2pow5
                0x0200e050       0x10 C:/msys64/opt/wonderful/toolchain/gcc-arm-none-eabi/lib/gcc/arm-none-eabi/15.2.1/../../../../arm-none-eabi/lib/thumb/arm946e-s\libc.a(libc_tinystdio_ryu_log2pow5.c.o)
                0x0200e050                __ceil_log2pow5
 .text.__pow5bits
                0x0200e060       0x10 C:/msys64/opt/wonderful/toolchain/gcc-arm-none-eabi/lib/gcc/arm-none-eabi/15.2.1/../../../../arm-none-eabi/lib/thumb/arm946e-s\libc.a(libc_tinystdio_ryu_pow5bits.c.o)
                0x0200e060                __pow5bits
 .text.__pow5Factor
                0x0200e070       0x2c C:/msys64/opt/wonderful/toolchain/gcc-arm-none-eabi/lib/gcc/arm-none-eabi/15.2.1/../../../../arm-none-eabi/lib/thumb/arm946e-s\libc.a(libc_tinystdio_ryu_table.c.o)
                0x0200e070                __pow5Factor
 .text.__double_computePow5
                0x0200e09c      0x100 C:/msys64/opt/wonderful/toolchain/gcc-arm-none-eabi/lib/gcc/arm-none-eabi/15.2.1/../../../../arm-none-eabi/lib/thumb/arm946e-s\libc.a(libc_tinystdio_ryu_table.c.o)
                0x0200e09c                __double_computePow5
 .text.__double_computeInvPow5
                0x0200e19c       0xfc C:/msys64/opt/wonderful/toolchain/gcc-arm-none-eabi/lib/gcc/arm-none-eabi/15.2.1/../../../../arm-none-eabi/lib/thumb/arm946e-s\libc.a(libc_tinystdio_ryu_table.c.o)
                0x0200e19c                __double_computeInvPow5
 .text.__umul128
                0x0200e298       0x6c C:/msys64/opt/wonderful/toolchain/gcc-arm-none-eabi/lib/gcc/arm-none-eabi/15.2.1/../../../../arm-none-eabi/lib/thumb/arm946e-s\libc.a(libc_tinystdio_ryu_umul128.c.o)
                0x0200e298                __umul128
 .text.__shiftright128
                0x0200e304       0x28 C:/msys64/opt/wonderful/toolchain/gcc-arm-none-eabi/lib/gcc/arm-none-eabi/15.2.1/../../../../arm-none-eabi/lib/thumb/arm946e-s\libc.a(libc_tinystdio_ryu_umul128.c.o)
                0x0200e304                __shiftright128
 .text.isnan    0x0200e32c       0x18 C:/msys64/opt/wonderful/toolchain/gcc-arm-none-eabi/lib/gcc/arm-none-eabi/15.2.1/../../../../arm-none-eabi/lib/thumb/arm946e-s\libc.a(libm_common_s_isnan.c.o)
                0x0200e32c                isnan
                0x0200e32c                isnanl
                0x0200e32c                __isnand
                0x0200e32c                __isnanl
 .text.memmove  0x0200e344       0x26 C:/msys64/opt/wonderful/toolchain/gcc-arm-none-eabi/lib/gcc/arm-none-eabi/15.2.1/../../../../arm-none-eabi/lib/thumb/arm946e-s\libc.a(memmove.c.o)
                0x0200e344                __aeabi_memmove8
                0x0200e344                __aeabi_memmove
                0x0200e344                __aeabi_memmove4
                0x0200e344                memmove
 *fill*         0x0200e36a        0x2 ff
 .text.__libc_fini_array
                0x0200e36c       0x1c C:/msys64/opt/wonderful/toolchain/gcc-arm-none-eabi/lib/gcc/arm-none-eabi/15.2.1/../../../../arm-none-eabi/lib/thumb/arm946e-s\libc.a(libc_misc_fini.c.o)
                0x0200e36c                __libc_fini_array
 .text.strchr   0x0200e388       0x1e C:/msys64/opt/wonderful/toolchain/gcc-arm-none-eabi/lib/gcc/arm-none-eabi/15.2.1/../../../../arm-none-eabi/lib/thumb/arm946e-s\libc.a(libc_string_strchr.c.o)
                0x0200e388                strchr
 .text.strnlen  0x0200e3a6       0x16 C:/msys64/opt/wonderful/toolchain/gcc-arm-none-eabi/lib/gcc/arm-none-eabi/15.2.1/../../../../arm-none-eabi/lib/thumb/arm946e-s\libc.a(libc_string_strnlen.c.o)
                0x0200e3a6                strnlen
 .text.__bufio_lock
                0x0200e3bc       0x18 C:/msys64/opt/wonderful/toolchain/gcc-arm-none-eabi/lib/gcc/arm-none-eabi/15.2.1/../../../../arm-none-eabi/lib/thumb/arm946e-s\libc.a(libc_tinystdio_bufio.c.o)
 .text.__bufio_flush_locked
                0x0200e3d4       0x66 C:/msys64/opt/wonderful/toolchain/gcc-arm-none-eabi/lib/gcc/arm-none-eabi/15.2.1/../../../../arm-none-eabi/lib/thumb/arm946e-s\libc.a(libc_tinystdio_bufio.c.o)
                0x0200e3d4                __bufio_flush_locked
 .text.__bufio_fill_locked
                0x0200e43a       0x2c C:/msys64/opt/wonderful/toolchain/gcc-arm-none-eabi/lib/gcc/arm-none-eabi/15.2.1/../../../../arm-none-eabi/lib/thumb/arm946e-s\libc.a(libc_tinystdio_bufio.c.o)
                0x0200e43a                __bufio_fill_locked
 .text.__bufio_flush
                0x0200e466       0x1a C:/msys64/opt/wonderful/toolchain/gcc-arm-none-eabi/lib/gcc/arm-none-eabi/15.2.1/../../../../arm-none-eabi/lib/thumb/arm946e-s\libc.a(libc_tinystdio_bufio.c.o)
                0x0200e466                __bufio_flush
 .text.__bufio_setdir_locked
                0x0200e480       0x1a C:/msys64/opt/wonderful/toolchain/gcc-arm-none-eabi/lib/gcc/arm-none-eabi/15.2.1/../../../../arm-none-eabi/lib/thumb/arm946e-s\libc.a(libc_tinystdio_bufio.c.o)
                0x0200e480                __bufio_setdir_locked
 .text.__bufio_put
                0x0200e49a       0x50 C:/msys64/opt/wonderful/toolchain/gcc-arm-none-eabi/lib/gcc/arm-none-eabi/15.2.1/../../../../arm-none-eabi/lib/thumb/arm946e-s\libc.a(libc_tinystdio_bufio.c.o)
                0x0200e49a                __bufio_put
 *fill*         0x0200e4ea        0x2 ff
 .text.__bufio_get
                0x0200e4ec       0x70 C:/msys64/opt/wonderful/toolchain/gcc-arm-none-eabi/lib/gcc/arm-none-eabi/15.2.1/../../../../arm-none-eabi/lib/thumb/arm946e-s\libc.a(libc_tinystdio_bufio.c.o)
                0x0200e4ec                __bufio_get
 .text.__bufio_seek
                0x0200e55c       0x6a C:/msys64/opt/wonderful/toolchain/gcc-arm-none-eabi/lib/gcc/arm-none-eabi/15.2.1/../../../../arm-none-eabi/lib/thumb/arm946e-s\libc.a(libc_tinystdio_bufio.c.o)
                0x0200e55c                __bufio_seek
 .text.__bufio_setvbuf
                0x0200e5c6       0x88 C:/msys64/opt/wonderful/toolchain/gcc-arm-none-eabi/lib/gcc/arm-none-eabi/15.2.1/../../../../arm-none-eabi/lib/thumb/arm946e-s\libc.a(libc_tinystdio_bufio.c.o)
                0x0200e5c6                __bufio_setvbuf
 .text.__bufio_close
                0x0200e64e       0x4a C:/msys64/opt/wonderful/toolchain/gcc-arm-none-eabi/lib/gcc/arm-none-eabi/15.2.1/../../../../arm-none-eabi/lib/thumb/arm946e-s\libc.a(libc_tinystdio_bufio.c.o)
                0x0200e64e                __bufio_close
 .text.__dtox_engine
                0x0200e698      0x128 C:/msys64/opt/wonderful/toolchain/gcc-arm-none-eabi/lib/gcc/arm-none-eabi/15.2.1/../../../../arm-none-eabi/lib/thumb/arm946e-s\libc.a(libc_tinystdio_dtox_engine.c.o)
                0x0200e698                __dtox_engine
 .text.__picolibc_non_atomic_exchange_ungetc
                0x0200e7c0        0x8 C:/msys64/opt/wonderful/toolchain/gcc-arm-none-eabi/lib/gcc/arm-none-eabi/15.2.1/../../../../arm-none-eabi/lib/thumb/arm946e-s\libc.a(libc_tinystdio_exchange.c.o)
                0x0200e7c0                __picolibc_non_atomic_exchange_ungetc
                0x0200e7c0                __atomic_exchange_ungetc
 .text.fdopen   0x0200e7c8       0xa4 C:/msys64/opt/wonderful/toolchain/gcc-arm-none-eabi/lib/gcc/arm-none-eabi/15.2.1/../../../../arm-none-eabi/lib/thumb/arm946e-s\libc.a(libc_tinystdio_fdopen.c.o)
                0x0200e7c8                fdopen
 .text.getc     0x0200e86c       0x44 C:/msys64/opt/wonderful/toolchain/gcc-arm-none-eabi/lib/gcc/arm-none-eabi/15.2.1/../../../../arm-none-eabi/lib/thumb/arm946e-s\libc.a(libc_tinystdio_fgetc.c.o)
                0x0200e86c                getc
                0x0200e86c                fgetc
                0x0200e86c                getc_unlocked
 .text.putc     0x0200e8b0       0x2c C:/msys64/opt/wonderful/toolchain/gcc-arm-none-eabi/lib/gcc/arm-none-eabi/15.2.1/../../../../arm-none-eabi/lib/thumb/arm946e-s\libc.a(libc_tinystdio_fputc.c.o)
                0x0200e8b0                putc
                0x0200e8b0                fputc
                0x0200e8b0                putc_unlocked
 .text.fseeko   0x0200e8dc       0x40 C:/msys64/opt/wonderful/toolchain/gcc-arm-none-eabi/lib/gcc/arm-none-eabi/15.2.1/../../../../arm-none-eabi/lib/thumb/arm946e-s\libc.a(libc_tinystdio_fseeko.c.o)
                0x0200e8dc                fseeko
 .text.ungetc   0x0200e91c       0x36 C:/msys64/opt/wonderful/toolchain/gcc-arm-none-eabi/lib/gcc/arm-none-eabi/15.2.1/../../../../arm-none-eabi/lib/thumb/arm946e-s\libc.a(libc_tinystdio_ungetc.c.o)
                0x0200e91c                ungetc
 .text.__picolibc_non_atomic_compare_exchange_ungetc
                0x0200e952       0x12 C:/msys64/opt/wonderful/toolchain/gcc-arm-none-eabi/lib/gcc/arm-none-eabi/15.2.1/../../../../arm-none-eabi/lib/thumb/arm946e-s\libc.a(libc_tinystdio_compare_exchange.c.o)
                0x0200e952                __atomic_compare_exchange_ungetc
                0x0200e952                __picolibc_non_atomic_compare_exchange_ungetc
 .text.open     0x0200e964       0xfc C:/msys64/opt/wonderful/thirdparty/blocksds/core/libs/libnds/lib\libnds9.a(filesystem.c.o)
                0x0200e964                open
 .text.read     0x0200ea60       0x70 C:/msys64/opt/wonderful/thirdparty/blocksds/core/libs/libnds/lib\libnds9.a(filesystem.c.o)
                0x0200ea60                read
 .text.write    0x0200ead0       0xa0 C:/msys64/opt/wonderful/thirdparty/blocksds/core/libs/libnds/lib\libnds9.a(filesystem.c.o)
                0x0200ead0                write
 .text.close    0x0200eb70       0x7c C:/msys64/opt/wonderful/thirdparty/blocksds/core/libs/libnds/lib\libnds9.a(filesystem.c.o)
                0x0200eb70                close
 .text.lseek    0x0200ebec       0x74 C:/msys64/opt/wonderful/thirdparty/blocksds/core/libs/libnds/lib\libnds9.a(filesystem.c.o)
                0x0200ebec                lseek
 .text.nitrofs_read_internal_cart
                0x0200ec60       0xa4 C:/msys64/opt/wonderful/thirdparty/blocksds/core/libs/libnds/lib\libnds9.a(nitrofs.c.o)
 .text.nitrofs_read_internal
                0x0200ed04       0x54 C:/msys64/opt/wonderful/thirdparty/blocksds/core/libs/libnds/lib\libnds9.a(nitrofs.c.o)
 .text.nitrofs_dir_state_init
                0x0200ed58       0x9c C:/msys64/opt/wonderful/thirdparty/blocksds/core/libs/libnds/lib\libnds9.a(nitrofs.c.o)
 .text.nitrofs_dir_state_next
                0x0200edf4       0xb0 C:/msys64/opt/wonderful/thirdparty/blocksds/core/libs/libnds/lib\libnds9.a(nitrofs.c.o)
 .text.nitrofs_dir_step
                0x0200eea4       0xf0 C:/msys64/opt/wonderful/thirdparty/blocksds/core/libs/libnds/lib\libnds9.a(nitrofs.c.o)
 .text.nitrofs_use_for_path
                0x0200ef94       0x30 C:/msys64/opt/wonderful/thirdparty/blocksds/core/libs/libnds/lib\libnds9.a(nitrofs.c.o)
                0x0200ef94                nitrofs_use_for_path
 .text.nitrofs_path_resolve
                0x0200efc4       0x68 C:/msys64/opt/wonderful/thirdparty/blocksds/core/libs/libnds/lib\libnds9.a(nitrofs.c.o)
                0x0200efc4                nitrofs_path_resolve
 .text.nitrofs_read
                0x0200f02c       0x30 C:/msys64/opt/wonderful/thirdparty/blocksds/core/libs/libnds/lib\libnds9.a(nitrofs.c.o)
                0x0200f02c                nitrofs_read
 .text.nitrofs_lseek
                0x0200f05c       0x58 C:/msys64/opt/wonderful/thirdparty/blocksds/core/libs/libnds/lib\libnds9.a(nitrofs.c.o)
                0x0200f05c                nitrofs_lseek
 .text.nitrofs_close
                0x0200f0b4       0x10 C:/msys64/opt/wonderful/thirdparty/blocksds/core/libs/libnds/lib\libnds9.a(nitrofs.c.o)
                0x0200f0b4                nitrofs_close
 .text.nitroFSOpenById
                0x0200f0c4       0x6c C:/msys64/opt/wonderful/thirdparty/blocksds/core/libs/libnds/lib\libnds9.a(nitrofs.c.o)
                0x0200f0c4                nitroFSOpenById
 .text.nitrofs_open
                0x0200f130       0x4c C:/msys64/opt/wonderful/thirdparty/blocksds/core/libs/libnds/lib\libnds9.a(nitrofs.c.o)
                0x0200f130                nitrofs_open
 .text.cardReadArm7
                0x0200f17c       0x6c C:/msys64/opt/wonderful/thirdparty/blocksds/core/libs/libnds/lib\libnds9.a(card.c.o)
                0x0200f17c                cardReadArm7
 .text.dldi_arm7_read_sectors
                0x0200f1e8       0x5c C:/msys64/opt/wonderful/thirdparty/blocksds/core/libs/libnds/lib\libnds9.a(dldi.c.o)
 .text.dldi_arm7_shutdown
                0x0200f244       0x3c C:/msys64/opt/wonderful/thirdparty/blocksds/core/libs/libnds/lib\libnds9.a(dldi.c.o)
 .text.dldi_arm7_clear_status
                0x0200f280       0x3c C:/msys64/opt/wonderful/thirdparty/blocksds/core/libs/libnds/lib\libnds9.a(dldi.c.o)
 .text.dldi_arm7_is_inserted
                0x0200f2bc       0x3c C:/msys64/opt/wonderful/thirdparty/blocksds/core/libs/libnds/lib\libnds9.a(dldi.c.o)
 .text.dldi_arm7_startup
                0x0200f2f8       0x50 C:/msys64/opt/wonderful/thirdparty/blocksds/core/libs/libnds/lib\libnds9.a(dldi.c.o)
 .text.dldi_arm7_write_sectors
                0x0200f348       0x5c C:/msys64/opt/wonderful/thirdparty/blocksds/core/libs/libnds/lib\libnds9.a(dldi.c.o)
 .text.dldiGetMode
                0x0200f3a4        0xc C:/msys64/opt/wonderful/thirdparty/blocksds/core/libs/libnds/lib\libnds9.a(dldi.c.o)
                0x0200f3a4                dldiGetMode
 .text.dldiGetInternal
                0x0200f3b0       0xac C:/msys64/opt/wonderful/thirdparty/blocksds/core/libs/libnds/lib\libnds9.a(dldi.c.o)
                0x0200f3b0                dldiGetInternal
 .text.dldiGetStubEnd
                0x0200f45c        0x8 C:/msys64/opt/wonderful/thirdparty/blocksds/core/libs/libnds/lib\libnds9.a(dldi.c.o)
                0x0200f45c                dldiGetStubEnd
 .text.cardPolledTransfer
                0x0200f464       0x5c C:/msys64/opt/wonderful/thirdparty/blocksds/core/libs/libnds/lib\libnds9.a(card.c.o)
                0x0200f464                cardPolledTransfer
 .text.cardRead
                0x0200f4c0      0x190 C:/msys64/opt/wonderful/thirdparty/blocksds/core/libs/libnds/lib\libnds9.a(card.c.o)
                0x0200f4c0                cardRead
 .text.gettimeofday
                0x0200f650       0x1c C:/msys64/opt/wonderful/thirdparty/blocksds/core/libs/libnds/lib\libnds9.a(syscalls.c.o)
                0x0200f650                gettimeofday
 .text.tchar2uni
                0x0200f66c       0xb4 C:/msys64/opt/wonderful/thirdparty/blocksds/core/libs/libnds/lib\libnds9.a(ff.c.o)
 .text.get_ldnumber
                0x0200f720       0xdc C:/msys64/opt/wonderful/thirdparty/blocksds/core/libs/libnds/lib\libnds9.a(ff.c.o)
 .text.dir_clear
                0x0200f7fc      0x10c C:/msys64/opt/wonderful/thirdparty/blocksds/core/libs/libnds/lib\libnds9.a(ff.c.o)
 .text.unlock_volume.part.0.isra.0
                0x0200f908        0x8 C:/msys64/opt/wonderful/thirdparty/blocksds/core/libs/libnds/lib\libnds9.a(ff.c.o)
 .text.sync_fs  0x0200f910       0xb8 C:/msys64/opt/wonderful/thirdparty/blocksds/core/libs/libnds/lib\libnds9.a(ff.c.o)
 .text.move_window
                0x0200f9c8       0x78 C:/msys64/opt/wonderful/thirdparty/blocksds/core/libs/libnds/lib\libnds9.a(ff.c.o)
 .text.put_fat.part.0
                0x0200fa40      0x10c C:/msys64/opt/wonderful/thirdparty/blocksds/core/libs/libnds/lib\libnds9.a(ff.c.o)
 .text.get_fat.isra.0
                0x0200fb4c       0xb8 C:/msys64/opt/wonderful/thirdparty/blocksds/core/libs/libnds/lib\libnds9.a(ff.c.o)
 .text.remove_chain
                0x0200fc04       0x84 C:/msys64/opt/wonderful/thirdparty/blocksds/core/libs/libnds/lib\libnds9.a(ff.c.o)
 .text.create_chain
                0x0200fc88      0x124 C:/msys64/opt/wonderful/thirdparty/blocksds/core/libs/libnds/lib\libnds9.a(ff.c.o)
 .text.dir_next
                0x0200fdac       0xd4 C:/msys64/opt/wonderful/thirdparty/blocksds/core/libs/libnds/lib\libnds9.a(ff.c.o)
 .text.dir_sdi  0x0200fe80       0x9c C:/msys64/opt/wonderful/thirdparty/blocksds/core/libs/libnds/lib\libnds9.a(ff.c.o)
 .text.dir_alloc
                0x0200ff1c       0x4c C:/msys64/opt/wonderful/thirdparty/blocksds/core/libs/libnds/lib\libnds9.a(ff.c.o)
 .text.dir_find
                0x0200ff68      0x1d0 C:/msys64/opt/wonderful/thirdparty/blocksds/core/libs/libnds/lib\libnds9.a(ff.c.o)
 .text.follow_path
                0x02010138      0x41c C:/msys64/opt/wonderful/thirdparty/blocksds/core/libs/libnds/lib\libnds9.a(ff.c.o)
 .text.dir_register
                0x02010554      0x304 C:/msys64/opt/wonderful/thirdparty/blocksds/core/libs/libnds/lib\libnds9.a(ff.c.o)
 .text.validate
                0x02010858       0x58 C:/msys64/opt/wonderful/thirdparty/blocksds/core/libs/libnds/lib\libnds9.a(ff.c.o)
 .text.check_fs
                0x020108b0      0x150 C:/msys64/opt/wonderful/thirdparty/blocksds/core/libs/libnds/lib\libnds9.a(ff.c.o)
 .text.mount_volume
                0x02010a00      0x354 C:/msys64/opt/wonderful/thirdparty/blocksds/core/libs/libnds/lib\libnds9.a(ff.c.o)
 .text.f_open   0x02010d54      0x2c0 C:/msys64/opt/wonderful/thirdparty/blocksds/core/libs/libnds/lib\libnds9.a(ff.c.o)
                0x02010d54                libnds_f_open
 .text.f_read   0x02011014      0x298 C:/msys64/opt/wonderful/thirdparty/blocksds/core/libs/libnds/lib\libnds9.a(ff.c.o)
                0x02011014                libnds_f_read
 .text.f_write  0x020112ac      0x2ec C:/msys64/opt/wonderful/thirdparty/blocksds/core/libs/libnds/lib\libnds9.a(ff.c.o)
                0x020112ac                libnds_f_write
 .text.f_sync   0x02011598       0xd8 C:/msys64/opt/wonderful/thirdparty/blocksds/core/libs/libnds/lib\libnds9.a(ff.c.o)
                0x02011598                libnds_f_sync
 .text.f_close  0x02011670       0x30 C:/msys64/opt/wonderful/thirdparty/blocksds/core/libs/libnds/lib\libnds9.a(ff.c.o)
                0x02011670                libnds_f_close
 .text.f_lseek  0x020116a0      0x310 C:/msys64/opt/wonderful/thirdparty/blocksds/core/libs/libnds/lib\libnds9.a(ff.c.o)
                0x020116a0                libnds_f_lseek
 .text.ff_uni2oem
                0x020119b0       0x40 C:/msys64/opt/wonderful/thirdparty/blocksds/core/libs/libnds/lib\libnds9.a(ffunicode.c.o)
                0x020119b0                libnds_ff_uni2oem
 .text.ff_wtoupper
                0x020119f0       0xcc C:/msys64/opt/wonderful/thirdparty/blocksds/core/libs/libnds/lib\libnds9.a(ffunicode.c.o)
                0x020119f0                libnds_ff_wtoupper
 .text.cache_sector_get
                0x02011abc       0x70 C:/msys64/opt/wonderful/thirdparty/blocksds/core/libs/libnds/lib\libnds9.a(cache.c.o)
                0x02011abc                cache_sector_get
 .text.cache_sector_add
                0x02011b2c       0xb0 C:/msys64/opt/wonderful/thirdparty/blocksds/core/libs/libnds/lib\libnds9.a(cache.c.o)
                0x02011b2c                cache_sector_add
 .text.cache_sector_invalidate
                0x02011bdc       0x4c C:/msys64/opt/wonderful/thirdparty/blocksds/core/libs/libnds/lib\libnds9.a(cache.c.o)
                0x02011bdc                cache_sector_invalidate
 .text.disk_status
                0x02011c28       0x6c C:/msys64/opt/wonderful/thirdparty/blocksds/core/libs/libnds/lib\libnds9.a(diskio.c.o)
                0x02011c28                libnds_disk_status
 .text.disk_initialize
                0x02011c94       0x74 C:/msys64/opt/wonderful/thirdparty/blocksds/core/libs/libnds/lib\libnds9.a(diskio.c.o)
                0x02011c94                libnds_disk_initialize
 .text.disk_read
                0x02011d08      0x104 C:/msys64/opt/wonderful/thirdparty/blocksds/core/libs/libnds/lib\libnds9.a(diskio.c.o)
                0x02011d08                libnds_disk_read
 .text.disk_write
                0x02011e0c       0xbc C:/msys64/opt/wonderful/thirdparty/blocksds/core/libs/libnds/lib\libnds9.a(diskio.c.o)
                0x02011e0c                libnds_disk_write
 .text.disk_ioctl
                0x02011ec8       0x48 C:/msys64/opt/wonderful/thirdparty/blocksds/core/libs/libnds/lib\libnds9.a(diskio.c.o)
                0x02011ec8                libnds_disk_ioctl
 .text.get_fattime
                0x02011f10       0x1c C:/msys64/opt/wonderful/thirdparty/blocksds/core/libs/libnds/lib\libnds9.a(diskio.c.o)
                0x02011f10                libnds_ff_get_fattime
 .text.ff_mutex_take
                0x02011f2c       0x18 C:/msys64/opt/wonderful/thirdparty/blocksds/core/libs/libnds/lib\libnds9.a(ffsystem.c.o)
                0x02011f2c                libnds_ff_mutex_take
 .text.ff_mutex_give
                0x02011f44       0x1c C:/msys64/opt/wonderful/thirdparty/blocksds/core/libs/libnds/lib\libnds9.a(ffsystem.c.o)
                0x02011f44                libnds_ff_mutex_give
 .text.fatfs_error_to_posix
                0x02011f60       0x24 C:/msys64/opt/wonderful/thirdparty/blocksds/core/libs/libnds/lib\libnds9.a(fatfs.c.o)
                0x02011f60                fatfs_error_to_posix
 .text.fatfs_timestamp_to_fattime
                0x02011f84       0x28 C:/msys64/opt/wonderful/thirdparty/blocksds/core/libs/libnds/lib\libnds9.a(fatfs.c.o)
                0x02011f84                fatfs_timestamp_to_fattime
 .text.get_io_dsinand
                0x02011fac       0x18 C:/msys64/opt/wonderful/thirdparty/blocksds/core/libs/libnds/lib\libnds9.a(nandfs.c.o)
                0x02011fac                get_io_dsinand
 .text.get_io_dsisd
                0x02011fc4       0x24 C:/msys64/opt/wonderful/thirdparty/blocksds/core/libs/libnds/lib\libnds9.a(sdmmc.c.o)
                0x02011fc4                get_io_dsisd
 .text.memcmp   0x02011fe8       0x1c C:/msys64/opt/wonderful/toolchain/gcc-arm-none-eabi/lib/gcc/arm-none-eabi/15.2.1/../../../../arm-none-eabi/lib/thumb/arm946e-s\libc.a(libc_string_memcmp.c.o)
                0x02011fe8                memcmp
 .text.strncmp  0x02012004       0x24 C:/msys64/opt/wonderful/toolchain/gcc-arm-none-eabi/lib/gcc/arm-none-eabi/15.2.1/../../../../arm-none-eabi/lib/thumb/arm946e-s\libc.a(libc_string_strncmp.c.o)
                0x02012004                strncmp
 .text.strstr   0x02012028       0x2c C:/msys64/opt/wonderful/toolchain/gcc-arm-none-eabi/lib/gcc/arm-none-eabi/15.2.1/../../../../arm-none-eabi/lib/thumb/arm946e-s\libc.a(libc_string_strstr.c.o)
                0x02012028                strstr
 .text.localtime
                0x02012054       0x18 C:/msys64/opt/wonderful/toolchain/gcc-arm-none-eabi/lib/gcc/arm-none-eabi/15.2.1/../../../../arm-none-eabi/lib/thumb/arm946e-s\libc.a(libc_time_lcltime.c.o)
                0x02012054                localtime
 .text.localtime_r
                0x0201206c      0x1f8 C:/msys64/opt/wonderful/toolchain/gcc-arm-none-eabi/lib/gcc/arm-none-eabi/15.2.1/../../../../arm-none-eabi/lib/thumb/arm946e-s\libc.a(libc_time_lcltime_r.c.o)
                0x0201206c                localtime_r
 .text.__tzcalc_limits
                0x02012264      0x178 C:/msys64/opt/wonderful/toolchain/gcc-arm-none-eabi/lib/gcc/arm-none-eabi/15.2.1/../../../../arm-none-eabi/lib/thumb/arm946e-s\libc.a(libc_time_tzcalc_limits.c.o)
                0x02012264                __tzcalc_limits
 .text._tzset_unlocked
                0x020123dc      0x3e0 C:/msys64/opt/wonderful/toolchain/gcc-arm-none-eabi/lib/gcc/arm-none-eabi/15.2.1/../../../../arm-none-eabi/lib/thumb/arm946e-s\libc.a(libc_time_tzset.c.o)
                0x020123dc                _tzset_unlocked
 .text.fread    0x020127bc      0x1b8 C:/msys64/opt/wonderful/toolchain/gcc-arm-none-eabi/lib/gcc/arm-none-eabi/15.2.1/../../../../arm-none-eabi/lib/thumb/arm946e-s\libc.a(libc_tinystdio_fread.c.o)
                0x020127bc                fread
 .text.sscanf   0x02012974       0x3c C:/msys64/opt/wonderful/toolchain/gcc-arm-none-eabi/lib/gcc/arm-none-eabi/15.2.1/../../../../arm-none-eabi/lib/thumb/arm946e-s\libc.a(libc_tinystdio_sscanf.c.o)
                0x02012974                sscanf
 .text.strtoul  0x020129b0      0x12c C:/msys64/opt/wonderful/toolchain/gcc-arm-none-eabi/lib/gcc/arm-none-eabi/15.2.1/../../../../arm-none-eabi/lib/thumb/arm946e-s\libc.a(libc_tinystdio_strtoul.c.o)
                0x020129b0                strtoul
 .text.getenv   0x02012adc        0xa C:/msys64/opt/wonderful/toolchain/gcc-arm-none-eabi/lib/gcc/arm-none-eabi/15.2.1/../../../../arm-none-eabi/lib/thumb/arm946e-s\libc.a(libc_stdlib_getenv.c.o)
                0x02012adc                getenv
 *fill*         0x02012ae6        0x2 ff
 .text._findenv
                0x02012ae8       0x7c C:/msys64/opt/wonderful/toolchain/gcc-arm-none-eabi/lib/gcc/arm-none-eabi/15.2.1/../../../../arm-none-eabi/lib/thumb/arm946e-s\libc.a(libc_stdlib_getenv_r.c.o)
                0x02012ae8                _findenv
 .text.__gettzinfo
                0x02012b64        0x8 C:/msys64/opt/wonderful/toolchain/gcc-arm-none-eabi/lib/gcc/arm-none-eabi/15.2.1/../../../../arm-none-eabi/lib/thumb/arm946e-s\libc.a(libc_time_gettzinfo.c.o)
                0x02012b64                __gettzinfo
 .text.gmtime_r
                0x02012b6c      0x1bc C:/msys64/opt/wonderful/toolchain/gcc-arm-none-eabi/lib/gcc/arm-none-eabi/15.2.1/../../../../arm-none-eabi/lib/thumb/arm946e-s\libc.a(libc_time_gmtime_r.c.o)
                0x02012b6c                gmtime_r
 .text.__file_str_get
                0x02012d28       0x16 C:/msys64/opt/wonderful/toolchain/gcc-arm-none-eabi/lib/gcc/arm-none-eabi/15.2.1/../../../../arm-none-eabi/lib/thumb/arm946e-s\libc.a(libc_tinystdio_filestrget.c.o)
                0x02012d28                __file_str_get
 *fill*         0x02012d3e        0x2 ff
 .text.__file_str_get.__stub
                0x02012d40       0x40 linker stubs
 *(EXCLUDE_FILE(*.twl*) .gnu.warning)
 *(EXCLUDE_FILE(*.twl*) .gnu.linkonce.t*)
 *(.glue_7)
 .glue_7        0x02012d80        0x0 linker stubs
 *(.glue_7t)
 .glue_7t       0x02012d80        0x0 linker stubs
                0x02012d80                        . = ALIGN (0x4)
 *fill*         0x02012d80        0x0 ff

.vfp11_veneer   0x02012d80        0x0
 .vfp11_veneer  0x02012d80        0x0 linker stubs

.v4_bx          0x02012d80        0x0
 .v4_bx         0x02012d80        0x0 linker stubs

.iplt           0x02012d80        0x0
 .iplt          0x02012d80        0x0 C:/msys64/opt/wonderful/thirdparty/blocksds/core/sys/crts/ds_arm9_crt0.o

.fini           0x02012d80        0x8
 *(.fini)
 .fini          0x02012d80        0x8 C:/msys64/opt/wonderful/toolchain/gcc-arm-none-eabi/lib/gcc/arm-none-eabi/15.2.1/thumb/arm946e-s/crtn.o
                0x02012d88                        __text_end = .

.rodata         0x02012d88     0x1638
 *(EXCLUDE_FILE(*.twl*) .rodata)
 .rodata        0x02012d88       0x74 build/DStimer/source/gui.c.o
 .rodata        0x02012dfc      0x15c build/DStimer/source/scrambler.c.o
 .rodata        0x02012f58       0x40 C:/msys64/opt/wonderful/thirdparty/blocksds/core/libs/libnds/lib\libnds9.a(exceptions.c.o)
 .rodata        0x02012f98        0xb C:/msys64/opt/wonderful/toolchain/gcc-arm-none-eabi/lib/gcc/arm-none-eabi/15.2.1/../../../../arm-none-eabi/lib/thumb/arm946e-s\libc.a(libc_tinystdio_vfscanf.c.o)
 *fill*         0x02012fa3        0x5 ff
 .rodata        0x02012fa8      0x340 C:/msys64/opt/wonderful/toolchain/gcc-arm-none-eabi/lib/gcc/arm-none-eabi/15.2.1/../../../../arm-none-eabi/lib/thumb/arm946e-s\libc.a(libc_tinystdio_ryu_table.c.o)
 .rodata        0x020132e8       0x14 C:/msys64/opt/wonderful/thirdparty/blocksds/core/libs/libnds/lib\libnds9.a(fatfs.c.o)
 .rodata        0x020132fc       0x18 C:/msys64/opt/wonderful/toolchain/gcc-arm-none-eabi/lib/gcc/arm-none-eabi/15.2.1/../../../../arm-none-eabi/lib/thumb/arm946e-s\libc.a(libc_time_month_lengths.c.o)
                0x020132fc                __month_lengths
 .rodata        0x02013314        0x4 C:/msys64/opt/wonderful/toolchain/gcc-arm-none-eabi/lib/gcc/arm-none-eabi/15.2.1/../../../../arm-none-eabi/lib/thumb/arm946e-s\libc.a(libc_stdlib_environ.c.o)
 *all.rodata*(*)
 *(EXCLUDE_FILE(*.twl*) .roda)
 *(EXCLUDE_FILE(*.twl*) .rodata.*)
 .rodata.getSolveCount.str1.4
                0x02013318      0x31a build/DStimer/source/file_saving.c.o
                                  0xb (size before relaxing)
 .rodata.incrementCount.str1.4
                0x02013632        0x0 build/DStimer/source/file_saving.c.o
                                  0xd (size before relaxing)
 .rodata.removeLastSolve.str1.4
                0x02013632        0x0 build/DStimer/source/file_saving.c.o
                                  0x5 (size before relaxing)
 .rodata.addSolve.str1.4
                0x02013632        0x0 build/DStimer/source/file_saving.c.o
                                  0x7 (size before relaxing)
 .rodata.doFilesExist.str1.4
                0x02013632        0x0 build/DStimer/source/file_saving.c.o
                                 0x16 (size before relaxing)
 .rodata.str1.4
                0x02013632        0x0 build/DStimer/source/file_saving.c.o
                                 0x52 (size before relaxing)
 .rodata.displaySolves.str1.4
                0x02013632        0x0 build/DStimer/source/gui.c.o
                                 0x43 (size before relaxing)
 .rodata.a05.str1.4
                0x02013632        0x0 build/DStimer/source/gui.c.o
                                 0x2e (size before relaxing)
 .rodata.main.str1.4
                0x02013632        0x0 build/DStimer/source/main.c.o
                                 0x21 (size before relaxing)
 *fill*         0x02013632        0x2 ff
 .rodata.DoScramble
                0x02013634       0xa0 build/DStimer/source/scrambler.c.o
 .rodata.con_write
                0x020136d4      0x118 C:/msys64/opt/wonderful/thirdparty/blocksds/core/libs/libnds/lib\libnds9.a(console.c.o)
 .rodata.stderr
                0x020137ec        0x4 C:/msys64/opt/wonderful/thirdparty/blocksds/core/libs/libnds/lib\libnds9.a(iob.c.o)
                0x020137ec                stderr
 .rodata.stdout
                0x020137f0        0x4 C:/msys64/opt/wonderful/thirdparty/blocksds/core/libs/libnds/lib\libnds9.a(iob.c.o)
                0x020137f0                stdout
 .rodata.stdin  0x020137f4        0x4 C:/msys64/opt/wonderful/thirdparty/blocksds/core/libs/libnds/lib\libnds9.a(iob.c.o)
                0x020137f4                stdin
 .rodata.systemValueHandler.str1.4
                0x020137f8        0x0 C:/msys64/opt/wonderful/thirdparty/blocksds/core/libs/libnds/lib\libnds9.a(system.c.o)
                                 0x2b (size before relaxing)
 .rodata.systemValueHandler
                0x020137f8       0x10 C:/msys64/opt/wonderful/thirdparty/blocksds/core/libs/libnds/lib\libnds9.a(system.c.o)
 .rodata.bgTransform
                0x02013808       0x20 C:/msys64/opt/wonderful/thirdparty/blocksds/core/libs/libnds/lib\libnds9.a(background.c.o)
                0x02013808                bgTransform
 .rodata.bgScrollTable
                0x02013828       0x20 C:/msys64/opt/wonderful/thirdparty/blocksds/core/libs/libnds/lib\libnds9.a(background.c.o)
                0x02013828                bgScrollTable
 .rodata.bgControl
                0x02013848       0x20 C:/msys64/opt/wonderful/thirdparty/blocksds/core/libs/libnds/lib\libnds9.a(background.c.o)
                0x02013848                bgControl
 .rodata.glMaterialf
                0x02013868       0x44 C:/msys64/opt/wonderful/thirdparty/blocksds/core/libs/libnds/lib\libnds9.a(videoGL.c.o)
 .rodata.__func__.0
                0x020138ac       0x19 C:/msys64/opt/wonderful/thirdparty/blocksds/core/libs/libnds/lib\libnds9.a(threads.c.o)
 .rodata.fifoReadRxFifoAndProcessBuffer.str1.4
                0x020138c5        0x0 C:/msys64/opt/wonderful/thirdparty/blocksds/core/libs/libnds/lib\libnds9.a(fifosystem.c.o)
                                 0x15 (size before relaxing)
 .rodata.__retarget_lock_init_recursive.str1.4
                0x020138c5        0x0 C:/msys64/opt/wonderful/thirdparty/blocksds/core/libs/libnds/lib\libnds9.a(locks.c.o)
                                  0xa (size before relaxing)
 .rodata.__retarget_lock_close_recursive.str1.4
                0x020138c5        0x0 C:/msys64/opt/wonderful/thirdparty/blocksds/core/libs/libnds/lib\libnds9.a(locks.c.o)
                                  0xb (size before relaxing)
 .rodata.__retarget_lock_release_recursive.str1.4
                0x020138c5        0x0 C:/msys64/opt/wonderful/thirdparty/blocksds/core/libs/libnds/lib\libnds9.a(locks.c.o)
                                  0xd (size before relaxing)
 *fill*         0x020138c5        0x3 ff
 .rodata.default_fontTiles
                0x020138c8      0x300 C:/msys64/opt/wonderful/thirdparty/blocksds/core/libs/libnds/lib\libnds9.a(default_font.png.o)
                0x020138c8                default_fontTiles
 .rodata.__sassert.str1.4
                0x02013bc8        0x0 C:/msys64/opt/wonderful/thirdparty/blocksds/core/libs/libnds/lib\libnds9.a(sassert.c.o)
                                 0x73 (size before relaxing)
 .rodata.releaseCrashHandler.str1.4
                0x02013bc8        0x0 C:/msys64/opt/wonderful/thirdparty/blocksds/core/libs/libnds/lib\libnds9.a(exceptions.c.o)
                                 0x33 (size before relaxing)
 .rodata.exceptionStatePrint.str1.4
                0x02013bc8        0x0 C:/msys64/opt/wonderful/thirdparty/blocksds/core/libs/libnds/lib\libnds9.a(exceptions.c.o)
                                 0x58 (size before relaxing)
 .rodata.str1.4
                0x02013bc8        0x0 C:/msys64/opt/wonderful/thirdparty/blocksds/core/libs/libnds/lib\libnds9.a(exceptions.c.o)
                                 0x40 (size before relaxing)
 .rodata.TAN_LUT
                0x02013bc8      0x204 C:/msys64/opt/wonderful/thirdparty/blocksds/core/libs/libnds/lib\libnds9.a(trig.c.o)
                0x02013bc8                TAN_LUT
 .rodata.SIN_LUT
                0x02013dcc      0x102 C:/msys64/opt/wonderful/thirdparty/blocksds/core/libs/libnds/lib\libnds9.a(trig.c.o)
                0x02013dcc                SIN_LUT
 .rodata.str1.1
                0x02013ece       0x72 C:/msys64/opt/wonderful/toolchain/gcc-arm-none-eabi/lib/gcc/arm-none-eabi/15.2.1/../../../../arm-none-eabi/lib/thumb/arm946e-s\libc.a(libc_tinystdio_vfprintf.c.o)
                                  0xf (size before relaxing)
 .rodata.str1.1
                0x02013f40        0x0 C:/msys64/opt/wonderful/toolchain/gcc-arm-none-eabi/lib/gcc/arm-none-eabi/15.2.1/../../../../arm-none-eabi/lib/thumb/arm946e-s\libc.a(libc_tinystdio_vfscanf.c.o)
                                 0x15 (size before relaxing)
 .rodata.CSWTCH.42
                0x02013f40        0xc C:/msys64/opt/wonderful/thirdparty/blocksds/core/libs/libnds/lib\libnds9.a(filesystem.c.o)
 .rodata.nitrofs_use_for_path.str1.4
                0x02013f4c        0x0 C:/msys64/opt/wonderful/thirdparty/blocksds/core/libs/libnds/lib\libnds9.a(nitrofs.c.o)
                                  0xc (size before relaxing)
 .rodata.follow_path.str1.4
                0x02013f4c        0x0 C:/msys64/opt/wonderful/thirdparty/blocksds/core/libs/libnds/lib\libnds9.a(ff.c.o)
                                 0x13 (size before relaxing)
 .rodata.check_fs.str1.4
                0x02013f4c        0x0 C:/msys64/opt/wonderful/thirdparty/blocksds/core/libs/libnds/lib\libnds9.a(ff.c.o)
                                  0x9 (size before relaxing)
 .rodata.ExCvt  0x02013f4c       0x80 C:/msys64/opt/wonderful/thirdparty/blocksds/core/libs/libnds/lib\libnds9.a(ff.c.o)
 .rodata.LfnOfs
                0x02013fcc        0xd C:/msys64/opt/wonderful/thirdparty/blocksds/core/libs/libnds/lib\libnds9.a(ff.c.o)
 .rodata.str1.4
                0x02013fd9        0x0 C:/msys64/opt/wonderful/thirdparty/blocksds/core/libs/libnds/lib\libnds9.a(ff.c.o)
                                 0x16 (size before relaxing)
 *fill*         0x02013fd9        0x3 ff
 .rodata.VolumeStr
                0x02013fdc       0x10 C:/msys64/opt/wonderful/thirdparty/blocksds/core/libs/libnds/lib\libnds9.a(ff.c.o)
 .rodata.ff_wtoupper
                0x02013fec       0x24 C:/msys64/opt/wonderful/thirdparty/blocksds/core/libs/libnds/lib\libnds9.a(ffunicode.c.o)
 .rodata.cvt2.0
                0x02014010       0xbc C:/msys64/opt/wonderful/thirdparty/blocksds/core/libs/libnds/lib\libnds9.a(ffunicode.c.o)
 .rodata.cvt1.1
                0x020140cc      0x1f2 C:/msys64/opt/wonderful/thirdparty/blocksds/core/libs/libnds/lib\libnds9.a(ffunicode.c.o)
 *fill*         0x020142be        0x2 ff
 .rodata.uc437  0x020142c0      0x100 C:/msys64/opt/wonderful/thirdparty/blocksds/core/libs/libnds/lib\libnds9.a(ffunicode.c.o)
 .rodata.str1.1
                0x020143c0        0x0 C:/msys64/opt/wonderful/toolchain/gcc-arm-none-eabi/lib/gcc/arm-none-eabi/15.2.1/../../../../arm-none-eabi/lib/thumb/arm946e-s\libc.a(libc_time_tzset.c.o)
                                 0x61 (size before relaxing)
 .rodata.str1.1
                0x020143c0        0x0 C:/msys64/opt/wonderful/toolchain/gcc-arm-none-eabi/lib/gcc/arm-none-eabi/15.2.1/../../../../arm-none-eabi/lib/thumb/arm946e-s\libc.a(libc_time_tzvars.c.o)
                                  0x4 (size before relaxing)
 *(EXCLUDE_FILE(*.twl*) .gnu.linkonce.r*)
                0x020143c0                        . = ALIGN (0x4)

.ARM.extab
 *(.ARM.extab* .gnu.linkonce.armextab.*)
                0x020143c0                        __exidx_start = .

ARM.exidx       0x020143c0        0x8
 *(.ARM.exidx* .gnu.linkonce.armexidx.*)
 .ARM.exidx     0x020143c0        0x8 C:/msys64/opt/wonderful/toolchain/gcc-arm-none-eabi/lib/gcc/arm-none-eabi/15.2.1/thumb/arm946e-s\libgcc.a(_udivmoddi4.o)
                0x020143c8                        __exidx_end = .
                0x020143c8                        . = ALIGN (0x4)

.init_array     0x020143c8        0x0
                [!provide]                        PROVIDE (__preinit_array_start = .)
                0x020143c8                        PROVIDE (__bothinit_array_start = .)
 *(.preinit_array)
                [!provide]                        PROVIDE (__preinit_array_end = .)
                [!provide]                        PROVIDE (__init_array_start = .)
 *(SORT_BY_INIT_PRIORITY(.init_array.*) SORT_BY_INIT_PRIORITY(.ctors.*))
 *(.init_array EXCLUDE_FILE(*crtend?.o *crtend.o *crtbegin?.o *crtbegin.o) .ctors)
                [!provide]                        PROVIDE (__init_array_end = .)
                0x020143c8                        PROVIDE (__bothinit_array_end = .)

.fini_array     0x020143c8        0x0
                0x020143c8                        PROVIDE (__fini_array_start = .)
 *(SORT_BY_INIT_PRIORITY(.fini_array.*) SORT_BY_INIT_PRIORITY(.dtors.*))
 *(.fini_array EXCLUDE_FILE(*crtend?.o *crtend.o *crtbegin?.o *crtbegin.o) .dtors)
 *(.fini_array*)
                0x020143c8                        PROVIDE (__fini_array_end = .)

.ctors          0x020143c8        0x0
 *crtbegin.o(.ctors)
 *crtbegin?.o(.ctors)
 *(EXCLUDE_FILE(*crtend?.o *crtend.o) .ctors)
 *(SORT_BY_NAME(.ctors.*))
 *(.ctors)
                0x020143c8                        . = ALIGN (0x4)

.dtors          0x020143c8        0x0
 *crtbegin.o(.dtors)
 *crtbegin?.o(.dtors)
 *(EXCLUDE_FILE(*crtend?.o *crtend.o) .dtors)
 *(SORT_BY_NAME(.dtors.*))
 *(.dtors)
                0x020143c8                        . = ALIGN (0x4)

.eh_frame       0x020143c8        0x4
 *(.eh_frame)
 .eh_frame      0x020143c8        0x4 C:/msys64/opt/wonderful/toolchain/gcc-arm-none-eabi/lib/gcc/arm-none-eabi/15.2.1/thumb/arm946e-s/crtend.o
                0x020143cc                        . = ALIGN (0x4)

.rel.dyn        0x020143cc        0x0
 .rel.iplt      0x020143cc        0x0 C:/msys64/opt/wonderful/thirdparty/blocksds/core/sys/crts/ds_arm9_crt0.o

.gcc_except_table
                0x020143cc        0x0
 *(.gcc_except_table .gcc_except_table.*)
                0x020143cc                        . = ALIGN (0x4)

.got            0x020143cc       0x10
 *(.got.plt)
 .got.plt       0x020143cc        0xc C:/msys64/opt/wonderful/thirdparty/blocksds/core/sys/crts/ds_arm9_crt0.o
                0x020143cc                _GLOBAL_OFFSET_TABLE_
 *(.got)
 .got           0x020143d8        0x4 C:/msys64/opt/wonderful/thirdparty/blocksds/core/sys/crts/ds_arm9_crt0.o
 *(.rel.got)
 .rel.got       0x020143dc        0x0 C:/msys64/opt/wonderful/thirdparty/blocksds/core/sys/crts/ds_arm9_crt0.o

.ewram          0x020143dc        0x0
                0x020143dc                        __ewram_start = ABSOLUTE (.)
 *(.ewram)
 *ewram.*(.text)
                0x020143dc                        . = ALIGN (0x4)

.data           0x020143dc      0x61c
                0x020143dc                        __data_start = ABSOLUTE (.)
 *(EXCLUDE_FILE(*.twl*) .data)
 .data          0x020143dc       0x28 C:/msys64/opt/wonderful/thirdparty/blocksds/core/libs/libnds/lib\libnds9.a(mpu_setup.s.o)
 .data          0x02014404      0x410 C:/msys64/opt/wonderful/toolchain/gcc-arm-none-eabi/lib/gcc/arm-none-eabi/15.2.1/../../../../arm-none-eabi/lib/thumb/arm946e-s\libc.a(malloc-malloc.c.o)
                0x02014404                __malloc_sbrk_base
                0x02014408                __malloc_trim_threshold
                0x0201440c                __malloc_av_
 .data          0x02014814        0x8 C:/msys64/opt/wonderful/toolchain/gcc-arm-none-eabi/lib/gcc/arm-none-eabi/15.2.1/../../../../arm-none-eabi/lib/thumb/arm946e-s\libc.a(libc_time_tzvars.c.o)
                0x02014814                tzname
 .data          0x0201481c        0x4 C:/msys64/opt/wonderful/toolchain/gcc-arm-none-eabi/lib/gcc/arm-none-eabi/15.2.1/../../../../arm-none-eabi/lib/thumb/arm946e-s\libc.a(libc_stdlib_environ.c.o)
                0x0201481c                environ
 *(EXCLUDE_FILE(*.twl*) .data.*)
 .data.cubePaths
                0x02014820       0x14 build/DStimer/source/file_saving.c.o
                0x02014820                cubePaths
 .data.cube     0x02014834      0x12c build/DStimer/source/globals.c.o
                0x02014834                cube
 .data.CurrentCube
                0x02014960        0x1 build/DStimer/source/globals.c.o
                0x02014960                CurrentCube
 .data.firstConsoleInit.0
                0x02014961        0x1 C:/msys64/opt/wonderful/thirdparty/blocksds/core/libs/libnds/lib\libnds9.a(console.c.o)
 *fill*         0x02014962        0x2 ff
 .data.currentConsole
                0x02014964        0x4 C:/msys64/opt/wonderful/thirdparty/blocksds/core/libs/libnds/lib\libnds9.a(console.c.o)
 .data.__stderr
                0x02014968       0x10 C:/msys64/opt/wonderful/thirdparty/blocksds/core/libs/libnds/lib\libnds9.a(iob.c.o)
 .data.__stdout
                0x02014978       0x10 C:/msys64/opt/wonderful/thirdparty/blocksds/core/libs/libnds/lib\libnds9.a(iob.c.o)
 .data.__stdin  0x02014988       0x10 C:/msys64/opt/wonderful/thirdparty/blocksds/core/libs/libnds/lib\libnds9.a(iob.c.o)
 .data.count    0x02014998        0x1 C:/msys64/opt/wonderful/thirdparty/blocksds/core/libs/libnds/lib\libnds9.a(keys.c.o)