Archive member included to satisfy reference by file (symbol)

C:/msys64/opt/wonderful/thirdparty/blocksds/core/libs/libnds/lib\libnds9.a(cp15.s.o)
                              C:/msys64/opt/wonderful/thirdparty/blocksds/core/sys/crts/ds_arm9_crt0.o (CP15_FlushICache)
C:/msys64/opt/wonderful/thirdparty/blocksds/core/libs/libnds/lib\libnds9.a(mpu_setup.s.o)
                              C:/msys64/opt/wonderful/thirdparty/blocksds/core/sys/crts/ds_arm9_crt0.o (__libnds_mpu_setup)
C:/msys64/opt/wonderful/thirdparty/blocksds/core/libs/libnds/lib\libnds9.a(memcpy.s.o)
                              build/DStimer/source/main.c.o (memcpy)
C:/msys64/opt/wonderful/thirdparty/blocksds/core/libs/libnds/lib\libnds9.a(memset.s.o)
                              build/DStimer/source/main.c.o (memset)
C:/msys64/opt/wonderful/thirdparty/blocksds/core/libs/libnds/lib\libnds9.a(console.c.o)
                              build/DStimer/source/main.c.o (consoleDemoInit)
C:/msys64/opt/wonderful/thirdparty/blocksds/core/libs/libnds/lib\libnds9.a(crt0_argv.c.o)
                              C:/msys64/opt/wonderful/thirdparty/blocksds/core/sys/crts/ds_arm9_crt0.o (build_argv)
C:/msys64/opt/wonderful/thirdparty/blocksds/core/libs/libnds/lib\libnds9.a(iob.c.o)
                              C:/msys64/opt/wonderful/thirdparty/blocksds/core/libs/libnds/lib\libnds9.a(console.c.o) (stderr)
C:/msys64/opt/wonderful/thirdparty/blocksds/core/libs/libnds/lib\libnds9.a(cache.c.o)
                              C:/msys64/opt/wonderful/thirdparty/blocksds/core/libs/libnds/lib\libnds9.a(console.c.o) (CP15_CleanAndFlushDCacheRange)
C:/msys64/opt/wonderful/thirdparty/blocksds/core/libs/libnds/lib\libnds9.a(initSystem.c.o)
                              C:/msys64/opt/wonderful/thirdparty/blocksds/core/sys/crts/ds_arm9_crt0.o (__debugger_unit)
C:/msys64/opt/wonderful/thirdparty/blocksds/core/libs/libnds/lib\libnds9.a(keys.c.o)
                              build/DStimer/source/main.c.o (scanKeys)
C:/msys64/opt/wonderful/thirdparty/blocksds/core/libs/libnds/lib\libnds9.a(securearea.c.o)
                              C:/msys64/opt/wonderful/thirdparty/blocksds/core/sys/crts/ds_arm9_crt0.o (__secure_area__)
C:/msys64/opt/wonderful/thirdparty/blocksds/core/libs/libnds/lib\libnds9.a(system.c.o)
                              C:/msys64/opt/wonderful/thirdparty/blocksds/core/libs/libnds/lib\libnds9.a(initSystem.c.o) (systemValueHandler)
C:/msys64/opt/wonderful/thirdparty/blocksds/core/libs/libnds/lib\libnds9.a(background.c.o)
                              C:/msys64/opt/wonderful/thirdparty/blocksds/core/libs/libnds/lib\libnds9.a(console.c.o) (bgState)
C:/msys64/opt/wonderful/thirdparty/blocksds/core/libs/libnds/lib\libnds9.a(gl2d.c.o)
                              build/DStimer/source/main.c.o (glScreen2D)
C:/msys64/opt/wonderful/thirdparty/blocksds/core/libs/libnds/lib\libnds9.a(sprite.c.o)
                              build/DStimer/source/main.c.o (oamMain)
C:/msys64/opt/wonderful/thirdparty/blocksds/core/libs/libnds/lib\libnds9.a(sprite_alloc.c.o)
                              C:/msys64/opt/wonderful/thirdparty/blocksds/core/libs/libnds/lib\libnds9.a(sprite.c.o) (oamAllocReset)
C:/msys64/opt/wonderful/thirdparty/blocksds/core/libs/libnds/lib\libnds9.a(video.c.o)
                              C:/msys64/opt/wonderful/thirdparty/blocksds/core/libs/libnds/lib\libnds9.a(console.c.o) (setBrightness)
C:/msys64/opt/wonderful/thirdparty/blocksds/core/libs/libnds/lib\libnds9.a(videoGL.c.o)
                              C:/msys64/opt/wonderful/thirdparty/blocksds/core/libs/libnds/lib\libnds9.a(gl2d.c.o) (glOrthof32)
C:/msys64/opt/wonderful/thirdparty/blocksds/core/libs/libnds/lib\libnds9.a(threads.c.o)
                              C:/msys64/opt/wonderful/thirdparty/blocksds/core/libs/libnds/lib\libnds9.a(iob.c.o) (cothread_yield_irq)
C:/msys64/opt/wonderful/thirdparty/blocksds/core/libs/libnds/lib\libnds9.a(debugprint.c.o)
                              C:/msys64/opt/wonderful/thirdparty/blocksds/core/libs/libnds/lib\libnds9.a(console.c.o) (nocash_putc_buffered)
C:/msys64/opt/wonderful/thirdparty/blocksds/core/libs/libnds/lib\libnds9.a(exceptions.c.o)
                              C:/msys64/opt/wonderful/thirdparty/blocksds/core/libs/libnds/lib\libnds9.a(threads.c.o) (libndsCrash)
C:/msys64/opt/wonderful/thirdparty/blocksds/core/libs/libnds/lib\libnds9.a(fifosystem.c.o)
                              C:/msys64/opt/wonderful/thirdparty/blocksds/core/libs/libnds/lib\libnds9.a(system.c.o) (fifoSendValue32)
C:/msys64/opt/wonderful/thirdparty/blocksds/core/libs/libnds/lib\libnds9.a(interrupts.c.o)
                              C:/msys64/opt/wonderful/thirdparty/blocksds/core/libs/libnds/lib\libnds9.a(fifosystem.c.o) (irqSet)
C:/msys64/opt/wonderful/thirdparty/blocksds/core/libs/libnds/lib\libnds9.a(exit.c.o)
                              C:/msys64/opt/wonderful/thirdparty/blocksds/core/sys/crts/ds_arm9_crt0.o (__libnds_exit)
[...]
Memory Configuration

Name             Origin             Length             Attributes
ewram            0x02000000         0x00380000
dtcm             0x02ff0000         0x00004000
itcm             0x01000000         0x00008000
*default*        0x00000000         0xffffffff

Linker script and memory map

                0x00000000                        PROVIDE (__dtcm_data_size = 0x0)
                0x00000001                        ASSERT (((__dtcm_data_size & 0x3) == 0x0), __dtcm_data_size must be a multiple of 4)
                0x00004000                        PROVIDE (__dldi_size = 0x4000)
                0x00000040                        PROVIDE (__dtcm_reserved_size = 0x40)
                0x00000001                        ASSERT (((__dtcm_reserved_size & 0x3) == 0x0), __dtcm_reserved_size must be a multiple of 4)
                0x00000100                        PROVIDE (__svc_stack_size = 0x100)
                0x00000001                        ASSERT (((__svc_stack_size & 0x3) == 0x0), __svc_stack_size must be a multiple of 4)
                0x00000100                        PROVIDE (__irq_stack_size = 0x100)
                0x00000001                        ASSERT (((__irq_stack_size & 0x3) == 0x0), __irq_stack_size must be a multiple of 4)
                0x00000000                        PROVIDE (__usr_stack_size = 0x0)
                0x00000001                        ASSERT (((__usr_stack_size & 0x3) == 0x0), __usr_stack_size must be a multiple of 4)
                0x02380000                        __ewram_end = (ORIGIN (ewram) + LENGTH (ewram))
                0x02380000                        __eheap_end = (ORIGIN (ewram) + LENGTH (ewram))
                0x02ff0000                        __dtcm_start = ORIGIN (dtcm)
                0x02ff4000                        __dtcm_top = (ORIGIN (dtcm) + LENGTH (dtcm))
                0x02ff3ff8                        __irq_flags = (__dtcm_top - 0x8)
                0x02ff3ffc                        __irq_vector = (__dtcm_top - 0x4)
                0x02ff3fc0                        __sp_svc = (__dtcm_top - __dtcm_reserved_size)
                0x02ff3ec0                        __sp_irq = (__sp_svc - __svc_stack_size)
                0x02ff3dc0                        __sp_usr = ((__sp_irq - __irq_stack_size) - __dtcm_data_size)
                0x02ff0000                        __dtcm_data_start = (__dtcm_data_size > 0x0)?__sp_usr:ORIGIN (dtcm)
                0x02ff3dc0                        __dtcm_data_top = (__dtcm_data_size > 0x0)?(__sp_irq - __irq_stack_size):(__sp_usr - __usr_stack_size)
                0x0000000e                        __dldi_log2_size = (LOG2CEIL ((__dldi_size + 0x1)) - 0x1)

.secure         0x02000000      0x800
 *(.secure)
 .secure        0x02000000      0x800 C:/msys64/opt/wonderful/thirdparty/blocksds/core/libs/libnds/lib\libnds9.a(securearea.c.o)
                0x02000000                __secure_area__

.crt0           0x02000800      0x2f0
                0x02000800                        __text_start = .
 *(.crt0)
 .crt0          0x02000800      0x2f0 C:/msys64/opt/wonderful/thirdparty/blocksds/core/sys/crts/ds_arm9_crt0.o
                0x02000800                _start
                0x02000af0                        . = ALIGN (0x4)

.dldi           0x02000b00     0x4000
                0x02000b00                        __dldi_start = .
 *(.dldi)
 .dldi          0x02000b00       0x88 C:/msys64/opt/wonderful/thirdparty/blocksds/core/libs/libnds/lib\libnds9.a(dldi_stub.s.o)
                0x02000b00                _io_dldi_stub
                0x02000b88                        . = ALIGN (0x4)
                0x02000b88                        __dldi_data_end = .
                0x02004b00                        __dldi_end = (__dldi_data_end > __dldi_start)?(__dldi_start + __dldi_size):__dldi_start
                0x02004b00                        . = __dldi_end
 *fill*         0x02000b88     0x3f78 00
                0x02004b00                        . = ALIGN (0x4)

.plt
 *(.plt)

.init           0x02004b00        0x8
 *(SORT_NONE(.init))
 .init          0x02004b00        0x8 C:/msys64/opt/wonderful/toolchain/gcc-arm-none-eabi/lib/gcc/arm-none-eabi/15.2.1/thumb/arm946e-s/crtn.o

.text           0x02004b08     0xe2a0
 *(EXCLUDE_FILE(*.twl* *.itcm*) .text)
 .text          0x02004b08       0x10 C:/msys64/opt/wonderful/toolchain/gcc-arm-none-eabi/lib/gcc/arm-none-eabi/15.2.1/../../../../arm-none-eabi/lib/thumb/arm946e-s\libc.a(strcpy.S.o)
                0x02004b08                strcpy
 .text          0x02004b18        0xe C:/msys64/opt/wonderful/toolchain/gcc-arm-none-eabi/lib/gcc/arm-none-eabi/15.2.1/../../../../arm-none-eabi/lib/thumb/arm946e-s\libc.a(strlen.S.o)
                0x02004b18                strlen
 *fill*         0x02004b26        0x2 ff
 .text          0x02004b28       0x14 C:/msys64/opt/wonderful/toolchain/gcc-arm-none-eabi/lib/gcc/arm-none-eabi/15.2.1/thumb/arm946e-s\libgcc.a(_thumb1_case_uqi.o)
                0x02004b28                __gnu_thumb1_case_uqi
 .text          0x02004b3c       0x14 C:/msys64/opt/wonderful/toolchain/gcc-arm-none-eabi/lib/gcc/arm-none-eabi/15.2.1/thumb/arm946e-s\libgcc.a(_thumb1_case_uhi.o)
                0x02004b3c                __gnu_thumb1_case_uhi
 .text          0x02004b50      0x214 C:/msys64/opt/wonderful/toolchain/gcc-arm-none-eabi/lib/gcc/arm-none-eabi/15.2.1/thumb/arm946e-s\libgcc.a(_udivsi3.o)
                0x02004b50                __aeabi_uidiv
                0x02004b50                __udivsi3
                0x02004d44                __aeabi_uidivmod
 .text          0x02004d64      0x248 C:/msys64/opt/wonderful/toolchain/gcc-arm-none-eabi/lib/gcc/arm-none-eabi/15.2.1/thumb/arm946e-s\libgcc.a(_divsi3.o)
                0x02004d64                __divsi3
                0x02004d64                __aeabi_idiv
                0x02004f8c                __aeabi_idivmod
 .text          0x02004fac        0x4 C:/msys64/opt/wonderful/toolchain/gcc-arm-none-eabi/lib/gcc/arm-none-eabi/15.2.1/thumb/arm946e-s\libgcc.a(_dvmd_tls.o)
                0x02004fac                __aeabi_idiv0
                0x02004fac                __aeabi_ldiv0
 .text          0x02004fb0       0x18 C:/msys64/opt/wonderful/toolchain/gcc-arm-none-eabi/lib/gcc/arm-none-eabi/15.2.1/thumb/arm946e-s\libgcc.a(_lshrdi3.o)
                0x02004fb0                __lshrdi3
                0x02004fb0                __aeabi_llsr
 .text          0x02004fc8       0x1c C:/msys64/opt/wonderful/toolchain/gcc-arm-none-eabi/lib/gcc/arm-none-eabi/15.2.1/thumb/arm946e-s\libgcc.a(_ashrdi3.o)
                0x02004fc8                __aeabi_lasr
                0x02004fc8                __ashrdi3
 .text          0x02004fe4       0x18 C:/msys64/opt/wonderful/toolchain/gcc-arm-none-eabi/lib/gcc/arm-none-eabi/15.2.1/thumb/arm946e-s\libgcc.a(_ashldi3.o)
                0x02004fe4                __aeabi_llsl
                0x02004fe4                __ashldi3
 .text          0x02004ffc      0x3c0 C:/msys64/opt/wonderful/toolchain/gcc-arm-none-eabi/lib/gcc/arm-none-eabi/15.2.1/thumb/arm946e-s\libgcc.a(_arm_addsubdf3.o)
                0x02004ffc                __aeabi_drsub
                0x02005004                __aeabi_dsub
                0x02005004                __subdf3
                0x02005008                __aeabi_dadd
                0x02005008                __adddf3
                0x020052b4                __floatunsidf
                0x020052b4                __aeabi_ui2d
                0x020052d8                __floatsidf
                0x020052d8                __aeabi_i2d
                0x02005300                __aeabi_f2d
                0x02005300                __extendsfdf2
                0x02005348                __floatundidf
                0x02005348                __aeabi_ul2d
                0x0200535c                __floatdidf
                0x0200535c                __aeabi_l2d
 .text          0x020053bc       0xa0 C:/msys64/opt/wonderful/toolchain/gcc-arm-none-eabi/lib/gcc/arm-none-eabi/15.2.1/thumb/arm946e-s\libgcc.a(_arm_truncdfsf2.o)
                0x020053bc                __truncdfsf2
                0x020053bc                __aeabi_d2f
 .text          0x0200545c        0x8 C:/msys64/opt/wonderful/toolchain/gcc-arm-none-eabi/lib/gcc/arm-none-eabi/15.2.1/thumb/arm946e-s\libgcc.a(_clzsi2.o)
                0x0200545c                __clzsi2
 .text          0x02005464       0x14 C:/msys64/opt/wonderful/toolchain/gcc-arm-none-eabi/lib/gcc/arm-none-eabi/15.2.1/thumb/arm946e-s\libgcc.a(_clzdi2.o)
                0x02005464                __clzdi2
 .text          0x02005478       0xd4 C:/msys64/opt/wonderful/toolchain/gcc-arm-none-eabi/lib/gcc/arm-none-eabi/15.2.1/thumb/arm946e-s\libgcc.a(_aeabi_ldivmod.o)
                0x02005478                __aeabi_ldivmod
 .text          0x0200554c       0x3c C:/msys64/opt/wonderful/toolchain/gcc-arm-none-eabi/lib/gcc/arm-none-eabi/15.2.1/thumb/arm946e-s\libgcc.a(_aeabi_uldivmod.o)
                0x0200554c                __aeabi_uldivmod
 .text          0x02005588      0x190 C:/msys64/opt/wonderful/toolchain/gcc-arm-none-eabi/lib/gcc/arm-none-eabi/15.2.1/thumb/arm946e-s\libgcc.a(_udivmoddi4.o)
                0x02005588                __udivmoddi4
 .text          0x02005718       0x14 C:/msys64/opt/wonderful/toolchain/gcc-arm-none-eabi/lib/gcc/arm-none-eabi/15.2.1/thumb/arm946e-s\libgcc.a(muldi3.o)
                0x02005718                __muldi3
                0x02005718                __aeabi_lmul
 *(EXCLUDE_FILE(*.twl* *.itcm*) .stub)
 *(EXCLUDE_FILE(*.twl* *.itcm*) .text.*)
 .text.timer_handler
                0x0200572c       0x10 build/DStimer/source/main.c.o
                0x0200572c                timer_handler
 .text.hold_handler
                0x0200573c       0x10 build/DStimer/source/main.c.o
                0x0200573c                hold_handler
 .text.getSolveCount
                0x0200574c       0x40 build/DStimer/source/main.c.o
                0x0200574c                getSolveCount
 .text.incrementCount
                0x0200578c       0x60 build/DStimer/source/main.c.o
                0x0200578c                incrementCount
 .text.removeLastSolve
                0x020057ec       0x70 build/DStimer/source/main.c.o
                0x020057ec                removeLastSolve
 .text.rotateFace
                0x0200585c       0x48 build/DStimer/source/main.c.o
                0x0200585c                rotateFace
 .text.umove    0x020058a4       0x58 build/DStimer/source/main.c.o
                0x020058a4                umove
 .text.uwmove   0x020058fc       0x98 build/DStimer/source/main.c.o
                0x020058fc                uwmove
 .text.rmove    0x02005994       0xa8 build/DStimer/source/main.c.o
                0x02005994                rmove
 .text.rwmove   0x02005a3c       0xa8 build/DStimer/source/main.c.o
                0x02005a3c                rwmove
 .text.dmove    0x02005ae4       0x68 build/DStimer/source/main.c.o
                0x02005ae4                dmove
 .text.dwmove   0x02005b4c       0x74 build/DStimer/source/main.c.o
                0x02005b4c                dwmove
 .text.fmove    0x02005bc0       0xa8 build/DStimer/source/main.c.o
                0x02005bc0                fmove
 .text.fwmove   0x02005c68       0xb4 build/DStimer/source/main.c.o
                0x02005c68                fwmove
 .text.bmove    0x02005d1c       0xc0 build/DStimer/source/main.c.o
                0x02005d1c                bmove
 .text.bwmove   0x02005ddc       0xb4 build/DStimer/source/main.c.o
                0x02005ddc                bwmove
 .text.lmove    0x02005e90       0xa4 build/DStimer/source/main.c.o
                0x02005e90                lmove
 .text.lwmove   0x02005f34       0xa0 build/DStimer/source/main.c.o
                0x02005f34                lwmove
 .text.addSolve
                0x02005fd4       0x84 build/DStimer/source/main.c.o
                0x02005fd4                addSolve
 .text.doFilesExist
                0x02006058       0x54 build/DStimer/source/main.c.o
                0x02006058                doFilesExist
 .text.displaySolves
                0x020060ac      0x128 build/DStimer/source/main.c.o
                0x020060ac                displaySolves
 .text.a05      0x020061d4       0xfc build/DStimer/source/main.c.o
                0x020061d4                a05
 .text.generateScramble
                0x020062d0      0x2c4 build/DStimer/source/main.c.o
                0x020062d0                generateScramble
 .text.DoScramble
                0x02006594      0x4c0 build/DStimer/source/main.c.o
                0x02006594                DoScramble
 .text.drawSquare
                0x02006a54      0x1c4 build/DStimer/source/main.c.o
                0x02006a54                drawSquare
 .text.startup.main
                0x02006c18      0x36c build/DStimer/source/main.c.o
                0x02006c18                main
 .text.CP15_FlushICache
                0x02006f84        0xc C:/msys64/opt/wonderful/thirdparty/blocksds/core/libs/libnds/lib\libnds9.a(cp15.s.o)
                0x02006f84                CP15_FlushICache
 .text.CP15_FlushDCache
                0x02006f90        0xc C:/msys64/opt/wonderful/thirdparty/blocksds/core/libs/libnds/lib\libnds9.a(cp15.s.o)
                0x02006f90                CP15_FlushDCache
 .text.CP15_CleanAndFlushDCache
                0x02006f9c       0x34 C:/msys64/opt/wonderful/thirdparty/blocksds/core/libs/libnds/lib\libnds9.a(cp15.s.o)
                0x02006f9c                CP15_CleanAndFlushDCache
 .text.__libnds_mpu_setup
                0x02006fd0      0x1c4 C:/msys64/opt/wonderful/thirdparty/blocksds/core/libs/libnds/lib\libnds9.a(mpu_setup.s.o)
                0x02006fd0                __libnds_mpu_setup
 .text.CP15_MPUDisable
                0x02007194       0x3c C:/msys64/opt/wonderful/thirdparty/blocksds/core/libs/libnds/lib\libnds9.a(mpu_setup.s.o)
                0x02007194                CP15_MPUDisable
 .text.memUncached
                0x020071d0       0x20 C:/msys64/opt/wonderful/thirdparty/blocksds/core/libs/libnds/lib\libnds9.a(mpu_setup.s.o)
                0x020071d0                memUncached
 .text.__aeabi_memcpy
                0x020071f0       0xc8 C:/msys64/opt/wonderful/thirdparty/blocksds/core/libs/libnds/lib\libnds9.a(memcpy.s.o)
                0x020071f0                __aeabi_memcpy
                0x02007228                __aeabi_memcpy4
                0x02007228                __aeabi_memcpy8
                0x02007294                __ndsabi_memcpy2
 .text.__ndsabi_memcpy1
                0x020072b8       0x14 C:/msys64/opt/wonderful/thirdparty/blocksds/core/libs/libnds/lib\libnds9.a(memcpy.s.o)
                0x020072b8                __ndsabi_memcpy1
 .text.memcpy   0x020072cc       0x10 C:/msys64/opt/wonderful/thirdparty/blocksds/core/libs/libnds/lib\libnds9.a(memcpy.s.o)
                0x020072cc                memcpy
 .text.__aeabi_memset
                0x020072dc       0x9c C:/msys64/opt/wonderful/thirdparty/blocksds/core/libs/libnds/lib\libnds9.a(memset.s.o)
                0x020072dc                __aeabi_memset
                0x02007300                __aeabi_memset8
                0x02007300                __aeabi_memset4
                0x0200730c                __ndsabi_wordset4
                0x02007310                __ndsabi_lwordset4
 .text.__ndsabi_memset1
                0x02007378       0x10 C:/msys64/opt/wonderful/thirdparty/blocksds/core/libs/libnds/lib\libnds9.a(memset.s.o)
                0x02007378                __ndsabi_memset1
 .text.memset   0x02007388       0x1c C:/msys64/opt/wonderful/thirdparty/blocksds/core/libs/libnds/lib\libnds9.a(memset.s.o)
                0x02007388                memset
 .text.newRow   0x020073a4       0x88 C:/msys64/opt/wonderful/thirdparty/blocksds/core/libs/libnds/lib\libnds9.a(console.c.o)
 .text.consolePrintChar.part.0
                0x0200742c      0x100 C:/msys64/opt/wonderful/thirdparty/blocksds/core/libs/libnds/lib\libnds9.a(console.c.o)
 .text.consolePrintChar
                0x0200752c       0x2c C:/msys64/opt/wonderful/thirdparty/blocksds/core/libs/libnds/lib\libnds9.a(console.c.o)
                0x0200752c                consolePrintChar
 .text.con_write
                0x02007558      0x330 C:/msys64/opt/wonderful/thirdparty/blocksds/core/libs/libnds/lib\libnds9.a(console.c.o)
 .text.consoleLoadFont
                0x02007888      0x24c C:/msys64/opt/wonderful/thirdparty/blocksds/core/libs/libnds/lib\libnds9.a(console.c.o)
                0x02007888                consoleLoadFont
 .text.consoleInitEx
                0x02007ad4      0x19c C:/msys64/opt/wonderful/thirdparty/blocksds/core/libs/libnds/lib\libnds9.a(console.c.o)
                0x02007ad4                consoleInitEx
 .text.consoleDemoInit
                0x02007c70       0x48 C:/msys64/opt/wonderful/thirdparty/blocksds/core/libs/libnds/lib\libnds9.a(console.c.o)
                0x02007c70                consoleDemoInit
 .text.consoleClear
                0x02007cb8       0x48 C:/msys64/opt/wonderful/thirdparty/blocksds/core/libs/libnds/lib\libnds9.a(console.c.o)
                0x02007cb8                consoleClear
 .text.consoleSetCursor
                0x02007d00       0x24 C:/msys64/opt/wonderful/thirdparty/blocksds/core/libs/libnds/lib\libnds9.a(console.c.o)
                0x02007d00                consoleSetCursor
 .text.consoleSetColor
                0x02007d24       0x18 C:/msys64/opt/wonderful/thirdparty/blocksds/core/libs/libnds/lib\libnds9.a(console.c.o)
                0x02007d24                consoleSetColor
 .text.consoleArm7Flush
                0x02007d3c       0x90 C:/msys64/opt/wonderful/thirdparty/blocksds/core/libs/libnds/lib\libnds9.a(console.c.o)
                0x02007d3c                consoleArm7Flush
 .text.build_argv
                0x02007dcc       0x58 C:/msys64/opt/wonderful/thirdparty/blocksds/core/libs/libnds/lib\libnds9.a(crt0_argv.c.o)
                0x02007dcc                build_argv
 .text.putc_buffered
                0x02007e24       0x94 C:/msys64/opt/wonderful/thirdparty/blocksds/core/libs/libnds/lib\libnds9.a(iob.c.o)
 .text.stderr_putc_buffered
                0x02007eb8       0x20 C:/msys64/opt/wonderful/thirdparty/blocksds/core/libs/libnds/lib\libnds9.a(iob.c.o)
 .text.stdin_getc_keyboard
                0x02007ed8       0xf0 C:/msys64/opt/wonderful/thirdparty/blocksds/core/libs/libnds/lib\libnds9.a(iob.c.o)
 .text.stdout_putc_buffered
                0x02007fc8       0x40 C:/msys64/opt/wonderful/thirdparty/blocksds/core/libs/libnds/lib\libnds9.a(iob.c.o)
 .text.initSystem
                0x02008008      0x128 C:/msys64/opt/wonderful/thirdparty/blocksds/core/libs/libnds/lib\libnds9.a(initSystem.c.o)
                0x02008008                initSystem
 .text.scanKeys
                0x02008130       0xcc C:/msys64/opt/wonderful/thirdparty/blocksds/core/libs/libnds/lib\libnds9.a(keys.c.o)
                0x02008130                scanKeys
 .text.keysHeld
                0x020081fc        0xc C:/msys64/opt/wonderful/thirdparty/blocksds/core/libs/libnds/lib\libnds9.a(keys.c.o)
                0x020081fc                keysHeld
 .text.keysDown
                0x02008208        0xc C:/msys64/opt/wonderful/thirdparty/blocksds/core/libs/libnds/lib\libnds9.a(keys.c.o)
                0x02008208                keysDown
 .text.touchRead
                0x02008214       0x24 C:/msys64/opt/wonderful/thirdparty/blocksds/core/libs/libnds/lib\libnds9.a(keys.c.o)
                0x02008214                touchRead
 .text.setTransferInputData
                0x02008238       0x1c C:/msys64/opt/wonderful/thirdparty/blocksds/core/libs/libnds/lib\libnds9.a(keys.c.o)
                0x02008238                setTransferInputData
 .text.systemValueHandler
                0x02008254       0xc4 C:/msys64/opt/wonderful/thirdparty/blocksds/core/libs/libnds/lib\libnds9.a(system.c.o)
                0x02008254                systemValueHandler
 .text.systemMsgHandler
                0x02008318       0x2c C:/msys64/opt/wonderful/thirdparty/blocksds/core/libs/libnds/lib\libnds9.a(system.c.o)
                0x02008318                systemMsgHandler
 .text.powerOn  0x02008344       0x2c C:/msys64/opt/wonderful/thirdparty/blocksds/core/libs/libnds/lib\libnds9.a(system.c.o)
                0x02008344                powerOn
 .text.memBufferIsInMainRam
                0x02008370       0x1c C:/msys64/opt/wonderful/thirdparty/blocksds/core/libs/libnds/lib\libnds9.a(system.c.o)
                0x02008370                memBufferIsInMainRam
 .text.checkIfText
                0x0200838c       0x6c C:/msys64/opt/wonderful/thirdparty/blocksds/core/libs/libnds/lib\libnds9.a(background.c.o)
                0x0200838c                checkIfText
 .text.bgUpdate
                0x020083f8       0xe8 C:/msys64/opt/wonderful/thirdparty/blocksds/core/libs/libnds/lib\libnds9.a(background.c.o)
                0x020083f8                bgUpdate
 .text.bgInit_call
                0x020084e0       0xa8 C:/msys64/opt/wonderful/thirdparty/blocksds/core/libs/libnds/lib\libnds9.a(background.c.o)
                0x020084e0                bgInit_call
 .text.bgInitSub_call
                0x02008588       0xb0 C:/msys64/opt/wonderful/thirdparty/blocksds/core/libs/libnds/lib\libnds9.a(background.c.o)
                0x02008588                bgInitSub_call
 .text.glScreen2D
                0x02008638       0xe4 C:/msys64/opt/wonderful/thirdparty/blocksds/core/libs/libnds/lib\libnds9.a(gl2d.c.o)
                0x02008638                glScreen2D
 .text.glBegin2D
                0x0200871c       0xb4 C:/msys64/opt/wonderful/thirdparty/blocksds/core/libs/libnds/lib\libnds9.a(gl2d.c.o)
                0x0200871c                glBegin2D
 .text.glEnd2D  0x020087d0       0x1c C:/msys64/opt/wonderful/thirdparty/blocksds/core/libs/libnds/lib\libnds9.a(gl2d.c.o)
                0x020087d0                glEnd2D
 .text.glBoxFilled
                0x020087ec       0x9c C:/msys64/opt/wonderful/thirdparty/blocksds/core/libs/libnds/lib\libnds9.a(gl2d.c.o)
                0x020087ec                glBoxFilled
 .text.oamUpdate
                0x02008888       0x50 C:/msys64/opt/wonderful/thirdparty/blocksds/core/libs/libnds/lib\libnds9.a(sprite.c.o)
                0x02008888                oamUpdate
 .text.setBrightness
                0x020088d8       0x40 C:/msys64/opt/wonderful/thirdparty/blocksds/core/libs/libnds/lib\libnds9.a(video.c.o)
                0x020088d8                setBrightness
 .text.vramDefault
                0x02008918       0xe4 C:/msys64/opt/wonderful/thirdparty/blocksds/core/libs/libnds/lib\libnds9.a(video.c.o)
                0x02008918                vramDefault
 .text.glOrthof32
                0x020089fc      0x204 C:/msys64/opt/wonderful/thirdparty/blocksds/core/libs/libnds/lib\libnds9.a(videoGL.c.o)
                0x020089fc                glOrthof32
 .text.gluLookAtf32
                0x02008c00      0x150 C:/msys64/opt/wonderful/thirdparty/blocksds/core/libs/libnds/lib\libnds9.a(videoGL.c.o)
                0x02008c00                gluLookAtf32
 .text.glFrustumf32
                0x02008d50      0x20c C:/msys64/opt/wonderful/thirdparty/blocksds/core/libs/libnds/lib\libnds9.a(videoGL.c.o)
                0x02008d50                glFrustumf32
 .text.gluPerspectivef32
                0x02008f5c       0x68 C:/msys64/opt/wonderful/thirdparty/blocksds/core/libs/libnds/lib\libnds9.a(videoGL.c.o)
                0x02008f5c                gluPerspectivef32
 .text.glResetMatrixStack
                0x02008fc4       0x68 C:/msys64/opt/wonderful/thirdparty/blocksds/core/libs/libnds/lib\libnds9.a(videoGL.c.o)
                0x02008fc4                glResetMatrixStack
 .text.glMaterialf
                0x0200902c       0x7c C:/msys64/opt/wonderful/thirdparty/blocksds/core/libs/libnds/lib\libnds9.a(videoGL.c.o)
                0x0200902c                glMaterialf
 .text.vramBlock_init
                0x020090a8       0x84 C:/msys64/opt/wonderful/thirdparty/blocksds/core/libs/libnds/lib\libnds9.a(videoGL.c.o)
                0x020090a8                vramBlock_init
 .text.glInit   0x0200912c      0x270 C:/msys64/opt/wonderful/thirdparty/blocksds/core/libs/libnds/lib\libnds9.a(videoGL.c.o)
                0x0200912c                glInit
 .text.glBindTexture
                0x0200939c       0x64 C:/msys64/opt/wonderful/thirdparty/blocksds/core/libs/libnds/lib\libnds9.a(videoGL.c.o)
                0x0200939c                glBindTexture
 .text.glClearColor
                0x02009400       0x38 C:/msys64/opt/wonderful/thirdparty/blocksds/core/libs/libnds/lib\libnds9.a(videoGL.c.o)
                0x02009400                glClearColor
 .text.glClearPolyID
                0x02009438       0x28 C:/msys64/opt/wonderful/thirdparty/blocksds/core/libs/libnds/lib\libnds9.a(videoGL.c.o)
                0x02009438                glClearPolyID
 .text.cothread_delete_internal
                0x02009460       0xa0 C:/msys64/opt/wonderful/thirdparty/blocksds/core/libs/libnds/lib\libnds9.a(threads.c.o)
 .text.cothread_main
                0x02009500       0x1c C:/msys64/opt/wonderful/thirdparty/blocksds/core/libs/libnds/lib\libnds9.a(threads.c.o)
                0x02009500                cothread_main
 .text.cothread_yield
                0x0200951c       0x20 C:/msys64/opt/wonderful/thirdparty/blocksds/core/libs/libnds/lib\libnds9.a(threads.c.o)
                0x0200951c                cothread_yield
 .text.cothread_yield_irq
                0x0200953c       0xa8 C:/msys64/opt/wonderful/thirdparty/blocksds/core/libs/libnds/lib\libnds9.a(threads.c.o)
                0x0200953c                cothread_yield_irq
 .text.cothread_start
                0x020095e4      0x114 C:/msys64/opt/wonderful/thirdparty/blocksds/core/libs/libnds/lib\libnds9.a(threads.c.o)
                0x020095e4                cothread_start
 .text.setExceptionHandler
                0x020096f8       0x18 C:/msys64/opt/wonderful/thirdparty/blocksds/core/libs/libnds/lib\libnds9.a(exceptions.c.o)
                0x020096f8                setExceptionHandler
 .text.libndsCrash
                0x02009710        0xc C:/msys64/opt/wonderful/thirdparty/blocksds/core/libs/libnds/lib\libnds9.a(exceptions.c.o)
                0x02009710                libndsCrash
 .text.fifo_buffer_wait_block
                0x0200971c       0x74 C:/msys64/opt/wonderful/thirdparty/blocksds/core/libs/libnds/lib\libnds9.a(fifosystem.c.o)
 .text.fifoFillTxFifoFromBuffer
                0x02009790       0xa0 C:/msys64/opt/wonderful/thirdparty/blocksds/core/libs/libnds/lib\libnds9.a(fifosystem.c.o)
 .text.fifoInternalSendInterrupt
                0x02009830        0x8 C:/msys64/opt/wonderful/thirdparty/blocksds/core/libs/libnds/lib\libnds9.a(fifosystem.c.o)
 .text.fifoInternalSend
                0x02009838       0xd8 C:/msys64/opt/wonderful/thirdparty/blocksds/core/libs/libnds/lib\libnds9.a(fifosystem.c.o)
 .text.fifoSendValue32
                0x02009910       0x3c C:/msys64/opt/wonderful/thirdparty/blocksds/core/libs/libnds/lib\libnds9.a(fifosystem.c.o)
                0x02009910                fifoSendValue32
 .text.fifoSendDatamsg
                0x0200994c       0x84 C:/msys64/opt/wonderful/thirdparty/blocksds/core/libs/libnds/lib\libnds9.a(fifosystem.c.o)
                0x0200994c                fifoSendDatamsg
 .text.fifoGetDatamsg
                0x020099d0       0xe0 C:/msys64/opt/wonderful/thirdparty/blocksds/core/libs/libnds/lib\libnds9.a(fifosystem.c.o)
                0x020099d0                fifoGetDatamsg
 .text.fifoReadRxFifoAndProcessBuffer
                0x02009ab0      0x344 C:/msys64/opt/wonderful/thirdparty/blocksds/core/libs/libnds/lib\libnds9.a(fifosystem.c.o)
 .text.fifoGetValue32
                0x02009df4       0x7c C:/msys64/opt/wonderful/thirdparty/blocksds/core/libs/libnds/lib\libnds9.a(fifosystem.c.o)
                0x02009df4                fifoGetValue32
 .text.fifoInternalRecvInterrupt
                0x02009e70        0x8 C:/msys64/opt/wonderful/thirdparty/blocksds/core/libs/libnds/lib\libnds9.a(fifosystem.c.o)
 .text.fifoSetValue32Handler
                0x02009e78       0x80 C:/msys64/opt/wonderful/thirdparty/blocksds/core/libs/libnds/lib\libnds9.a(fifosystem.c.o)
                0x02009e78                fifoSetValue32Handler
 .text.fifoSetDatamsgHandler
                0x02009ef8       0xa8 C:/msys64/opt/wonderful/thirdparty/blocksds/core/libs/libnds/lib\libnds9.a(fifosystem.c.o)
                0x02009ef8                fifoSetDatamsgHandler
 .text.fifoCheckValue32
                0x02009fa0       0x34 C:/msys64/opt/wonderful/thirdparty/blocksds/core/libs/libnds/lib\libnds9.a(fifosystem.c.o)
                0x02009fa0                fifoCheckValue32
 .text.fifoInit
                0x02009fd4      0x138 C:/msys64/opt/wonderful/thirdparty/blocksds/core/libs/libnds/lib\libnds9.a(fifosystem.c.o)
                0x02009fd4                fifoInit
 .text.fifoMutexAcquire
                0x0200a10c       0x34 C:/msys64/opt/wonderful/thirdparty/blocksds/core/libs/libnds/lib\libnds9.a(fifosystem.c.o)
                0x0200a10c                fifoMutexAcquire
 .text.fifoMutexRelease
                0x0200a140       0x20 C:/msys64/opt/wonderful/thirdparty/blocksds/core/libs/libnds/lib\libnds9.a(fifosystem.c.o)
                0x0200a140                fifoMutexRelease
 .text.irqSet   0x0200a160       0x90 C:/msys64/opt/wonderful/thirdparty/blocksds/core/libs/libnds/lib\libnds9.a(interrupts.c.o)
                0x0200a160                irqSet
 .text.irqInit  0x0200a1f0       0x44 C:/msys64/opt/wonderful/thirdparty/blocksds/core/libs/libnds/lib\libnds9.a(interrupts.c.o)
                0x0200a1f0                irqInit
 .text.irqEnable
                0x0200a234       0x64 C:/msys64/opt/wonderful/thirdparty/blocksds/core/libs/libnds/lib\libnds9.a(interrupts.c.o)
                0x0200a234                irqEnable
 .text.systemErrorExit
                0x0200a298        0x4 C:/msys64/opt/wonderful/thirdparty/blocksds/core/libs/libnds/lib\libnds9.a(exit.c.o)
                0x0200a298                systemErrorExit
 .text.__libnds_exit
                0x0200a29c        0x8 C:/msys64/opt/wonderful/thirdparty/blocksds/core/libs/libnds/lib\libnds9.a(exit.c.o)
                0x0200a29c                __libnds_exit
 .text._exit    0x0200a2a4       0xb8 C:/msys64/opt/wonderful/thirdparty/blocksds/core/libs/libnds/lib\libnds9.a(exit.c.o)
                0x0200a2a4                _exit
 .text.reduceHeapSize
                0x0200a35c       0x2c C:/msys64/opt/wonderful/thirdparty/blocksds/core/libs/libnds/lib\libnds9.a(heapfuncs.c.o)
                0x0200a35c                reduceHeapSize
 .text.__retarget_lock_init_recursive
                0x0200a388       0x44 C:/msys64/opt/wonderful/thirdparty/blocksds/core/libs/libnds/lib\libnds9.a(locks.c.o)
                0x0200a388                __retarget_lock_init_recursive
 .text.__retarget_lock_acquire_recursive
                0x0200a3cc       0x70 C:/msys64/opt/wonderful/thirdparty/blocksds/core/libs/libnds/lib\libnds9.a(locks.c.o)
                0x0200a3cc                __retarget_lock_acquire_recursive
 .text.__retarget_lock_release_recursive
                0x0200a43c       0x58 C:/msys64/opt/wonderful/thirdparty/blocksds/core/libs/libnds/lib\libnds9.a(locks.c.o)
                0x0200a43c                __retarget_lock_release_recursive
 .text.__retarget_lock_init
                0x0200a494        0x8 C:/msys64/opt/wonderful/thirdparty/blocksds/core/libs/libnds/lib\libnds9.a(locks.c.o)
                0x0200a494                __retarget_lock_init
 .text.__retarget_lock_close
                0x0200a49c       0x30 C:/msys64/opt/wonderful/thirdparty/blocksds/core/libs/libnds/lib\libnds9.a(locks.c.o)
                0x0200a49c                __retarget_lock_close
 .text.__retarget_lock_acquire
                0x0200a4cc        0x8 C:/msys64/opt/wonderful/thirdparty/blocksds/core/libs/libnds/lib\libnds9.a(locks.c.o)
                0x0200a4cc                __retarget_lock_acquire
 .text.__retarget_lock_release
                0x0200a4d4        0x8 C:/msys64/opt/wonderful/thirdparty/blocksds/core/libs/libnds/lib\libnds9.a(locks.c.o)
                0x0200a4d4                __retarget_lock_release
 .text.sbrk     0x0200a4dc       0x44 C:/msys64/opt/wonderful/thirdparty/blocksds/core/libs/libnds/lib\libnds9.a(sbrk.c.o)
                0x0200a4dc                sbrk
 .text.__ndsabi_coro_make_noctx
                0x0200a520       0x28 C:/msys64/opt/wonderful/thirdparty/blocksds/core/libs/libnds/lib\libnds9.a(coroutine.c.o)
                0x0200a520                __ndsabi_coro_make_noctx
 .text.timerStart
                0x0200a548       0x48 C:/msys64/opt/wonderful/thirdparty/blocksds/core/libs/libnds/lib\libnds9.a(timers.c.o)
                0x0200a548                timerStart
 .text.timerStop
                0x0200a590       0x3c C:/msys64/opt/wonderful/thirdparty/blocksds/core/libs/libnds/lib\libnds9.a(timers.c.o)
                0x0200a590                timerStop
 .text.cpuStartTiming
                0x0200a5cc       0x48 C:/msys64/opt/wonderful/thirdparty/blocksds/core/libs/libnds/lib\libnds9.a(timers.c.o)
                0x0200a5cc                cpuStartTiming
 .text.cpuGetTiming
                0x0200a614       0x34 C:/msys64/opt/wonderful/thirdparty/blocksds/core/libs/libnds/lib\libnds9.a(timers.c.o)
                0x0200a614                cpuGetTiming
 .text.__aeabi_read_tp
                0x0200a648        0xc C:/msys64/opt/wonderful/thirdparty/blocksds/core/libs/libnds/lib\libnds9.a(aeabi_read_tp.s.o)
                0x0200a648                __aeabi_read_tp
 .text.dmaSetParams
                0x0200a654       0x1c C:/msys64/opt/wonderful/thirdparty/blocksds/core/libs/libnds/lib\libnds9.a(dma.s.o)
                0x0200a654                dmaSetParams
 .text.enterException
                0x0200a670       0xd4 C:/msys64/opt/wonderful/thirdparty/blocksds/core/libs/libnds/lib\libnds9.a(exceptionHandler.s.o)
                0x0200a670                enterException
                0x0200a6e4                exceptionC
                0x0200a6e8                exceptionStack
                0x0200a6ec                exceptionRegisters
 .text.__ndsabi_coro_resume
                0x0200a744       0x18 C:/msys64/opt/wonderful/thirdparty/blocksds/core/libs/libnds/lib\libnds9.a(coroutine.s.o)
                0x0200a744                __ndsabi_coro_resume
 .text.__ndsabi_coro_yield
                0x0200a75c       0x1c C:/msys64/opt/wonderful/thirdparty/blocksds/core/libs/libnds/lib\libnds9.a(coroutine.s.o)
                0x0200a75c                __ndsabi_coro_yield
 .text.__ndsabi_coro_pop_noctx
                0x0200a778       0x34 C:/msys64/opt/wonderful/thirdparty/blocksds/core/libs/libnds/lib\libnds9.a(coroutine.s.o)
                0x0200a778                __ndsabi_coro_pop_noctx
 .text.DynamicArrayInit
                0x0200a7ac       0x18 C:/msys64/opt/wonderful/thirdparty/blocksds/core/libs/libnds/lib\libnds9.a(dynamicArray.c.o)
                0x0200a7ac                DynamicArrayInit
 .text.DynamicArrayDelete
                0x0200a7c4       0x14 C:/msys64/opt/wonderful/thirdparty/blocksds/core/libs/libnds/lib\libnds9.a(dynamicArray.c.o)
                0x0200a7c4                DynamicArrayDelete
 .text.DynamicArrayGet
                0x0200a7d8       0x18 C:/msys64/opt/wonderful/thirdparty/blocksds/core/libs/libnds/lib\libnds9.a(dynamicArray.c.o)
                0x0200a7d8                DynamicArrayGet
 .text.DynamicArraySet
                0x0200a7f0       0x48 C:/msys64/opt/wonderful/thirdparty/blocksds/core/libs/libnds/lib\libnds9.a(dynamicArray.c.o)
                0x0200a7f0                DynamicArraySet
 .text.keyboardShiftState.part.0
                0x0200a838       0x78 C:/msys64/opt/wonderful/thirdparty/blocksds/core/libs/libnds/lib\libnds9.a(keyboard.c.o)
 .text.swapKeyGfx.part.0
                0x0200a8b0      0x134 C:/msys64/opt/wonderful/thirdparty/blocksds/core/libs/libnds/lib\libnds9.a(keyboard.c.o)
 .text.keyboardGetKey
                0x0200a9e4       0x64 C:/msys64/opt/wonderful/thirdparty/blocksds/core/libs/libnds/lib\libnds9.a(keyboard.c.o)
                0x0200a9e4                keyboardGetKey
 .text.keyboardUpdate
                0x0200aa48      0x11c C:/msys64/opt/wonderful/thirdparty/blocksds/core/libs/libnds/lib\libnds9.a(keyboard.c.o)
                0x0200aa48                keyboardUpdate
 .text.keyboardShow
                0x0200ab64      0x140 C:/msys64/opt/wonderful/thirdparty/blocksds/core/libs/libnds/lib\libnds9.a(keyboard.c.o)
                0x0200ab64                keyboardShow
 .text.keyboardHide
                0x0200aca4       0x90 C:/msys64/opt/wonderful/thirdparty/blocksds/core/libs/libnds/lib\libnds9.a(keyboard.c.o)
                0x0200aca4                keyboardHide
 .text.normalizef32
                0x0200ad34      0x17c C:/msys64/opt/wonderful/thirdparty/blocksds/core/libs/libnds/lib\libnds9.a(math.c.o)
                0x0200ad34                normalizef32
 .text.crossf32
                0x0200aeb0       0x64 C:/msys64/opt/wonderful/thirdparty/blocksds/core/libs/libnds/lib\libnds9.a(math.c.o)
                0x0200aeb0                crossf32
 .text.__sassert
                0x0200af14       0x90 C:/msys64/opt/wonderful/thirdparty/blocksds/core/libs/libnds/lib\libnds9.a(sassert.c.o)
                0x0200af14                __sassert
 .text.releaseCrashHandler
                0x0200afa4       0x7c C:/msys64/opt/wonderful/thirdparty/blocksds/core/libs/libnds/lib\libnds9.a(exceptions.c.o)
 .text.exceptionStatePrint
                0x0200b020       0xf4 C:/msys64/opt/wonderful/thirdparty/blocksds/core/libs/libnds/lib\libnds9.a(exceptions.c.o)
                0x0200b020                exceptionStatePrint
 .text.releaseExceptionHandler
                0x0200b114       0x10 C:/msys64/opt/wonderful/thirdparty/blocksds/core/libs/libnds/lib\libnds9.a(exceptions.c.o)
                0x0200b114                releaseExceptionHandler
 .text.sinLutLookup
                0x0200b124       0x4c C:/msys64/opt/wonderful/thirdparty/blocksds/core/libs/libnds/lib\libnds9.a(trig.c.o)
                0x0200b124                sinLutLookup
 .text.sinLerp  0x0200b170       0x38 C:/msys64/opt/wonderful/thirdparty/blocksds/core/libs/libnds/lib\libnds9.a(trig.c.o)
                0x0200b170                sinLerp
 .text.cosLerp  0x0200b1a8       0x44 C:/msys64/opt/wonderful/thirdparty/blocksds/core/libs/libnds/lib\libnds9.a(trig.c.o)
                0x0200b1a8                cosLerp
 .text.tanLerp  0x0200b1ec       0xac C:/msys64/opt/wonderful/thirdparty/blocksds/core/libs/libnds/lib\libnds9.a(trig.c.o)
                0x0200b1ec                tanLerp
 .text.getCPSR  0x0200b298        0x8 C:/msys64/opt/wonderful/thirdparty/blocksds/core/libs/libnds/lib\libnds9.a(cpu.s.o)
                0x0200b298                getCPSR
 .text.calloc   0x0200b2a0       0xb4 C:/msys64/opt/wonderful/toolchain/gcc-arm-none-eabi/lib/gcc/arm-none-eabi/15.2.1/../../../../arm-none-eabi/lib/thumb/arm946e-s\libc.a(malloc-calloc.c.o)
                0x0200b2a0                calloc
 .text.malloc_trim
                0x0200b354       0x9c C:/msys64/opt/wonderful/toolchain/gcc-arm-none-eabi/lib/gcc/arm-none-eabi/15.2.1/../../../../arm-none-eabi/lib/thumb/arm946e-s\libc.a(malloc-free.c.o)
                0x0200b354                malloc_trim
 .text.free     0x0200b3f0      0x164 C:/msys64/opt/wonderful/toolchain/gcc-arm-none-eabi/lib/gcc/arm-none-eabi/15.2.1/../../../../arm-none-eabi/lib/thumb/arm946e-s\libc.a(malloc-free.c.o)
                0x0200b3f0                free
                0x0200b3f0                __malloc_free
 .text.malloc   0x0200b554      0x434 C:/msys64/opt/wonderful/toolchain/gcc-arm-none-eabi/lib/gcc/arm-none-eabi/15.2.1/../../../../arm-none-eabi/lib/thumb/arm946e-s\libc.a(malloc-malloc.c.o)
                0x0200b554                malloc
 .text.realloc  0x0200b988      0x32c C:/msys64/opt/wonderful/toolchain/gcc-arm-none-eabi/lib/gcc/arm-none-eabi/15.2.1/../../../../arm-none-eabi/lib/thumb/arm946e-s\libc.a(malloc-realloc.c.o)
                0x0200b988                realloc
 .text.__libc_init_array
                0x0200bcb4       0x1c C:/msys64/opt/wonderful/toolchain/gcc-arm-none-eabi/lib/gcc/arm-none-eabi/15.2.1/../../../../arm-none-eabi/lib/thumb/arm946e-s\libc.a(libc_misc_init.c.o)
                0x0200bcb4                __libc_init_array
 .text.rand     0x0200bcd0        0xc C:/msys64/opt/wonderful/toolchain/gcc-arm-none-eabi/lib/gcc/arm-none-eabi/15.2.1/../../../../arm-none-eabi/lib/thumb/arm946e-s\libc.a(libc_stdlib_rand.c.o)
                0x0200bcd0                rand
 .text.random   0x0200bcdc       0x34 C:/msys64/opt/wonderful/toolchain/gcc-arm-none-eabi/lib/gcc/arm-none-eabi/15.2.1/../../../../arm-none-eabi/lib/thumb/arm946e-s\libc.a(libc_stdlib_random.c.o)
                0x0200bcdc                random
 .text.srand    0x0200bd10        0x8 C:/msys64/opt/wonderful/toolchain/gcc-arm-none-eabi/lib/gcc/arm-none-eabi/15.2.1/../../../../arm-none-eabi/lib/thumb/arm946e-s\libc.a(libc_stdlib_srand.c.o)
                0x0200bd10                srand
 .text.srandom  0x0200bd18       0x18 C:/msys64/opt/wonderful/toolchain/gcc-arm-none-eabi/lib/gcc/arm-none-eabi/15.2.1/../../../../arm-none-eabi/lib/thumb/arm946e-s\libc.a(libc_stdlib_srandom.c.o)
                0x0200bd18                srandom
 .text.exit     0x0200bd30        0xe C:/msys64/opt/wonderful/toolchain/gcc-arm-none-eabi/lib/gcc/arm-none-eabi/15.2.1/../../../../arm-none-eabi/lib/thumb/arm946e-s\libc.a(libc_stdlib_pico-exit.c.o)
                0x0200bd30                exit
 .text.time     0x0200bd3e       0x28 C:/msys64/opt/wonderful/toolchain/gcc-arm-none-eabi/lib/gcc/arm-none-eabi/15.2.1/../../../../arm-none-eabi/lib/thumb/arm946e-s\libc.a(libc_time_time.c.o)
                0x0200bd3e                time
 .text.fclose   0x0200bd66       0x18 C:/msys64/opt/wonderful/toolchain/gcc-arm-none-eabi/lib/gcc/arm-none-eabi/15.2.1/../../../../arm-none-eabi/lib/thumb/arm946e-s\libc.a(libc_tinystdio_fclose.c.o)
                0x0200bd66                fclose
 .text.fflush   0x0200bd7e       0x10 C:/msys64/opt/wonderful/toolchain/gcc-arm-none-eabi/lib/gcc/arm-none-eabi/15.2.1/../../../../arm-none-eabi/lib/thumb/arm946e-s\libc.a(libc_tinystdio_fflush.c.o)
                0x0200bd7e                fflush
 .text.fopen    0x0200bd8e       0x2e C:/msys64/opt/wonderful/toolchain/gcc-arm-none-eabi/lib/gcc/arm-none-eabi/15.2.1/../../../../arm-none-eabi/lib/thumb/arm946e-s\libc.a(libc_tinystdio_fopen.c.o)
                0x0200bd8e                fopen
 .text.fprintf  0x0200bdbc       0x16 C:/msys64/opt/wonderful/toolchain/gcc-arm-none-eabi/lib/gcc/arm-none-eabi/15.2.1/../../../../arm-none-eabi/lib/thumb/arm946e-s\libc.a(libc_tinystdio_fprintf.c.o)
                0x0200bdbc                fprintf
 .text.fscanf   0x0200bdd2       0x16 C:/msys64/opt/wonderful/toolchain/gcc-arm-none-eabi/lib/gcc/arm-none-eabi/15.2.1/../../../../arm-none-eabi/lib/thumb/arm946e-s\libc.a(libc_tinystdio_fscanf.c.o)
                0x0200bdd2                fscanf
 .text.fseek    0x0200bde8       0x40 C:/msys64/opt/wonderful/toolchain/gcc-arm-none-eabi/lib/gcc/arm-none-eabi/15.2.1/../../../../arm-none-eabi/lib/thumb/arm946e-s\libc.a(libc_tinystdio_fseek.c.o)
                0x0200bde8                fseek
 .text.fwrite   0x0200be28      0x16e C:/msys64/opt/wonderful/toolchain/gcc-arm-none-eabi/lib/gcc/arm-none-eabi/15.2.1/../../../../arm-none-eabi/lib/thumb/arm946e-s\libc.a(libc_tinystdio_fwrite.c.o)
                0x0200be28                fwrite
 *fill*         0x0200bf96        0x2 ff
 .text.printf   0x0200bf98       0x20 C:/msys64/opt/wonderful/toolchain/gcc-arm-none-eabi/lib/gcc/arm-none-eabi/15.2.1/../../../../arm-none-eabi/lib/thumb/arm946e-s\libc.a(libc_tinystdio_printf.c.o)
                0x0200bf98                printf
 .text.putchar  0x0200bfb8       0x10 C:/msys64/opt/wonderful/toolchain/gcc-arm-none-eabi/lib/gcc/arm-none-eabi/15.2.1/../../../../arm-none-eabi/lib/thumb/arm946e-s\libc.a(libc_tinystdio_putchar.c.o)
                0x0200bfb8                putchar_unlocked
                0x0200bfb8                putchar
 .text.puts     0x0200bfc8       0x44 C:/msys64/opt/wonderful/toolchain/gcc-arm-none-eabi/lib/gcc/arm-none-eabi/15.2.1/../../../../arm-none-eabi/lib/thumb/arm946e-s\libc.a(libc_tinystdio_puts.c.o)
                0x0200bfc8                puts
 .text.rewind   0x0200c00c       0x16 C:/msys64/opt/wonderful/toolchain/gcc-arm-none-eabi/lib/gcc/arm-none-eabi/15.2.1/../../../../arm-none-eabi/lib/thumb/arm946e-s\libc.a(libc_tinystdio_rewind.c.o)
                0x0200c00c                rewind
 .text.setvbuf  0x0200c022       0x18 C:/msys64/opt/wonderful/toolchain/gcc-arm-none-eabi/lib/gcc/arm-none-eabi/15.2.1/../../../../arm-none-eabi/lib/thumb/arm946e-s\libc.a(libc_tinystdio_setvbuf.c.o)
                0x0200c022                setvbuf
 *fill*         0x0200c03a        0x2 ff
 .text.__stdio_flags
                0x0200c03c       0x58 C:/msys64/opt/wonderful/toolchain/gcc-arm-none-eabi/lib/gcc/arm-none-eabi/15.2.1/../../../../arm-none-eabi/lib/thumb/arm946e-s\libc.a(libc_tinystdio_sflags.c.o)
                0x0200c03c                __stdio_flags
 .text.__ultoa_invert
                0x0200c094       0x52 C:/msys64/opt/wonderful/toolchain/gcc-arm-none-eabi/lib/gcc/arm-none-eabi/15.2.1/../../../../arm-none-eabi/lib/thumb/arm946e-s\libc.a(libc_tinystdio_vfprintf.c.o)
 *fill*         0x0200c0e6        0x2 ff
 .text.skip_to_arg
                0x0200c0e8      0x13c C:/msys64/opt/wonderful/toolchain/gcc-arm-none-eabi/lib/gcc/arm-none-eabi/15.2.1/../../../../arm-none-eabi/lib/thumb/arm946e-s\libc.a(libc_tinystdio_vfprintf.c.o)
 .text.vfprintf
                0x0200c224      0x9c4 C:/msys64/opt/wonderful/toolchain/gcc-arm-none-eabi/lib/gcc/arm-none-eabi/15.2.1/../../../../arm-none-eabi/lib/thumb/arm946e-s\libc.a(libc_tinystdio_vfprintf.c.o)
                0x0200c224                vfprintf
                0x0200c224                __d_vfprintf
 .text.scanf_getc
                0x0200cbe8       0x14 C:/msys64/opt/wonderful/toolchain/gcc-arm-none-eabi/lib/gcc/arm-none-eabi/15.2.1/../../../../arm-none-eabi/lib/thumb/arm946e-s\libc.a(libc_tinystdio_vfscanf.c.o)
 .text.scanf_ungetc
                0x0200cbfc       0x12 C:/msys64/opt/wonderful/toolchain/gcc-arm-none-eabi/lib/gcc/arm-none-eabi/15.2.1/../../../../arm-none-eabi/lib/thumb/arm946e-s\libc.a(libc_tinystdio_vfscanf.c.o)
 .text.skip_spaces
                0x0200cc0e       0x2a C:/msys64/opt/wonderful/toolchain/gcc-arm-none-eabi/lib/gcc/arm-none-eabi/15.2.1/../../../../arm-none-eabi/lib/thumb/arm946e-s\libc.a(libc_tinystdio_vfscanf.c.o)
 .text.putval   0x0200cc38       0x2a C:/msys64/opt/wonderful/toolchain/gcc-arm-none-eabi/lib/gcc/arm-none-eabi/15.2.1/../../../../arm-none-eabi/lib/thumb/arm946e-s\libc.a(libc_tinystdio_vfscanf.c.o)
 *fill*         0x0200cc62        0x2 ff
 .text.vfscanf  0x0200cc64      0x990 C:/msys64/opt/wonderful/toolchain/gcc-arm-none-eabi/lib/gcc/arm-none-eabi/15.2.1/../../../../arm-none-eabi/lib/thumb/arm946e-s\libc.a(libc_tinystdio_vfscanf.c.o)
                0x0200cc64                vfscanf
                0x0200cc64                __d_vfscanf
 .text.vprintf  0x0200d5f4       0x14 C:/msys64/opt/wonderful/toolchain/gcc-arm-none-eabi/lib/gcc/arm-none-eabi/15.2.1/../../../../arm-none-eabi/lib/thumb/arm946e-s\libc.a(libc_tinystdio_vprintf.c.o)
                0x0200d5f4                vprintf
 .text.mulShift64
                0x0200d608       0x62 C:/msys64/opt/wonderful/toolchain/gcc-arm-none-eabi/lib/gcc/arm-none-eabi/15.2.1/../../../../arm-none-eabi/lib/thumb/arm946e-s\libc.a(libc_tinystdio_atod_ryu.c.o)
 *fill*         0x0200d66a        0x2 ff
 .text.__atod_engine
                0x0200d66c      0x158 C:/msys64/opt/wonderful/toolchain/gcc-arm-none-eabi/lib/gcc/arm-none-eabi/15.2.1/../../../../arm-none-eabi/lib/thumb/arm946e-s\libc.a(libc_tinystdio_atod_ryu.c.o)
                0x0200d66c                __atod_engine
 .text.__atof_engine
                0x0200d7c4      0x120 C:/msys64/opt/wonderful/toolchain/gcc-arm-none-eabi/lib/gcc/arm-none-eabi/15.2.1/../../../../arm-none-eabi/lib/thumb/arm946e-s\libc.a(libc_tinystdio_atof_ryu.c.o)
                0x0200d7c4                __atof_engine
 .text.mulShiftAll64
                0x0200d8e4      0x202 C:/msys64/opt/wonderful/toolchain/gcc-arm-none-eabi/lib/gcc/arm-none-eabi/15.2.1/../../../../arm-none-eabi/lib/thumb/arm946e-s\libc.a(libc_tinystdio_dtoa_ryu.c.o)
 *fill*         0x0200dae6        0x2 ff
 .text.div10    0x0200dae8       0x28 C:/msys64/opt/wonderful/toolchain/gcc-arm-none-eabi/lib/gcc/arm-none-eabi/15.2.1/../../../../arm-none-eabi/lib/thumb/arm946e-s\libc.a(libc_tinystdio_dtoa_ryu.c.o)
 .text.__dtoa_engine
                0x0200db10      0x4b8 C:/msys64/opt/wonderful/toolchain/gcc-arm-none-eabi/lib/gcc/arm-none-eabi/15.2.1/../../../../arm-none-eabi/lib/thumb/arm946e-s\libc.a(libc_tinystdio_dtoa_ryu.c.o)
                0x0200db10                __dtoa_engine
 .text.mulShift32
                0x0200dfc8       0x44 C:/msys64/opt/wonderful/toolchain/gcc-arm-none-eabi/lib/gcc/arm-none-eabi/15.2.1/../../../../arm-none-eabi/lib/thumb/arm946e-s\libc.a(libc_tinystdio_ryu_divpow2.c.o)
 .text.__mulPow5InvDivPow2
                0x0200e00c       0x28 C:/msys64/opt/wonderful/toolchain/gcc-arm-none-eabi/lib/gcc/arm-none-eabi/15.2.1/../../../../arm-none-eabi/lib/thumb/arm946e-s\libc.a(libc_tinystdio_ryu_divpow2.c.o)
                0x0200e00c                __mulPow5InvDivPow2
 .text.__mulPow5divPow2
                0x0200e034       0x20 C:/msys64/opt/wonderful/toolchain/gcc-arm-none-eabi/lib/gcc/arm-none-eabi/15.2.1/../../../../arm-none-eabi/lib/thumb/arm946e-s\libc.a(libc_tinystdio_ryu_divpow2.c.o)
                0x0200e034                __mulPow5divPow2
 .text.__log10Pow2
                0x0200e054        0xc C:/msys64/opt/wonderful/toolchain/gcc-arm-none-eabi/lib/gcc/arm-none-eabi/15.2.1/../../../../arm-none-eabi/lib/thumb/arm946e-s\libc.a(libc_tinystdio_ryu_log10.c.o)
                0x0200e054                __log10Pow2
 .text.__log10Pow5
                0x0200e060        0xc C:/msys64/opt/wonderful/toolchain/gcc-arm-none-eabi/lib/gcc/arm-none-eabi/15.2.1/../../../../arm-none-eabi/lib/thumb/arm946e-s\libc.a(libc_tinystdio_ryu_log10.c.o)
                0x0200e060                __log10Pow5
 .text.__log2pow5
                0x0200e06c        0xc C:/msys64/opt/wonderful/toolchain/gcc-arm-none-eabi/lib/gcc/arm-none-eabi/15.2.1/../../../../arm-none-eabi/lib/thumb/arm946e-s\libc.a(libc_tinystdio_ryu_log2pow5.c.o)
                0x0200e06c                __log2pow5
 .text.__ceil_log2pow5
                0x0200e078       0x10 C:/msys64/opt/wonderful/toolchain/gcc-arm-none-eabi/lib/gcc/arm-none-eabi/15.2.1/../../../../arm-none-eabi/lib/thumb/arm946e-s\libc.a(libc_tinystdio_ryu_log2pow5.c.o)
                0x0200e078                __ceil_log2pow5
 .text.__pow5bits
                0x0200e088       0x10 C:/msys64/opt/wonderful/toolchain/gcc-arm-none-eabi/lib/gcc/arm-none-eabi/15.2.1/../../../../arm-none-eabi/lib/thumb/arm946e-s\libc.a(libc_tinystdio_ryu_pow5bits.c.o)
                0x0200e088                __pow5bits
 .text.__pow5Factor
                0x0200e098       0x2c C:/msys64/opt/wonderful/toolchain/gcc-arm-none-eabi/lib/gcc/arm-none-eabi/15.2.1/../../../../arm-none-eabi/lib/thumb/arm946e-s\libc.a(libc_tinystdio_ryu_table.c.o)
                0x0200e098                __pow5Factor
 .text.__double_computePow5
                0x0200e0c4      0x100 C:/msys64/opt/wonderful/toolchain/gcc-arm-none-eabi/lib/gcc/arm-none-eabi/15.2.1/../../../../arm-none-eabi/lib/thumb/arm946e-s\libc.a(libc_tinystdio_ryu_table.c.o)
                0x0200e0c4                __double_computePow5
 .text.__double_computeInvPow5
                0x0200e1c4       0xfc C:/msys64/opt/wonderful/toolchain/gcc-arm-none-eabi/lib/gcc/arm-none-eabi/15.2.1/../../../../arm-none-eabi/lib/thumb/arm946e-s\libc.a(libc_tinystdio_ryu_table.c.o)
                0x0200e1c4                __double_computeInvPow5
 .text.__umul128
                0x0200e2c0       0x6c C:/msys64/opt/wonderful/toolchain/gcc-arm-none-eabi/lib/gcc/arm-none-eabi/15.2.1/../../../../arm-none-eabi/lib/thumb/arm946e-s\libc.a(libc_tinystdio_ryu_umul128.c.o)
                0x0200e2c0                __umul128
 .text.__shiftright128
                0x0200e32c       0x28 C:/msys64/opt/wonderful/toolchain/gcc-arm-none-eabi/lib/gcc/arm-none-eabi/15.2.1/../../../../arm-none-eabi/lib/thumb/arm946e-s\libc.a(libc_tinystdio_ryu_umul128.c.o)
                0x0200e32c                __shiftright128
 .text.isnan    0x0200e354       0x18 C:/msys64/opt/wonderful/toolchain/gcc-arm-none-eabi/lib/gcc/arm-none-eabi/15.2.1/../../../../arm-none-eabi/lib/thumb/arm946e-s\libc.a(libm_common_s_isnan.c.o)
                0x0200e354                isnan
                0x0200e354                isnanl
                0x0200e354                __isnand
                0x0200e354                __isnanl
 .text.memmove  0x0200e36c       0x26 C:/msys64/opt/wonderful/toolchain/gcc-arm-none-eabi/lib/gcc/arm-none-eabi/15.2.1/../../../../arm-none-eabi/lib/thumb/arm946e-s\libc.a(memmove.c.o)
                0x0200e36c                __aeabi_memmove8
                0x0200e36c                __aeabi_memmove
                0x0200e36c                __aeabi_memmove4
                0x0200e36c                memmove
 *fill*         0x0200e392        0x2 ff
 .text.__libc_fini_array
                0x0200e394       0x1c C:/msys64/opt/wonderful/toolchain/gcc-arm-none-eabi/lib/gcc/arm-none-eabi/15.2.1/../../../../arm-none-eabi/lib/thumb/arm946e-s\libc.a(libc_misc_fini.c.o)
                0x0200e394                __libc_fini_array
 .text.strchr   0x0200e3b0       0x1e C:/msys64/opt/wonderful/toolchain/gcc-arm-none-eabi/lib/gcc/arm-none-eabi/15.2.1/../../../../arm-none-eabi/lib/thumb/arm946e-s\libc.a(libc_string_strchr.c.o)
                0x0200e3b0                strchr
 .text.strnlen  0x0200e3ce       0x16 C:/msys64/opt/wonderful/toolchain/gcc-arm-none-eabi/lib/gcc/arm-none-eabi/15.2.1/../../../../arm-none-eabi/lib/thumb/arm946e-s\libc.a(libc_string_strnlen.c.o)
                0x0200e3ce                strnlen
 .text.__bufio_lock
                0x0200e3e4       0x18 C:/msys64/opt/wonderful/toolchain/gcc-arm-none-eabi/lib/gcc/arm-none-eabi/15.2.1/../../../../arm-none-eabi/lib/thumb/arm946e-s\libc.a(libc_tinystdio_bufio.c.o)
 .text.__bufio_flush_locked
                0x0200e3fc       0x66 C:/msys64/opt/wonderful/toolchain/gcc-arm-none-eabi/lib/gcc/arm-none-eabi/15.2.1/../../../../arm-none-eabi/lib/thumb/arm946e-s\libc.a(libc_tinystdio_bufio.c.o)
                0x0200e3fc                __bufio_flush_locked
 .text.__bufio_fill_locked
                0x0200e462       0x2c C:/msys64/opt/wonderful/toolchain/gcc-arm-none-eabi/lib/gcc/arm-none-eabi/15.2.1/../../../../arm-none-eabi/lib/thumb/arm946e-s\libc.a(libc_tinystdio_bufio.c.o)
                0x0200e462                __bufio_fill_locked
 .text.__bufio_flush
                0x0200e48e       0x1a C:/msys64/opt/wonderful/toolchain/gcc-arm-none-eabi/lib/gcc/arm-none-eabi/15.2.1/../../../../arm-none-eabi/lib/thumb/arm946e-s\libc.a(libc_tinystdio_bufio.c.o)
                0x0200e48e                __bufio_flush
 .text.__bufio_setdir_locked
                0x0200e4a8       0x1a C:/msys64/opt/wonderful/toolchain/gcc-arm-none-eabi/lib/gcc/arm-none-eabi/15.2.1/../../../../arm-none-eabi/lib/thumb/arm946e-s\libc.a(libc_tinystdio_bufio.c.o)
                0x0200e4a8                __bufio_setdir_locked
 .text.__bufio_put
                0x0200e4c2       0x50 C:/msys64/opt/wonderful/toolchain/gcc-arm-none-eabi/lib/gcc/arm-none-eabi/15.2.1/../../../../arm-none-eabi/lib/thumb/arm946e-s\libc.a(libc_tinystdio_bufio.c.o)
                0x0200e4c2                __bufio_put
 *fill*         0x0200e512        0x2 ff
 .text.__bufio_get
                0x0200e514       0x70 C:/msys64/opt/wonderful/toolchain/gcc-arm-none-eabi/lib/gcc/arm-none-eabi/15.2.1/../../../../arm-none-eabi/lib/thumb/arm946e-s\libc.a(libc_tinystdio_bufio.c.o)
                0x0200e514                __bufio_get
 .text.__bufio_seek
                0x0200e584       0x6a C:/msys64/opt/wonderful/toolchain/gcc-arm-none-eabi/lib/gcc/arm-none-eabi/15.2.1/../../../../arm-none-eabi/lib/thumb/arm946e-s\libc.a(libc_tinystdio_bufio.c.o)
                0x0200e584                __bufio_seek
 .text.__bufio_setvbuf
                0x0200e5ee       0x88 C:/msys64/opt/wonderful/toolchain/gcc-arm-none-eabi/lib/gcc/arm-none-eabi/15.2.1/../../../../arm-none-eabi/lib/thumb/arm946e-s\libc.a(libc_tinystdio_bufio.c.o)
                0x0200e5ee                __bufio_setvbuf
 .text.__bufio_close
                0x0200e676       0x4a C:/msys64/opt/wonderful/toolchain/gcc-arm-none-eabi/lib/gcc/arm-none-eabi/15.2.1/../../../../arm-none-eabi/lib/thumb/arm946e-s\libc.a(libc_tinystdio_bufio.c.o)
                0x0200e676                __bufio_close
 .text.__dtox_engine
                0x0200e6c0      0x128 C:/msys64/opt/wonderful/toolchain/gcc-arm-none-eabi/lib/gcc/arm-none-eabi/15.2.1/../../../../arm-none-eabi/lib/thumb/arm946e-s\libc.a(libc_tinystdio_dtox_engine.c.o)
                0x0200e6c0                __dtox_engine
 .text.__picolibc_non_atomic_exchange_ungetc
                0x0200e7e8        0x8 C:/msys64/opt/wonderful/toolchain/gcc-arm-none-eabi/lib/gcc/arm-none-eabi/15.2.1/../../../../arm-none-eabi/lib/thumb/arm946e-s\libc.a(libc_tinystdio_exchange.c.o)
                0x0200e7e8                __picolibc_non_atomic_exchange_ungetc
                0x0200e7e8                __atomic_exchange_ungetc
 .text.fdopen   0x0200e7f0       0xa4 C:/msys64/opt/wonderful/toolchain/gcc-arm-none-eabi/lib/gcc/arm-none-eabi/15.2.1/../../../../arm-none-eabi/lib/thumb/arm946e-s\libc.a(libc_tinystdio_fdopen.c.o)
                0x0200e7f0                fdopen
 .text.getc     0x0200e894       0x44 C:/msys64/opt/wonderful/toolchain/gcc-arm-none-eabi/lib/gcc/arm-none-eabi/15.2.1/../../../../arm-none-eabi/lib/thumb/arm946e-s\libc.a(libc_tinystdio_fgetc.c.o)
                0x0200e894                getc
                0x0200e894                fgetc
                0x0200e894                getc_unlocked
 .text.putc     0x0200e8d8       0x2c C:/msys64/opt/wonderful/toolchain/gcc-arm-none-eabi/lib/gcc/arm-none-eabi/15.2.1/../../../../arm-none-eabi/lib/thumb/arm946e-s\libc.a(libc_tinystdio_fputc.c.o)
                0x0200e8d8                putc
                0x0200e8d8                fputc
                0x0200e8d8                putc_unlocked
 .text.fseeko   0x0200e904       0x40 C:/msys64/opt/wonderful/toolchain/gcc-arm-none-eabi/lib/gcc/arm-none-eabi/15.2.1/../../../../arm-none-eabi/lib/thumb/arm946e-s\libc.a(libc_tinystdio_fseeko.c.o)
                0x0200e904                fseeko
 .text.ungetc   0x0200e944       0x36 C:/msys64/opt/wonderful/toolchain/gcc-arm-none-eabi/lib/gcc/arm-none-eabi/15.2.1/../../../../arm-none-eabi/lib/thumb/arm946e-s\libc.a(libc_tinystdio_ungetc.c.o)
                0x0200e944                ungetc
 .text.__picolibc_non_atomic_compare_exchange_ungetc
                0x0200e97a       0x12 C:/msys64/opt/wonderful/toolchain/gcc-arm-none-eabi/lib/gcc/arm-none-eabi/15.2.1/../../../../arm-none-eabi/lib/thumb/arm946e-s\libc.a(libc_tinystdio_compare_exchange.c.o)
                0x0200e97a                __atomic_compare_exchange_ungetc
                0x0200e97a                __picolibc_non_atomic_compare_exchange_ungetc
 .text.open     0x0200e98c       0xfc C:/msys64/opt/wonderful/thirdparty/blocksds/core/libs/libnds/lib\libnds9.a(filesystem.c.o)
                0x0200e98c                open
 .text.read     0x0200ea88       0x70 C:/msys64/opt/wonderful/thirdparty/blocksds/core/libs/libnds/lib\libnds9.a(filesystem.c.o)
                0x0200ea88                read
 .text.write    0x0200eaf8       0xa0 C:/msys64/opt/wonderful/thirdparty/blocksds/core/libs/libnds/lib\libnds9.a(filesystem.c.o)
                0x0200eaf8                write
 .text.close    0x0200eb98       0x7c C:/msys64/opt/wonderful/thirdparty/blocksds/core/libs/libnds/lib\libnds9.a(filesystem.c.o)
                0x0200eb98                close
 .text.lseek    0x0200ec14       0x74 C:/msys64/opt/wonderful/thirdparty/blocksds/core/libs/libnds/lib\libnds9.a(filesystem.c.o)
                0x0200ec14                lseek
 .text.nitrofs_read_internal_cart
                0x0200ec88       0xa4 C:/msys64/opt/wonderful/thirdparty/blocksds/core/libs/libnds/lib\libnds9.a(nitrofs.c.o)
 .text.nitrofs_read_internal
                0x0200ed2c       0x54 C:/msys64/opt/wonderful/thirdparty/blocksds/core/libs/libnds/lib\libnds9.a(nitrofs.c.o)
 .text.nitrofs_dir_state_init
                0x0200ed80       0x9c C:/msys64/opt/wonderful/thirdparty/blocksds/core/libs/libnds/lib\libnds9.a(nitrofs.c.o)
 .text.nitrofs_dir_state_next
                0x0200ee1c       0xb0 C:/msys64/opt/wonderful/thirdparty/blocksds/core/libs/libnds/lib\libnds9.a(nitrofs.c.o)
 .text.nitrofs_dir_step
                0x0200eecc       0xf0 C:/msys64/opt/wonderful/thirdparty/blocksds/core/libs/libnds/lib\libnds9.a(nitrofs.c.o)
 .text.nitrofs_use_for_path
                0x0200efbc       0x30 C:/msys64/opt/wonderful/thirdparty/blocksds/core/libs/libnds/lib\libnds9.a(nitrofs.c.o)
                0x0200efbc                nitrofs_use_for_path
 .text.nitrofs_path_resolve
                0x0200efec       0x68 C:/msys64/opt/wonderful/thirdparty/blocksds/core/libs/libnds/lib\libnds9.a(nitrofs.c.o)
                0x0200efec                nitrofs_path_resolve
 .text.nitrofs_read
                0x0200f054       0x30 C:/msys64/opt/wonderful/thirdparty/blocksds/core/libs/libnds/lib\libnds9.a(nitrofs.c.o)
                0x0200f054                nitrofs_read
 .text.nitrofs_lseek
                0x0200f084       0x58 C:/msys64/opt/wonderful/thirdparty/blocksds/core/libs/libnds/lib\libnds9.a(nitrofs.c.o)
                0x0200f084                nitrofs_lseek
 .text.nitrofs_close
                0x0200f0dc       0x10 C:/msys64/opt/wonderful/thirdparty/blocksds/core/libs/libnds/lib\libnds9.a(nitrofs.c.o)
                0x0200f0dc                nitrofs_close
 .text.nitroFSOpenById
                0x0200f0ec       0x6c C:/msys64/opt/wonderful/thirdparty/blocksds/core/libs/libnds/lib\libnds9.a(nitrofs.c.o)
                0x0200f0ec                nitroFSOpenById
 .text.nitrofs_open
                0x0200f158       0x4c C:/msys64/opt/wonderful/thirdparty/blocksds/core/libs/libnds/lib\libnds9.a(nitrofs.c.o)
                0x0200f158                nitrofs_open
 .text.cardReadArm7
                0x0200f1a4       0x6c C:/msys64/opt/wonderful/thirdparty/blocksds/core/libs/libnds/lib\libnds9.a(card.c.o)
                0x0200f1a4                cardReadArm7
 .text.dldi_arm7_read_sectors
                0x0200f210       0x5c C:/msys64/opt/wonderful/thirdparty/blocksds/core/libs/libnds/lib\libnds9.a(dldi.c.o)
 .text.dldi_arm7_shutdown
                0x0200f26c       0x3c C:/msys64/opt/wonderful/thirdparty/blocksds/core/libs/libnds/lib\libnds9.a(dldi.c.o)
 .text.dldi_arm7_clear_status
                0x0200f2a8       0x3c C:/msys64/opt/wonderful/thirdparty/blocksds/core/libs/libnds/lib\libnds9.a(dldi.c.o)
 .text.dldi_arm7_is_inserted
                0x0200f2e4       0x3c C:/msys64/opt/wonderful/thirdparty/blocksds/core/libs/libnds/lib\libnds9.a(dldi.c.o)
 .text.dldi_arm7_startup
                0x0200f320       0x50 C:/msys64/opt/wonderful/thirdparty/blocksds/core/libs/libnds/lib\libnds9.a(dldi.c.o)
 .text.dldi_arm7_write_sectors
                0x0200f370       0x5c C:/msys64/opt/wonderful/thirdparty/blocksds/core/libs/libnds/lib\libnds9.a(dldi.c.o)
 .text.dldiGetMode
                0x0200f3cc        0xc C:/msys64/opt/wonderful/thirdparty/blocksds/core/libs/libnds/lib\libnds9.a(dldi.c.o)
                0x0200f3cc                dldiGetMode
 .text.dldiGetInternal
                0x0200f3d8       0xac C:/msys64/opt/wonderful/thirdparty/blocksds/core/libs/libnds/lib\libnds9.a(dldi.c.o)
                0x0200f3d8                dldiGetInternal
 .text.dldiGetStubEnd
                0x0200f484        0x8 C:/msys64/opt/wonderful/thirdparty/blocksds/core/libs/libnds/lib\libnds9.a(dldi.c.o)
                0x0200f484                dldiGetStubEnd
 .text.cardPolledTransfer
                0x0200f48c       0x5c C:/msys64/opt/wonderful/thirdparty/blocksds/core/libs/libnds/lib\libnds9.a(card.c.o)
                0x0200f48c                cardPolledTransfer
 .text.cardRead
                0x0200f4e8      0x190 C:/msys64/opt/wonderful/thirdparty/blocksds/core/libs/libnds/lib\libnds9.a(card.c.o)
                0x0200f4e8                cardRead
 .text.gettimeofday
                0x0200f678       0x1c C:/msys64/opt/wonderful/thirdparty/blocksds/core/libs/libnds/lib\libnds9.a(syscalls.c.o)
                0x0200f678                gettimeofday
 .text.tchar2uni
                0x0200f694       0xb4 C:/msys64/opt/wonderful/thirdparty/blocksds/core/libs/libnds/lib\libnds9.a(ff.c.o)
 .text.get_ldnumber
                0x0200f748       0xdc C:/msys64/opt/wonderful/thirdparty/blocksds/core/libs/libnds/lib\libnds9.a(ff.c.o)
 .text.dir_clear
                0x0200f824      0x10c C:/msys64/opt/wonderful/thirdparty/blocksds/core/libs/libnds/lib\libnds9.a(ff.c.o)
 .text.unlock_volume.part.0.isra.0
                0x0200f930        0x8 C:/msys64/opt/wonderful/thirdparty/blocksds/core/libs/libnds/lib\libnds9.a(ff.c.o)
 .text.sync_fs  0x0200f938       0xb8 C:/msys64/opt/wonderful/thirdparty/blocksds/core/libs/libnds/lib\libnds9.a(ff.c.o)
 .text.move_window
                0x0200f9f0       0x78 C:/msys64/opt/wonderful/thirdparty/blocksds/core/libs/libnds/lib\libnds9.a(ff.c.o)
 .text.put_fat.part.0
                0x0200fa68      0x10c C:/msys64/opt/wonderful/thirdparty/blocksds/core/libs/libnds/lib\libnds9.a(ff.c.o)
 .text.get_fat.isra.0
                0x0200fb74       0xb8 C:/msys64/opt/wonderful/thirdparty/blocksds/core/libs/libnds/lib\libnds9.a(ff.c.o)
 .text.remove_chain
                0x0200fc2c       0x84 C:/msys64/opt/wonderful/thirdparty/blocksds/core/libs/libnds/lib\libnds9.a(ff.c.o)
 .text.create_chain
                0x0200fcb0      0x124 C:/msys64/opt/wonderful/thirdparty/blocksds/core/libs/libnds/lib\libnds9.a(ff.c.o)
 .text.dir_next
                0x0200fdd4       0xd4 C:/msys64/opt/wonderful/thirdparty/blocksds/core/libs/libnds/lib\libnds9.a(ff.c.o)
 .text.dir_sdi  0x0200fea8       0x9c C:/msys64/opt/wonderful/thirdparty/blocksds/core/libs/libnds/lib\libnds9.a(ff.c.o)
 .text.dir_alloc
                0x0200ff44       0x4c C:/msys64/opt/wonderful/thirdparty/blocksds/core/libs/libnds/lib\libnds9.a(ff.c.o)
 .text.dir_find
                0x0200ff90      0x1d0 C:/msys64/opt/wonderful/thirdparty/blocksds/core/libs/libnds/lib\libnds9.a(ff.c.o)
 .text.follow_path
                0x02010160      0x41c C:/msys64/opt/wonderful/thirdparty/blocksds/core/libs/libnds/lib\libnds9.a(ff.c.o)
 .text.dir_register
                0x0201057c      0x304 C:/msys64/opt/wonderful/thirdparty/blocksds/core/libs/libnds/lib\libnds9.a(ff.c.o)
 .text.validate
                0x02010880       0x58 C:/msys64/opt/wonderful/thirdparty/blocksds/core/libs/libnds/lib\libnds9.a(ff.c.o)
 .text.check_fs
                0x020108d8      0x150 C:/msys64/opt/wonderful/thirdparty/blocksds/core/libs/libnds/lib\libnds9.a(ff.c.o)
 .text.mount_volume
                0x02010a28      0x354 C:/msys64/opt/wonderful/thirdparty/blocksds/core/libs/libnds/lib\libnds9.a(ff.c.o)
 .text.f_open   0x02010d7c      0x2c0 C:/msys64/opt/wonderful/thirdparty/blocksds/core/libs/libnds/lib\libnds9.a(ff.c.o)
                0x02010d7c                libnds_f_open
 .text.f_read   0x0201103c      0x298 C:/msys64/opt/wonderful/thirdparty/blocksds/core/libs/libnds/lib\libnds9.a(ff.c.o)
                0x0201103c                libnds_f_read
 .text.f_write  0x020112d4      0x2ec C:/msys64/opt/wonderful/thirdparty/blocksds/core/libs/libnds/lib\libnds9.a(ff.c.o)
                0x020112d4                libnds_f_write
 .text.f_sync   0x020115c0       0xd8 C:/msys64/opt/wonderful/thirdparty/blocksds/core/libs/libnds/lib\libnds9.a(ff.c.o)
                0x020115c0                libnds_f_sync
 .text.f_close  0x02011698       0x30 C:/msys64/opt/wonderful/thirdparty/blocksds/core/libs/libnds/lib\libnds9.a(ff.c.o)
                0x02011698                libnds_f_close
 .text.f_lseek  0x020116c8      0x310 C:/msys64/opt/wonderful/thirdparty/blocksds/core/libs/libnds/lib\libnds9.a(ff.c.o)
                0x020116c8                libnds_f_lseek
 .text.ff_uni2oem
                0x020119d8       0x40 C:/msys64/opt/wonderful/thirdparty/blocksds/core/libs/libnds/lib\libnds9.a(ffunicode.c.o)
                0x020119d8                libnds_ff_uni2oem
 .text.ff_wtoupper
                0x02011a18       0xcc C:/msys64/opt/wonderful/thirdparty/blocksds/core/libs/libnds/lib\libnds9.a(ffunicode.c.o)
                0x02011a18                libnds_ff_wtoupper
 .text.cache_sector_get
                0x02011ae4       0x70 C:/msys64/opt/wonderful/thirdparty/blocksds/core/libs/libnds/lib\libnds9.a(cache.c.o)
                0x02011ae4                cache_sector_get
 .text.cache_sector_add
                0x02011b54       0xb0 C:/msys64/opt/wonderful/thirdparty/blocksds/core/libs/libnds/lib\libnds9.a(cache.c.o)
                0x02011b54                cache_sector_add
 .text.cache_sector_invalidate
                0x02011c04       0x4c C:/msys64/opt/wonderful/thirdparty/blocksds/core/libs/libnds/lib\libnds9.a(cache.c.o)
                0x02011c04                cache_sector_invalidate
 .text.disk_status
                0x02011c50       0x6c C:/msys64/opt/wonderful/thirdparty/blocksds/core/libs/libnds/lib\libnds9.a(diskio.c.o)
                0x02011c50                libnds_disk_status
 .text.disk_initialize
                0x02011cbc       0x74 C:/msys64/opt/wonderful/thirdparty/blocksds/core/libs/libnds/lib\libnds9.a(diskio.c.o)
                0x02011cbc                libnds_disk_initialize
 .text.disk_read
                0x02011d30      0x104 C:/msys64/opt/wonderful/thirdparty/blocksds/core/libs/libnds/lib\libnds9.a(diskio.c.o)
                0x02011d30                libnds_disk_read
 .text.disk_write
                0x02011e34       0xbc C:/msys64/opt/wonderful/thirdparty/blocksds/core/libs/libnds/lib\libnds9.a(diskio.c.o)
                0x02011e34                libnds_disk_write
 .text.disk_ioctl
                0x02011ef0       0x48 C:/msys64/opt/wonderful/thirdparty/blocksds/core/libs/libnds/lib\libnds9.a(diskio.c.o)
                0x02011ef0                libnds_disk_ioctl
 .text.get_fattime
                0x02011f38       0x1c C:/msys64/opt/wonderful/thirdparty/blocksds/core/libs/libnds/lib\libnds9.a(diskio.c.o)
                0x02011f38                libnds_ff_get_fattime
 .text.ff_mutex_take
                0x02011f54       0x18 C:/msys64/opt/wonderful/thirdparty/blocksds/core/libs/libnds/lib\libnds9.a(ffsystem.c.o)
                0x02011f54                libnds_ff_mutex_take
 .text.ff_mutex_give
                0x02011f6c       0x1c C:/msys64/opt/wonderful/thirdparty/blocksds/core/libs/libnds/lib\libnds9.a(ffsystem.c.o)
                0x02011f6c                libnds_ff_mutex_give
 .text.fatfs_error_to_posix
                0x02011f88       0x24 C:/msys64/opt/wonderful/thirdparty/blocksds/core/libs/libnds/lib\libnds9.a(fatfs.c.o)
                0x02011f88                fatfs_error_to_posix
 .text.fatfs_timestamp_to_fattime
                0x02011fac       0x28 C:/msys64/opt/wonderful/thirdparty/blocksds/core/libs/libnds/lib\libnds9.a(fatfs.c.o)
                0x02011fac                fatfs_timestamp_to_fattime
 .text.get_io_dsinand
                0x02011fd4       0x18 C:/msys64/opt/wonderful/thirdparty/blocksds/core/libs/libnds/lib\libnds9.a(nandfs.c.o)
                0x02011fd4                get_io_dsinand
 .text.get_io_dsisd
                0x02011fec       0x24 C:/msys64/opt/wonderful/thirdparty/blocksds/core/libs/libnds/lib\libnds9.a(sdmmc.c.o)
                0x02011fec                get_io_dsisd
 .text.memcmp   0x02012010       0x1c C:/msys64/opt/wonderful/toolchain/gcc-arm-none-eabi/lib/gcc/arm-none-eabi/15.2.1/../../../../arm-none-eabi/lib/thumb/arm946e-s\libc.a(libc_string_memcmp.c.o)
                0x02012010                memcmp
 .text.strncmp  0x0201202c       0x24 C:/msys64/opt/wonderful/toolchain/gcc-arm-none-eabi/lib/gcc/arm-none-eabi/15.2.1/../../../../arm-none-eabi/lib/thumb/arm946e-s\libc.a(libc_string_strncmp.c.o)
                0x0201202c                strncmp
 .text.strstr   0x02012050       0x2c C:/msys64/opt/wonderful/toolchain/gcc-arm-none-eabi/lib/gcc/arm-none-eabi/15.2.1/../../../../arm-none-eabi/lib/thumb/arm946e-s\libc.a(libc_string_strstr.c.o)
                0x02012050                strstr
 .text.localtime
                0x0201207c       0x18 C:/msys64/opt/wonderful/toolchain/gcc-arm-none-eabi/lib/gcc/arm-none-eabi/15.2.1/../../../../arm-none-eabi/lib/thumb/arm946e-s\libc.a(libc_time_lcltime.c.o)
                0x0201207c                localtime
 .text.localtime_r
                0x02012094      0x1f8 C:/msys64/opt/wonderful/toolchain/gcc-arm-none-eabi/lib/gcc/arm-none-eabi/15.2.1/../../../../arm-none-eabi/lib/thumb/arm946e-s\libc.a(libc_time_lcltime_r.c.o)
                0x02012094                localtime_r
 .text.__tzcalc_limits
                0x0201228c      0x178 C:/msys64/opt/wonderful/toolchain/gcc-arm-none-eabi/lib/gcc/arm-none-eabi/15.2.1/../../../../arm-none-eabi/lib/thumb/arm946e-s\libc.a(libc_time_tzcalc_limits.c.o)
                0x0201228c                __tzcalc_limits
 .text._tzset_unlocked
                0x02012404      0x3e0 C:/msys64/opt/wonderful/toolchain/gcc-arm-none-eabi/lib/gcc/arm-none-eabi/15.2.1/../../../../arm-none-eabi/lib/thumb/arm946e-s\libc.a(libc_time_tzset.c.o)
                0x02012404                _tzset_unlocked
 .text.fread    0x020127e4      0x1b8 C:/msys64/opt/wonderful/toolchain/gcc-arm-none-eabi/lib/gcc/arm-none-eabi/15.2.1/../../../../arm-none-eabi/lib/thumb/arm946e-s\libc.a(libc_tinystdio_fread.c.o)
                0x020127e4                fread
 .text.sscanf   0x0201299c       0x3c C:/msys64/opt/wonderful/toolchain/gcc-arm-none-eabi/lib/gcc/arm-none-eabi/15.2.1/../../../../arm-none-eabi/lib/thumb/arm946e-s\libc.a(libc_tinystdio_sscanf.c.o)
                0x0201299c                sscanf
 .text.strtoul  0x020129d8      0x12c C:/msys64/opt/wonderful/toolchain/gcc-arm-none-eabi/lib/gcc/arm-none-eabi/15.2.1/../../../../arm-none-eabi/lib/thumb/arm946e-s\libc.a(libc_tinystdio_strtoul.c.o)
                0x020129d8                strtoul
 .text.getenv   0x02012b04        0xa C:/msys64/opt/wonderful/toolchain/gcc-arm-none-eabi/lib/gcc/arm-none-eabi/15.2.1/../../../../arm-none-eabi/lib/thumb/arm946e-s\libc.a(libc_stdlib_getenv.c.o)
                0x02012b04                getenv
 *fill*         0x02012b0e        0x2 ff
 .text._findenv
                0x02012b10       0x7c C:/msys64/opt/wonderful/toolchain/gcc-arm-none-eabi/lib/gcc/arm-none-eabi/15.2.1/../../../../arm-none-eabi/lib/thumb/arm946e-s\libc.a(libc_stdlib_getenv_r.c.o)
                0x02012b10                _findenv
 .text.__gettzinfo
                0x02012b8c        0x8 C:/msys64/opt/wonderful/toolchain/gcc-arm-none-eabi/lib/gcc/arm-none-eabi/15.2.1/../../../../arm-none-eabi/lib/thumb/arm946e-s\libc.a(libc_time_gettzinfo.c.o)
                0x02012b8c                __gettzinfo
 .text.gmtime_r
                0x02012b94      0x1bc C:/msys64/opt/wonderful/toolchain/gcc-arm-none-eabi/lib/gcc/arm-none-eabi/15.2.1/../../../../arm-none-eabi/lib/thumb/arm946e-s\libc.a(libc_time_gmtime_r.c.o)
                0x02012b94                gmtime_r
 .text.__file_str_get
                0x02012d50       0x16 C:/msys64/opt/wonderful/toolchain/gcc-arm-none-eabi/lib/gcc/arm-none-eabi/15.2.1/../../../../arm-none-eabi/lib/thumb/arm946e-s\libc.a(libc_tinystdio_filestrget.c.o)
                0x02012d50                __file_str_get
 *fill*         0x02012d66        0x2 ff
 .text.__file_str_get.__stub
                0x02012d68       0x40 linker stubs
 *(EXCLUDE_FILE(*.twl*) .gnu.warning)
 *(EXCLUDE_FILE(*.twl*) .gnu.linkonce.t*)
 *(.glue_7)
 .glue_7        0x02012da8        0x0 linker stubs
 *(.glue_7t)
 .glue_7t       0x02012da8        0x0 linker stubs
                0x02012da8                        . = ALIGN (0x4)
 *fill*         0x02012da8        0x0 ff

.vfp11_veneer   0x02012da8        0x0
 .vfp11_veneer  0x02012da8        0x0 linker stubs

.v4_bx          0x02012da8        0x0
 .v4_bx         0x02012da8        0x0 linker stubs

.iplt           0x02012da8        0x0
 .iplt          0x02012da8        0x0 C:/msys64/opt/wonderful/thirdparty/blocksds/core/sys/crts/ds_arm9_crt0.o

.fini           0x02012da8        0x8
 *(.fini)
 .fini          0x02012da8        0x8 C:/msys64/opt/wonderful/toolchain/gcc-arm-none-eabi/lib/gcc/arm-none-eabi/15.2.1/thumb/arm946e-s/crtn.o
                0x02012db0                        __text_end = .

.rodata         0x02012db0     0x1638
 *(EXCLUDE_FILE(*.twl*) .rodata)
 .rodata        0x02012db0      0x1d4 build/DStimer/source/main.c.o
 .rodata        0x02012f84       0x40 C:/msys64/opt/wonderful/thirdparty/blocksds/core/libs/libnds/lib\libnds9.a(exceptions.c.o)
 .rodata        0x02012fc4        0xb C:/msys64/opt/wonderful/toolchain/gcc-arm-none-eabi/lib/gcc/arm-none-eabi/15.2.1/../../../../arm-none-eabi/lib/thumb/arm946e-s\libc.a(libc_tinystdio_vfscanf.c.o)
 *fill*         0x02012fcf        0x1 ff
 .rodata        0x02012fd0      0x340 C:/msys64/opt/wonderful/toolchain/gcc-arm-none-eabi/lib/gcc/arm-none-eabi/15.2.1/../../../../arm-none-eabi/lib/thumb/arm946e-s\libc.a(libc_tinystdio_ryu_table.c.o)
 .rodata        0x02013310       0x14 C:/msys64/opt/wonderful/thirdparty/blocksds/core/libs/libnds/lib\libnds9.a(fatfs.c.o)
 .rodata        0x02013324       0x18 C:/msys64/opt/wonderful/toolchain/gcc-arm-none-eabi/lib/gcc/arm-none-eabi/15.2.1/../../../../arm-none-eabi/lib/thumb/arm946e-s\libc.a(libc_time_month_lengths.c.o)
                0x02013324                __month_lengths
 .rodata        0x0201333c        0x4 C:/msys64/opt/wonderful/toolchain/gcc-arm-none-eabi/lib/gcc/arm-none-eabi/15.2.1/../../../../arm-none-eabi/lib/thumb/arm946e-s\libc.a(libc_stdlib_environ.c.o)
 *all.rodata*(*)
 *(EXCLUDE_FILE(*.twl*) .roda)
 *(EXCLUDE_FILE(*.twl*) .rodata.*)
 .rodata.getSolveCount.str1.4
                0x02013340      0x31a build/DStimer/source/main.c.o
                                  0xb (size before relaxing)
 .rodata.incrementCount.str1.4
                0x0201365a        0x0 build/DStimer/source/main.c.o
                                  0xd (size before relaxing)
 .rodata.removeLastSolve.str1.4
                0x0201365a        0x0 build/DStimer/source/main.c.o
                                  0x5 (size before relaxing)
 .rodata.addSolve.str1.4
                0x0201365a        0x0 build/DStimer/source/main.c.o
                                  0x7 (size before relaxing)
 .rodata.doFilesExist.str1.4
                0x0201365a        0x0 build/DStimer/source/main.c.o
                                 0x16 (size before relaxing)
 .rodata.displaySolves.str1.4
                0x0201365a        0x0 build/DStimer/source/main.c.o
                                 0x3f (size before relaxing)
 .rodata.a05.str1.4
                0x0201365a        0x0 build/DStimer/source/main.c.o
                                 0x2e (size before relaxing)
 *fill*         0x0201365a        0x2 ff
 .rodata.DoScramble
                0x0201365c       0xa0 build/DStimer/source/main.c.o
 .rodata.main.str1.4
                0x020136fc        0x0 build/DStimer/source/main.c.o
                                 0x21 (size before relaxing)
 .rodata.str1.4
                0x020136fc        0x0 build/DStimer/source/main.c.o
                                 0x52 (size before relaxing)
 .rodata.con_write
                0x020136fc      0x118 C:/msys64/opt/wonderful/thirdparty/blocksds/core/libs/libnds/lib\libnds9.a(console.c.o)
 .rodata.stderr
                0x02013814        0x4 C:/msys64/opt/wonderful/thirdparty/blocksds/core/libs/libnds/lib\libnds9.a(iob.c.o)
                0x02013814                stderr
 .rodata.stdout
                0x02013818        0x4 C:/msys64/opt/wonderful/thirdparty/blocksds/core/libs/libnds/lib\libnds9.a(iob.c.o)
                0x02013818                stdout
 .rodata.stdin  0x0201381c        0x4 C:/msys64/opt/wonderful/thirdparty/blocksds/core/libs/libnds/lib\libnds9.a(iob.c.o)
                0x0201381c                stdin
 .rodata.systemValueHandler.str1.4
                0x02013820        0x0 C:/msys64/opt/wonderful/thirdparty/blocksds/core/libs/libnds/lib\libnds9.a(system.c.o)
                                 0x2b (size before relaxing)
 .rodata.systemValueHandler
                0x02013820       0x10 C:/msys64/opt/wonderful/thirdparty/blocksds/core/libs/libnds/lib\libnds9.a(system.c.o)
 .rodata.bgTransform
                0x02013830       0x20 C:/msys64/opt/wonderful/thirdparty/blocksds/core/libs/libnds/lib\libnds9.a(background.c.o)
                0x02013830                bgTransform
 .rodata.bgScrollTable
                0x02013850       0x20 C:/msys64/opt/wonderful/thirdparty/blocksds/core/libs/libnds/lib\libnds9.a(background.c.o)
                0x02013850                bgScrollTable
 .rodata.bgControl
                0x02013870       0x20 C:/msys64/opt/wonderful/thirdparty/blocksds/core/libs/libnds/lib\libnds9.a(background.c.o)
                0x02013870                bgControl
 .rodata.glMaterialf
                0x02013890       0x44 C:/msys64/opt/wonderful/thirdparty/blocksds/core/libs/libnds/lib\libnds9.a(videoGL.c.o)
 .rodata.__func__.0
                0x020138d4       0x19 C:/msys64/opt/wonderful/thirdparty/blocksds/core/libs/libnds/lib\libnds9.a(threads.c.o)
 .rodata.fifoReadRxFifoAndProcessBuffer.str1.4
                0x020138ed        0x0 C:/msys64/opt/wonderful/thirdparty/blocksds/core/libs/libnds/lib\libnds9.a(fifosystem.c.o)
                                 0x15 (size before relaxing)
 .rodata.__retarget_lock_init_recursive.str1.4
                0x020138ed        0x0 C:/msys64/opt/wonderful/thirdparty/blocksds/core/libs/libnds/lib\libnds9.a(locks.c.o)
                                  0xa (size before relaxing)
 .rodata.__retarget_lock_close_recursive.str1.4
                0x020138ed        0x0 C:/msys64/opt/wonderful/thirdparty/blocksds/core/libs/libnds/lib\libnds9.a(locks.c.o)
                                  0xb (size before relaxing)
 .rodata.__retarget_lock_release_recursive.str1.4
                0x020138ed        0x0 C:/msys64/opt/wonderful/thirdparty/blocksds/core/libs/libnds/lib\libnds9.a(locks.c.o)
                                  0xd (size before relaxing)
 *fill*         0x020138ed        0x3 ff
 .rodata.default_fontTiles
                0x020138f0      0x300 C:/msys64/opt/wonderful/thirdparty/blocksds/core/libs/libnds/lib\libnds9.a(default_font.png.o)
                0x020138f0                default_fontTiles
 .rodata.__sassert.str1.4
                0x02013bf0        0x0 C:/msys64/opt/wonderful/thirdparty/blocksds/core/libs/libnds/lib\libnds9.a(sassert.c.o)
                                 0x73 (size before relaxing)
 .rodata.releaseCrashHandler.str1.4
                0x02013bf0        0x0 C:/msys64/opt/wonderful/thirdparty/blocksds/core/libs/libnds/lib\libnds9.a(exceptions.c.o)
                                 0x33 (size before relaxing)
 .rodata.exceptionStatePrint.str1.4
                0x02013bf0        0x0 C:/msys64/opt/wonderful/thirdparty/blocksds/core/libs/libnds/lib\libnds9.a(exceptions.c.o)
                                 0x58 (size before relaxing)
 .rodata.str1.4
                0x02013bf0        0x0 C:/msys64/opt/wonderful/thirdparty/blocksds/core/libs/libnds/lib\libnds9.a(exceptions.c.o)
                                 0x40 (size before relaxing)
 .rodata.TAN_LUT
                0x02013bf0      0x204 C:/msys64/opt/wonderful/thirdparty/blocksds/core/libs/libnds/lib\libnds9.a(trig.c.o)
                0x02013bf0                TAN_LUT
 .rodata.SIN_LUT
                0x02013df4      0x102 C:/msys64/opt/wonderful/thirdparty/blocksds/core/libs/libnds/lib\libnds9.a(trig.c.o)
                0x02013df4                SIN_LUT
 .rodata.str1.1
                0x02013ef6       0x72 C:/msys64/opt/wonderful/toolchain/gcc-arm-none-eabi/lib/gcc/arm-none-eabi/15.2.1/../../../../arm-none-eabi/lib/thumb/arm946e-s\libc.a(libc_tinystdio_vfprintf.c.o)
                                  0xf (size before relaxing)
 .rodata.str1.1
                0x02013f68        0x0 C:/msys64/opt/wonderful/toolchain/gcc-arm-none-eabi/lib/gcc/arm-none-eabi/15.2.1/../../../../arm-none-eabi/lib/thumb/arm946e-s\libc.a(libc_tinystdio_vfscanf.c.o)
                                 0x15 (size before relaxing)
 .rodata.CSWTCH.42
                0x02013f68        0xc C:/msys64/opt/wonderful/thirdparty/blocksds/core/libs/libnds/lib\libnds9.a(filesystem.c.o)
 .rodata.nitrofs_use_for_path.str1.4
                0x02013f74        0x0 C:/msys64/opt/wonderful/thirdparty/blocksds/core/libs/libnds/lib\libnds9.a(nitrofs.c.o)
                                  0xc (size before relaxing)
 .rodata.follow_path.str1.4
                0x02013f74        0x0 C:/msys64/opt/wonderful/thirdparty/blocksds/core/libs/libnds/lib\libnds9.a(ff.c.o)
                                 0x13 (size before relaxing)
 .rodata.check_fs.str1.4
                0x02013f74        0x0 C:/msys64/opt/wonderful/thirdparty/blocksds/core/libs/libnds/lib\libnds9.a(ff.c.o)
                                  0x9 (size before relaxing)
 .rodata.ExCvt  0x02013f74       0x80 C:/msys64/opt/wonderful/thirdparty/blocksds/core/libs/libnds/lib\libnds9.a(ff.c.o)
 .rodata.LfnOfs
                0x02013ff4        0xd C:/msys64/opt/wonderful/thirdparty/blocksds/core/libs/libnds/lib\libnds9.a(ff.c.o)
 .rodata.str1.4
                0x02014001        0x0 C:/msys64/opt/wonderful/thirdparty/blocksds/core/libs/libnds/lib\libnds9.a(ff.c.o)
                                 0x16 (size before relaxing)
 *fill*         0x02014001        0x3 ff
 .rodata.VolumeStr
                0x02014004       0x10 C:/msys64/opt/wonderful/thirdparty/blocksds/core/libs/libnds/lib\libnds9.a(ff.c.o)
 .rodata.ff_wtoupper
                0x02014014       0x24 C:/msys64/opt/wonderful/thirdparty/blocksds/core/libs/libnds/lib\libnds9.a(ffunicode.c.o)
 .rodata.cvt2.0
                0x02014038       0xbc C:/msys64/opt/wonderful/thirdparty/blocksds/core/libs/libnds/lib\libnds9.a(ffunicode.c.o)
 .rodata.cvt1.1
                0x020140f4      0x1f2 C:/msys64/opt/wonderful/thirdparty/blocksds/core/libs/libnds/lib\libnds9.a(ffunicode.c.o)
 *fill*         0x020142e6        0x2 ff
 .rodata.uc437  0x020142e8      0x100 C:/msys64/opt/wonderful/thirdparty/blocksds/core/libs/libnds/lib\libnds9.a(ffunicode.c.o)
 .rodata.str1.1
                0x020143e8        0x0 C:/msys64/opt/wonderful/toolchain/gcc-arm-none-eabi/lib/gcc/arm-none-eabi/15.2.1/../../../../arm-none-eabi/lib/thumb/arm946e-s\libc.a(libc_time_tzset.c.o)
                                 0x61 (size before relaxing)
 .rodata.str1.1
                0x020143e8        0x0 C:/msys64/opt/wonderful/toolchain/gcc-arm-none-eabi/lib/gcc/arm-none-eabi/15.2.1/../../../../arm-none-eabi/lib/thumb/arm946e-s\libc.a(libc_time_tzvars.c.o)
                                  0x4 (size before relaxing)
 *(EXCLUDE_FILE(*.twl*) .gnu.linkonce.r*)
                0x020143e8                        . = ALIGN (0x4)

.ARM.extab
 *(.ARM.extab* .gnu.linkonce.armextab.*)
                0x020143e8                        __exidx_start = .

ARM.exidx       0x020143e8        0x8
 *(.ARM.exidx* .gnu.linkonce.armexidx.*)
 .ARM.exidx     0x020143e8        0x8 C:/msys64/opt/wonderful/toolchain/gcc-arm-none-eabi/lib/gcc/arm-none-eabi/15.2.1/thumb/arm946e-s\libgcc.a(_udivmoddi4.o)
                0x020143f0                        __exidx_end = .
                0x020143f0                        . = ALIGN (0x4)

.init_array     0x020143f0        0x0
                [!provide]                        PROVIDE (__preinit_array_start = .)
                0x020143f0                        PROVIDE (__bothinit_array_start = .)
 *(.preinit_array)
                [!provide]                        PROVIDE (__preinit_array_end = .)
                [!provide]                        PROVIDE (__init_array_start = .)
 *(SORT_BY_INIT_PRIORITY(.init_array.*) SORT_BY_INIT_PRIORITY(.ctors.*))
 *(.init_array EXCLUDE_FILE(*crtend?.o *crtend.o *crtbegin?.o *crtbegin.o) .ctors)
                [!provide]                        PROVIDE (__init_array_end = .)
                0x020143f0                        PROVIDE (__bothinit_array_end = .)

.fini_array     0x020143f0        0x0
                0x020143f0                        PROVIDE (__fini_array_start = .)
 *(SORT_BY_INIT_PRIORITY(.fini_array.*) SORT_BY_INIT_PRIORITY(.dtors.*))
 *(.fini_array EXCLUDE_FILE(*crtend?.o *crtend.o *crtbegin?.o *crtbegin.o) .dtors)
 *(.fini_array*)
                0x020143f0                        PROVIDE (__fini_array_end = .)

.ctors          0x020143f0        0x0
 *crtbegin.o(.ctors)
 *crtbegin?.o(.ctors)
 *(EXCLUDE_FILE(*crtend?.o *crtend.o) .ctors)
 *(SORT_BY_NAME(.ctors.*))
 *(.ctors)
                0x020143f0                        . = ALIGN (0x4)

.dtors          0x020143f0        0x0
 *crtbegin.o(.dtors)
 *crtbegin?.o(.dtors)
 *(EXCLUDE_FILE(*crtend?.o *crtend.o) .dtors)
 *(SORT_BY_NAME(.dtors.*))
 *(.dtors)
                0x020143f0                        . = ALIGN (0x4)

.eh_frame       0x020143f0        0x4
 *(.eh_frame)
 .eh_frame      0x020143f0        0x4 C:/msys64/opt/wonderful/toolchain/gcc-arm-none-eabi/lib/gcc/arm-none-eabi/15.2.1/thumb/arm946e-s/crtend.o
                0x020143f4                        . = ALIGN (0x4)

.rel.dyn        0x020143f4        0x0
 .rel.iplt      0x020143f4        0x0 C:/msys64/opt/wonderful/thirdparty/blocksds/core/sys/crts/ds_arm9_crt0.o

.gcc_except_table
                0x020143f4        0x0
 *(.gcc_except_table .gcc_except_table.*)
                0x020143f4                        . = ALIGN (0x4)

.got            0x020143f4       0x10
 *(.got.plt)
 .got.plt       0x020143f4        0xc C:/msys64/opt/wonderful/thirdparty/blocksds/core/sys/crts/ds_arm9_crt0.o
                0x020143f4                _GLOBAL_OFFSET_TABLE_
 *(.got)
 .got           0x02014400        0x4 C:/msys64/opt/wonderful/thirdparty/blocksds/core/sys/crts/ds_arm9_crt0.o
 *(.rel.got)
 .rel.got       0x02014404        0x0 C:/msys64/opt/wonderful/thirdparty/blocksds/core/sys/crts/ds_arm9_crt0.o

.ewram          0x02014404        0x0
                0x02014404                        __ewram_start = ABSOLUTE (.)
 *(.ewram)
 *ewram.*(.text)
                0x02014404                        . = ALIGN (0x4)

.data           0x02014404      0x61c
                0x02014404                        __data_start = ABSOLUTE (.)
 *(EXCLUDE_FILE(*.twl*) .data)
 .data          0x02014404       0x28 C:/msys64/opt/wonderful/thirdparty/blocksds/core/libs/libnds/lib\libnds9.a(mpu_setup.s.o)
 .data          0x0201442c      0x410 C:/msys64/opt/wonderful/toolchain/gcc-arm-none-eabi/lib/gcc/arm-none-eabi/15.2.1/../../../../arm-none-eabi/lib/thumb/arm946e-s\libc.a(malloc-malloc.c.o)
                0x0201442c                __malloc_sbrk_base
                0x02014430                __malloc_trim_threshold
                0x02014434                __malloc_av_
 .data          0x0201483c        0x8 C:/msys64/opt/wonderful/toolchain/gcc-arm-none-eabi/lib/gcc/arm-none-eabi/15.2.1/../../../../arm-none-eabi/lib/thumb/arm946e-s\libc.a(libc_time_tzvars.c.o)
                0x0201483c                tzname
 .data          0x02014844        0x4 C:/msys64/opt/wonderful/toolchain/gcc-arm-none-eabi/lib/gcc/arm-none-eabi/15.2.1/../../../../arm-none-eabi/lib/thumb/arm946e-s\libc.a(libc_stdlib_environ.c.o)
                0x02014844                environ
 *(EXCLUDE_FILE(*.twl*) .data.*)
 .data.cube     0x02014848      0x12c build/DStimer/source/main.c.o
                0x02014848                cube
 .data.CurrentCube
                0x02014974        0x1 build/DStimer/source/main.c.o
                0x02014974                CurrentCube
 *fill*         0x02014975        0x3 ff
 .data.cubePaths
                0x02014978       0x14 build/DStimer/source/main.c.o
                0x02014978                cubePaths
 .data.firstConsoleInit.0
                0x0201498c        0x1 C:/msys64/opt/wonderful/thirdparty/blocksds/core/libs/libnds/lib\libnds9.a(console.c.o)
 *fill*         0x0201498d        0x3 ff
 .data.currentConsole
                0x02014990        0x4 C:/msys64/opt/wonderful/thirdparty/blocksds/core/libs/libnds/lib\libnds9.a(console.c.o)
 .data.__stderr
                0x02014994       0x10 C:/msys64/opt/wonderful/thirdparty/blocksds/core/libs/libnds/lib\libnds9.a(iob.c.o)
 .data.__stdout
                0x020149a4       0x10 C:/msys64/opt/wonderful/thirdparty/blocksds/core/libs/libnds/lib\libnds9.a(iob.c.o)
 .data.__stdin  0x020149b4       0x10 C:/msys64/opt/wonderful/thirdparty/blocksds/core/libs/libnds/lib\libnds9.a(iob.c.o)
 .data.count    0x020149c4        0x1 C:/msys64/opt/wonderful/thirdparty/blocksds/core/libs/libnds/lib\libnds9.a(keys.c.o)
 .data.repeat   0x020149c5        0x1 C:/msys64/opt/wonderful/thirdparty/blocksds/core/libs/libnds/lib\libnds9.a(keys.c.o)
 .data.delay    0x020149c6        0x1 C:/msys64/opt/wonderful/thirdparty/blocksds/core/libs/libnds/lib\libnds9.a(keys.c.o)
 *fill*         0x020149c7        0x1 ff
 .data.latchedArm7Buttons
                0x020149c8        0x2 C:/msys64/opt/wonderful/thirdparty/blocksds/core/libs/libnds/lib\libnds9.a(keys.c.o)
 .data.receivedArm7Buttons
                0x020149ca        0x2 C:/msys64/opt/wonderful/thirdparty/blocksds/core/libs/libnds/lib\libnds9.a(keys.c.o)
 .data.oamSub   0x020149cc       0x14 C:/msys64/opt/wonderful/thirdparty/blocksds/core/libs/libnds/lib\libnds9.a(sprite.c.o)
                0x020149cc                oamSub
 .data.oamMain  0x020149e0       0x14 C:/msys64/opt/wonderful/thirdparty/blocksds/core/libs/libnds/lib\libnds9.a(sprite.c.o)
                0x020149e0                oamMain
 .data.lastKey  0x020149f4        0x2 C:/msys64/opt/wonderful/thirdparty/blocksds/core/libs/libnds/lib\libnds9.a(keyboard.c.o)